<html>
<body>
<pre>
<h1>µVision Build Log</h1>
<h2>Tool Versions:</h2>
IDE-Version: ¦ÌVision V5.26.2.0
Copyright (C) 2018 ARM Ltd and ARM Germany GmbH. All rights reserved.
License Information: ZHL Underdo, HP Inc., LIC=EXJT4-FCA45-12HLE-5T3HV-GG99I-5X75T
 
Tool Versions:
Toolchain:       MDK-ARM Plus  Version: 5.26.2.0
Toolchain Path:  D:\KEIL MDK\ARM\ARMCC\Bin
C Compiler:      Armcc.exe V5.06 update 6 (build 750)
Assembler:       Armasm.exe V5.06 update 6 (build 750)
Linker/Locator:  ArmLink.exe V5.06 update 6 (build 750)
Library Manager: ArmAr.exe V5.06 update 6 (build 750)
Hex Converter:   FromElf.exe V5.06 update 6 (build 750)
CPU DLL:         SARMCM3.DLL V5.26.2.0
Dialog DLL:      DCM.DLL V1.17.2.0
Target DLL:      CMSIS_AGDI.dll V1.30.6.0
Dialog DLL:      TCM.DLL V1.36.1.0
 
<h2>Project:</h2>
C:\Users\Underdog_ZHL\Desktop\Project\carpro\Car_Control_System_Pro_IAP\USER\GD32F303_demo.uvprojx
Project File Date:  12/21/2022

<h2>Output:</h2>
*** Using Compiler 'V5.06 update 6 (build 750)', folder: 'D:\KEIL MDK\ARM\ARMCC\Bin'
Build target 'Target 1'
compiling ws2812_drv.c...
compiling Flash_drv.c...
..\Hardware_drv\Source\Flash_drv.c(43): warning:  #223-D: function "delay_us" declared implicitly
  				delay_us(100);
..\Hardware_drv\Source\Flash_drv.c(61): warning:  #1-D: last line of file ends without a newline
  }
..\Hardware_drv\Source\Flash_drv.c: 2 warnings, 0 errors
compiling EXTI_drv.c...
..\Hardware_drv\Include\EXTI_drv.h(7): warning:  #1295-D: Deprecated declaration EXTI_Init - give arg types
  void EXTI_Init();
..\Hardware_drv\Source\EXTI_drv.c: 1 warning, 0 errors
compiling usart_drv.c...
compiling gpio_drv.c...
linking...
Program Size: Code=11292 RO-data=336 RW-data=68 ZI-data=4900  
FromELF: creating hex file...
".\Objects\GD32F303_demo.axf" - 0 Error(s), 3 Warning(s).

<h2>Software Packages used:</h2>

Package Vendor: GigaDevice
                http://gd32mcu.com/data/documents/pack/GigaDevice.GD32F30x_DFP.2.0.0.pack
                GigaDevice.GD32F30x_DFP.2.0.0
                GigaDevice GD32F30x Series Device Support and Examples

<h2>Collection of Component include folders:</h2>
  .\RTE\_Target_1
  D:\KEIL MDK\ARM\PACK\GigaDevice\GD32F30x_DFP\2.0.0\Device\Include

<h2>Collection of Component Files used:</h2>
Build Time Elapsed:  00:00:01
</pre>
</body>
</html>
