Archive member included to satisfy reference by file (symbol)

c:/progra~2/gnuarm~1/102021~1.10/bin/../lib/gcc/arm-none-eabi/10.3.1/../../../../arm-none-eabi/lib/thumb/v7e-m+fp/hard\libm.a(lib_a-s_atan.o)
                              CMakeFiles/GD32F303.elf.dir/Software/Source/Solution_System.c.obj (atan)
c:/progra~2/gnuarm~1/102021~1.10/bin/../lib/gcc/arm-none-eabi/10.3.1/../../../../arm-none-eabi/lib/thumb/v7e-m+fp/hard\libm.a(lib_a-s_fabs.o)
                              c:/progra~2/gnuarm~1/102021~1.10/bin/../lib/gcc/arm-none-eabi/10.3.1/../../../../arm-none-eabi/lib/thumb/v7e-m+fp/hard\libm.a(lib_a-s_atan.o) (fabs)
c:/progra~2/gnuarm~1/102021~1.10/bin/../lib/gcc/arm-none-eabi/10.3.1/../../../../arm-none-eabi/lib/thumb/v7e-m+fp/hard\libm.a(lib_a-sf_cos.o)
                              CMakeFiles/GD32F303.elf.dir/Software/Source/Solution_System.c.obj (cosf)
c:/progra~2/gnuarm~1/102021~1.10/bin/../lib/gcc/arm-none-eabi/10.3.1/../../../../arm-none-eabi/lib/thumb/v7e-m+fp/hard\libm.a(lib_a-sf_sin.o)
                              CMakeFiles/GD32F303.elf.dir/Software/Source/Solution_System.c.obj (sinf)
c:/progra~2/gnuarm~1/102021~1.10/bin/../lib/gcc/arm-none-eabi/10.3.1/../../../../arm-none-eabi/lib/thumb/v7e-m+fp/hard\libm.a(lib_a-w_asin.o)
                              CMakeFiles/GD32F303.elf.dir/Software/Source/Solution_System.c.obj (asin)
c:/progra~2/gnuarm~1/102021~1.10/bin/../lib/gcc/arm-none-eabi/10.3.1/../../../../arm-none-eabi/lib/thumb/v7e-m+fp/hard\libm.a(lib_a-wf_sqrt.o)
                              CMakeFiles/GD32F303.elf.dir/Software/Source/Execute_System.c.obj (sqrtf)
c:/progra~2/gnuarm~1/102021~1.10/bin/../lib/gcc/arm-none-eabi/10.3.1/../../../../arm-none-eabi/lib/thumb/v7e-m+fp/hard\libm.a(lib_a-e_asin.o)
                              c:/progra~2/gnuarm~1/102021~1.10/bin/../lib/gcc/arm-none-eabi/10.3.1/../../../../arm-none-eabi/lib/thumb/v7e-m+fp/hard\libm.a(lib_a-w_asin.o) (__ieee754_asin)
c:/progra~2/gnuarm~1/102021~1.10/bin/../lib/gcc/arm-none-eabi/10.3.1/../../../../arm-none-eabi/lib/thumb/v7e-m+fp/hard\libm.a(lib_a-e_sqrt.o)
                              c:/progra~2/gnuarm~1/102021~1.10/bin/../lib/gcc/arm-none-eabi/10.3.1/../../../../arm-none-eabi/lib/thumb/v7e-m+fp/hard\libm.a(lib_a-e_asin.o) (__ieee754_sqrt)
c:/progra~2/gnuarm~1/102021~1.10/bin/../lib/gcc/arm-none-eabi/10.3.1/../../../../arm-none-eabi/lib/thumb/v7e-m+fp/hard\libm.a(lib_a-ef_rem_pio2.o)
                              c:/progra~2/gnuarm~1/102021~1.10/bin/../lib/gcc/arm-none-eabi/10.3.1/../../../../arm-none-eabi/lib/thumb/v7e-m+fp/hard\libm.a(lib_a-sf_cos.o) (__ieee754_rem_pio2f)
c:/progra~2/gnuarm~1/102021~1.10/bin/../lib/gcc/arm-none-eabi/10.3.1/../../../../arm-none-eabi/lib/thumb/v7e-m+fp/hard\libm.a(lib_a-ef_sqrt.o)
                              c:/progra~2/gnuarm~1/102021~1.10/bin/../lib/gcc/arm-none-eabi/10.3.1/../../../../arm-none-eabi/lib/thumb/v7e-m+fp/hard\libm.a(lib_a-wf_sqrt.o) (__ieee754_sqrtf)
c:/progra~2/gnuarm~1/102021~1.10/bin/../lib/gcc/arm-none-eabi/10.3.1/../../../../arm-none-eabi/lib/thumb/v7e-m+fp/hard\libm.a(lib_a-kf_cos.o)
                              c:/progra~2/gnuarm~1/102021~1.10/bin/../lib/gcc/arm-none-eabi/10.3.1/../../../../arm-none-eabi/lib/thumb/v7e-m+fp/hard\libm.a(lib_a-sf_cos.o) (__kernel_cosf)
c:/progra~2/gnuarm~1/102021~1.10/bin/../lib/gcc/arm-none-eabi/10.3.1/../../../../arm-none-eabi/lib/thumb/v7e-m+fp/hard\libm.a(lib_a-kf_rem_pio2.o)
                              c:/progra~2/gnuarm~1/102021~1.10/bin/../lib/gcc/arm-none-eabi/10.3.1/../../../../arm-none-eabi/lib/thumb/v7e-m+fp/hard\libm.a(lib_a-ef_rem_pio2.o) (__kernel_rem_pio2f)
c:/progra~2/gnuarm~1/102021~1.10/bin/../lib/gcc/arm-none-eabi/10.3.1/../../../../arm-none-eabi/lib/thumb/v7e-m+fp/hard\libm.a(lib_a-kf_sin.o)
                              c:/progra~2/gnuarm~1/102021~1.10/bin/../lib/gcc/arm-none-eabi/10.3.1/../../../../arm-none-eabi/lib/thumb/v7e-m+fp/hard\libm.a(lib_a-sf_cos.o) (__kernel_sinf)
c:/progra~2/gnuarm~1/102021~1.10/bin/../lib/gcc/arm-none-eabi/10.3.1/../../../../arm-none-eabi/lib/thumb/v7e-m+fp/hard\libm.a(lib_a-s_nan.o)
                              c:/progra~2/gnuarm~1/102021~1.10/bin/../lib/gcc/arm-none-eabi/10.3.1/../../../../arm-none-eabi/lib/thumb/v7e-m+fp/hard\libm.a(lib_a-w_asin.o) (nan)
c:/progra~2/gnuarm~1/102021~1.10/bin/../lib/gcc/arm-none-eabi/10.3.1/../../../../arm-none-eabi/lib/thumb/v7e-m+fp/hard\libm.a(lib_a-sf_fabs.o)
                              c:/progra~2/gnuarm~1/102021~1.10/bin/../lib/gcc/arm-none-eabi/10.3.1/../../../../arm-none-eabi/lib/thumb/v7e-m+fp/hard\libm.a(lib_a-ef_rem_pio2.o) (fabsf)
c:/progra~2/gnuarm~1/102021~1.10/bin/../lib/gcc/arm-none-eabi/10.3.1/../../../../arm-none-eabi/lib/thumb/v7e-m+fp/hard\libm.a(lib_a-sf_floor.o)
                              c:/progra~2/gnuarm~1/102021~1.10/bin/../lib/gcc/arm-none-eabi/10.3.1/../../../../arm-none-eabi/lib/thumb/v7e-m+fp/hard\libm.a(lib_a-kf_rem_pio2.o) (floorf)
[...]
Memory Configuration

Name             Origin             Length             Attributes
FLASH            0x08007800         0x00040000         xr
RAM              0x20000000         0x0000c000         xrw
CCMRAM           0x10000000         0x00002000         rw
*default*        0x00000000         0xffffffff

Linker script and memory map

LOAD c:/progra~2/gnuarm~1/102021~1.10/bin/../lib/gcc/arm-none-eabi/10.3.1/thumb/v7e-m+fp/hard/crti.o
LOAD c:/progra~2/gnuarm~1/102021~1.10/bin/../lib/gcc/arm-none-eabi/10.3.1/thumb/v7e-m+fp/hard/crtbegin.o
LOAD c:/progra~2/gnuarm~1/102021~1.10/bin/../lib/gcc/arm-none-eabi/10.3.1/../../../../arm-none-eabi/lib/thumb/v7e-m+fp/hard/crt0.o
LOAD CMakeFiles/GD32F303.elf.dir/FreeRTOS/Source/CMSIS_RTOS_V2/cmsis_os2.c.obj
LOAD CMakeFiles/GD32F303.elf.dir/FreeRTOS/Source/croutine.c.obj
LOAD CMakeFiles/GD32F303.elf.dir/FreeRTOS/Source/event_groups.c.obj
LOAD CMakeFiles/GD32F303.elf.dir/FreeRTOS/Source/list.c.obj
LOAD CMakeFiles/GD32F303.elf.dir/FreeRTOS/Source/portable/GCC/ARM_CM4F/port.c.obj
LOAD CMakeFiles/GD32F303.elf.dir/FreeRTOS/Source/portable/MemMang/heap_4.c.obj
LOAD CMakeFiles/GD32F303.elf.dir/FreeRTOS/Source/queue.c.obj
LOAD CMakeFiles/GD32F303.elf.dir/FreeRTOS/Source/stream_buffer.c.obj
LOAD CMakeFiles/GD32F303.elf.dir/FreeRTOS/Source/tasks.c.obj
LOAD CMakeFiles/GD32F303.elf.dir/FreeRTOS/Source/timers.c.obj
LOAD CMakeFiles/GD32F303.elf.dir/GD32F30x_standard_peripheral/Source/gd32f30x_adc.c.obj
LOAD CMakeFiles/GD32F303.elf.dir/GD32F30x_standard_peripheral/Source/gd32f30x_bkp.c.obj
LOAD CMakeFiles/GD32F303.elf.dir/GD32F30x_standard_peripheral/Source/gd32f30x_can.c.obj
LOAD CMakeFiles/GD32F303.elf.dir/GD32F30x_standard_peripheral/Source/gd32f30x_crc.c.obj
LOAD CMakeFiles/GD32F303.elf.dir/GD32F30x_standard_peripheral/Source/gd32f30x_ctc.c.obj
LOAD CMakeFiles/GD32F303.elf.dir/GD32F30x_standard_peripheral/Source/gd32f30x_dac.c.obj
LOAD CMakeFiles/GD32F303.elf.dir/GD32F30x_standard_peripheral/Source/gd32f30x_dbg.c.obj
LOAD CMakeFiles/GD32F303.elf.dir/GD32F30x_standard_peripheral/Source/gd32f30x_dma.c.obj
LOAD CMakeFiles/GD32F303.elf.dir/GD32F30x_standard_peripheral/Source/gd32f30x_enet.c.obj
LOAD CMakeFiles/GD32F303.elf.dir/GD32F30x_standard_peripheral/Source/gd32f30x_exmc.c.obj
LOAD CMakeFiles/GD32F303.elf.dir/GD32F30x_standard_peripheral/Source/gd32f30x_exti.c.obj
LOAD CMakeFiles/GD32F303.elf.dir/GD32F30x_standard_peripheral/Source/gd32f30x_fmc.c.obj
LOAD CMakeFiles/GD32F303.elf.dir/GD32F30x_standard_peripheral/Source/gd32f30x_fwdgt.c.obj
LOAD CMakeFiles/GD32F303.elf.dir/GD32F30x_standard_peripheral/Source/gd32f30x_gpio.c.obj
LOAD CMakeFiles/GD32F303.elf.dir/GD32F30x_standard_peripheral/Source/gd32f30x_i2c.c.obj
LOAD CMakeFiles/GD32F303.elf.dir/GD32F30x_standard_peripheral/Source/gd32f30x_misc.c.obj
LOAD CMakeFiles/GD32F303.elf.dir/GD32F30x_standard_peripheral/Source/gd32f30x_pmu.c.obj
LOAD CMakeFiles/GD32F303.elf.dir/GD32F30x_standard_peripheral/Source/gd32f30x_rcu.c.obj
LOAD CMakeFiles/GD32F303.elf.dir/GD32F30x_standard_peripheral/Source/gd32f30x_rtc.c.obj
LOAD CMakeFiles/GD32F303.elf.dir/GD32F30x_standard_peripheral/Source/gd32f30x_sdio.c.obj
LOAD CMakeFiles/GD32F303.elf.dir/GD32F30x_standard_peripheral/Source/gd32f30x_spi.c.obj
LOAD CMakeFiles/GD32F303.elf.dir/GD32F30x_standard_peripheral/Source/gd32f30x_timer.c.obj
LOAD CMakeFiles/GD32F303.elf.dir/GD32F30x_standard_peripheral/Source/gd32f30x_usart.c.obj
LOAD CMakeFiles/GD32F303.elf.dir/GD32F30x_standard_peripheral/Source/gd32f30x_wwdgt.c.obj
LOAD CMakeFiles/GD32F303.elf.dir/Hardware_drv/Source/EXTI_drv.c.obj
LOAD CMakeFiles/GD32F303.elf.dir/Hardware_drv/Source/Encoder_drv.c.obj
LOAD CMakeFiles/GD32F303.elf.dir/Hardware_drv/Source/Flash_drv.c.obj
LOAD CMakeFiles/GD32F303.elf.dir/Hardware_drv/Source/I2C_drv.c.obj
LOAD CMakeFiles/GD32F303.elf.dir/Hardware_drv/Source/adc_drv.c.obj
LOAD CMakeFiles/GD32F303.elf.dir/Hardware_drv/Source/gpio_drv.c.obj
LOAD CMakeFiles/GD32F303.elf.dir/Hardware_drv/Source/pwm_drv.c.obj
LOAD CMakeFiles/GD32F303.elf.dir/Hardware_drv/Source/timer_drv.c.obj
LOAD CMakeFiles/GD32F303.elf.dir/Hardware_drv/Source/usart_drv.c.obj
LOAD CMakeFiles/GD32F303.elf.dir/Hardware_drv/Source/ws2812_drv.c.obj
LOAD CMakeFiles/GD32F303.elf.dir/Software/Source/ANO_TC.c.obj
LOAD CMakeFiles/GD32F303.elf.dir/Software/Source/BUZZER.c.obj
LOAD CMakeFiles/GD32F303.elf.dir/Software/Source/Button.c.obj
LOAD CMakeFiles/GD32F303.elf.dir/Software/Source/Central_Control_System.c.obj
LOAD CMakeFiles/GD32F303.elf.dir/Software/Source/Control_System.c.obj
LOAD CMakeFiles/GD32F303.elf.dir/Software/Source/Digital_Signature.c.obj
LOAD CMakeFiles/GD32F303.elf.dir/Software/Source/EEPROM.c.obj
LOAD CMakeFiles/GD32F303.elf.dir/Software/Source/Execute_System.c.obj
LOAD CMakeFiles/GD32F303.elf.dir/Software/Source/Filter.c.obj
LOAD CMakeFiles/GD32F303.elf.dir/Software/Source/IMU.c.obj
LOAD CMakeFiles/GD32F303.elf.dir/Software/Source/Manual_Control.c.obj
LOAD CMakeFiles/GD32F303.elf.dir/Software/Source/Motor_Control.c.obj
LOAD CMakeFiles/GD32F303.elf.dir/Software/Source/My_Math.c.obj
LOAD CMakeFiles/GD32F303.elf.dir/Software/Source/PID.c.obj
LOAD CMakeFiles/GD32F303.elf.dir/Software/Source/Parameter_Loading.c.obj
LOAD CMakeFiles/GD32F303.elf.dir/Software/Source/Recive_Device.c.obj
LOAD CMakeFiles/GD32F303.elf.dir/Software/Source/RingBuffer.c.obj
LOAD CMakeFiles/GD32F303.elf.dir/Software/Source/Servo.c.obj
LOAD CMakeFiles/GD32F303.elf.dir/Software/Source/Software_I2C.c.obj
LOAD CMakeFiles/GD32F303.elf.dir/Software/Source/Solution_System.c.obj
LOAD CMakeFiles/GD32F303.elf.dir/Software/Source/System_time.c.obj
LOAD CMakeFiles/GD32F303.elf.dir/Software/Source/UDPI_Connect.c.obj
LOAD CMakeFiles/GD32F303.elf.dir/Startup/gd32f30x_it.c.obj
LOAD CMakeFiles/GD32F303.elf.dir/Startup/system_gd32f30x.c.obj
LOAD CMakeFiles/GD32F303.elf.dir/USER/main.c.obj
LOAD CMakeFiles/GD32F303.elf.dir/startup_gd32f30x_hd.s.obj
LOAD c:/progra~2/gnuarm~1/102021~1.10/bin/../lib/gcc/arm-none-eabi/10.3.1/../../../../arm-none-eabi/lib/thumb/v7e-m+fp/hard\libm.a
LOAD C:\Users\Underdog_ZHL\Desktop\Project\carpro\CAR\Startup\libarm_cortexM4lf_math.a
START GROUP
LOAD c:/progra~2/gnuarm~1/102021~1.10/bin/../lib/gcc/arm-none-eabi/10.3.1/thumb/v7e-m+fp/hard\libgcc.a
LOAD c:/progra~2/gnuarm~1/102021~1.10/bin/../lib/gcc/arm-none-eabi/10.3.1/../../../../arm-none-eabi/lib/thumb/v7e-m+fp/hard\libg.a
LOAD c:/progra~2/gnuarm~1/102021~1.10/bin/../lib/gcc/arm-none-eabi/10.3.1/../../../../arm-none-eabi/lib/thumb/v7e-m+fp/hard\libc.a
END GROUP
LOAD c:/progra~2/gnuarm~1/102021~1.10/bin/../lib/gcc/arm-none-eabi/10.3.1/thumb/v7e-m+fp/hard/crtend.o
LOAD c:/progra~2/gnuarm~1/102021~1.10/bin/../lib/gcc/arm-none-eabi/10.3.1/thumb/v7e-m+fp/hard/crtn.o
                0x20009fff                _estack = 0x20009fff
                0x00000000                _Min_Heap_Size = 0x0
                0x00006000                _Min_Stack_Size = 0x6000

.isr_vector     0x08007800      0x130
                0x08007800                . = ALIGN (0x4)
 *(.isr_vector)
 .isr_vector    0x08007800      0x130 CMakeFiles/GD32F303.elf.dir/startup_gd32f30x_hd.s.obj
                0x08007800                g_pfnVectors
                0x08007930                . = ALIGN (0x4)

.text           0x08007930     0x8498
                0x08007930                . = ALIGN (0x4)
 *(.text)
 .text          0x08007930       0x40 c:/progra~2/gnuarm~1/102021~1.10/bin/../lib/gcc/arm-none-eabi/10.3.1/thumb/v7e-m+fp/hard/crtbegin.o
 .text          0x08007970      0x134 c:/progra~2/gnuarm~1/102021~1.10/bin/../lib/gcc/arm-none-eabi/10.3.1/../../../../arm-none-eabi/lib/thumb/v7e-m+fp/hard\libg.a(lib_a-memcpy.o)
                0x08007970                memcpy
 *(.text*)
 .text.vApplicationGetIdleTaskMemory
                0x08007aa4       0x18 CMakeFiles/GD32F303.elf.dir/FreeRTOS/Source/CMSIS_RTOS_V2/cmsis_os2.c.obj
                0x08007aa4                vApplicationGetIdleTaskMemory
 .text.vApplicationGetTimerTaskMemory
                0x08007abc       0x18 CMakeFiles/GD32F303.elf.dir/FreeRTOS/Source/CMSIS_RTOS_V2/cmsis_os2.c.obj
                0x08007abc                vApplicationGetTimerTaskMemory
 .text.vListInitialise
                0x08007ad4       0x16 CMakeFiles/GD32F303.elf.dir/FreeRTOS/Source/list.c.obj
                0x08007ad4                vListInitialise
 .text.vListInitialiseItem
                0x08007aea        0x6 CMakeFiles/GD32F303.elf.dir/FreeRTOS/Source/list.c.obj
                0x08007aea                vListInitialiseItem
 .text.vListInsertEnd
                0x08007af0       0x16 CMakeFiles/GD32F303.elf.dir/FreeRTOS/Source/list.c.obj
                0x08007af0                vListInsertEnd
 .text.vListInsert
                0x08007b06       0x32 CMakeFiles/GD32F303.elf.dir/FreeRTOS/Source/list.c.obj
                0x08007b06                vListInsert
 .text.uxListRemove
                0x08007b38       0x26 CMakeFiles/GD32F303.elf.dir/FreeRTOS/Source/list.c.obj
                0x08007b38                uxListRemove
 *fill*         0x08007b5e        0x2 
 .text.prvTaskExitError
                0x08007b60       0x40 CMakeFiles/GD32F303.elf.dir/FreeRTOS/Source/portable/GCC/ARM_CM4F/port.c.obj
 .text.prvPortStartFirstTask
                0x08007ba0       0x28 CMakeFiles/GD32F303.elf.dir/FreeRTOS/Source/portable/GCC/ARM_CM4F/port.c.obj
 .text.vPortEnableVFP
                0x08007bc8       0x14 CMakeFiles/GD32F303.elf.dir/FreeRTOS/Source/portable/GCC/ARM_CM4F/port.c.obj
 .text.pxPortInitialiseStack
                0x08007bdc       0x2c CMakeFiles/GD32F303.elf.dir/FreeRTOS/Source/portable/GCC/ARM_CM4F/port.c.obj
                0x08007bdc                pxPortInitialiseStack
 *fill*         0x08007c08        0x8 
 .text.SVC_Handler
                0x08007c10       0x24 CMakeFiles/GD32F303.elf.dir/FreeRTOS/Source/portable/GCC/ARM_CM4F/port.c.obj
                0x08007c10                SVC_Handler
 .text.vPortEnterCritical
                0x08007c34       0x44 CMakeFiles/GD32F303.elf.dir/FreeRTOS/Source/portable/GCC/ARM_CM4F/port.c.obj
                0x08007c34                vPortEnterCritical
 .text.vPortExitCritical
                0x08007c78       0x2c CMakeFiles/GD32F303.elf.dir/FreeRTOS/Source/portable/GCC/ARM_CM4F/port.c.obj
                0x08007c78                vPortExitCritical
 *fill*         0x08007ca4        0xc 
 .text.PendSV_Handler
                0x08007cb0       0x64 CMakeFiles/GD32F303.elf.dir/FreeRTOS/Source/portable/GCC/ARM_CM4F/port.c.obj
                0x08007cb0                PendSV_Handler
 .text.xPortSysTickHandler
                0x08007d14       0x2c CMakeFiles/GD32F303.elf.dir/FreeRTOS/Source/portable/GCC/ARM_CM4F/port.c.obj
                0x08007d14                xPortSysTickHandler
 .text.vPortSetupTimerInterrupt
                0x08007d40       0x28 CMakeFiles/GD32F303.elf.dir/FreeRTOS/Source/portable/GCC/ARM_CM4F/port.c.obj
                0x08007d40                vPortSetupTimerInterrupt
 .text.xPortStartScheduler
                0x08007d68      0x118 CMakeFiles/GD32F303.elf.dir/FreeRTOS/Source/portable/GCC/ARM_CM4F/port.c.obj
                0x08007d68                xPortStartScheduler
 .text.vPortValidateInterruptPriority
                0x08007e80       0x5c CMakeFiles/GD32F303.elf.dir/FreeRTOS/Source/portable/GCC/ARM_CM4F/port.c.obj
                0x08007e80                vPortValidateInterruptPriority
 .text.prvHeapInit
                0x08007edc       0x64 CMakeFiles/GD32F303.elf.dir/FreeRTOS/Source/portable/MemMang/heap_4.c.obj
 .text.prvInsertBlockIntoFreeList
                0x08007f40       0x64 CMakeFiles/GD32F303.elf.dir/FreeRTOS/Source/portable/MemMang/heap_4.c.obj
 .text.pvPortMalloc
                0x08007fa4       0xf0 CMakeFiles/GD32F303.elf.dir/FreeRTOS/Source/portable/MemMang/heap_4.c.obj
                0x08007fa4                pvPortMalloc
 .text.vPortFree
                0x08008094       0x70 CMakeFiles/GD32F303.elf.dir/FreeRTOS/Source/portable/MemMang/heap_4.c.obj
                0x08008094                vPortFree
 .text.prvGetDisinheritPriorityAfterTimeout
                0x08008104       0x10 CMakeFiles/GD32F303.elf.dir/FreeRTOS/Source/queue.c.obj
 .text.prvIsQueueFull
                0x08008114       0x1e CMakeFiles/GD32F303.elf.dir/FreeRTOS/Source/queue.c.obj
 .text.prvIsQueueEmpty
                0x08008132       0x1a CMakeFiles/GD32F303.elf.dir/FreeRTOS/Source/queue.c.obj
 .text.prvCopyDataToQueue
                0x0800814c       0x76 CMakeFiles/GD32F303.elf.dir/FreeRTOS/Source/queue.c.obj
 .text.prvCopyDataFromQueue
                0x080081c2       0x24 CMakeFiles/GD32F303.elf.dir/FreeRTOS/Source/queue.c.obj
 .text.prvUnlockQueue
                0x080081e6       0x6e CMakeFiles/GD32F303.elf.dir/FreeRTOS/Source/queue.c.obj
 .text.xQueueGenericReset
                0x08008254       0x84 CMakeFiles/GD32F303.elf.dir/FreeRTOS/Source/queue.c.obj
                0x08008254                xQueueGenericReset
 .text.prvInitialiseNewQueue
                0x080082d8       0x22 CMakeFiles/GD32F303.elf.dir/FreeRTOS/Source/queue.c.obj
 .text.xQueueGenericCreateStatic
                0x080082fa       0x92 CMakeFiles/GD32F303.elf.dir/FreeRTOS/Source/queue.c.obj
                0x080082fa                xQueueGenericCreateStatic
 .text.xQueueGenericCreate
                0x0800838c       0x4e CMakeFiles/GD32F303.elf.dir/FreeRTOS/Source/queue.c.obj
                0x0800838c                xQueueGenericCreate
 .text.xQueueGenericSend
                0x080083da      0x188 CMakeFiles/GD32F303.elf.dir/FreeRTOS/Source/queue.c.obj
                0x080083da                xQueueGenericSend
 .text.xQueueGenericSendFromISR
                0x08008562       0xcc CMakeFiles/GD32F303.elf.dir/FreeRTOS/Source/queue.c.obj
                0x08008562                xQueueGenericSendFromISR
 .text.xQueueGiveFromISR
                0x0800862e       0xb2 CMakeFiles/GD32F303.elf.dir/FreeRTOS/Source/queue.c.obj
                0x0800862e                xQueueGiveFromISR
 .text.xQueueReceive
                0x080086e0      0x15e CMakeFiles/GD32F303.elf.dir/FreeRTOS/Source/queue.c.obj
                0x080086e0                xQueueReceive
 .text.xQueueSemaphoreTake
                0x0800883e      0x1a6 CMakeFiles/GD32F303.elf.dir/FreeRTOS/Source/queue.c.obj
                0x0800883e                xQueueSemaphoreTake
 .text.vQueueAddToRegistry
                0x080089e4       0x28 CMakeFiles/GD32F303.elf.dir/FreeRTOS/Source/queue.c.obj
                0x080089e4                vQueueAddToRegistry
 .text.vQueueWaitForMessageRestricted
                0x08008a0c       0x52 CMakeFiles/GD32F303.elf.dir/FreeRTOS/Source/queue.c.obj
                0x08008a0c                vQueueWaitForMessageRestricted
 *fill*         0x08008a5e        0x2 
 .text.prvResetNextTaskUnblockTime
                0x08008a60       0x2c CMakeFiles/GD32F303.elf.dir/FreeRTOS/Source/tasks.c.obj
 .text.prvInitialiseNewTask
                0x08008a8c       0x9c CMakeFiles/GD32F303.elf.dir/FreeRTOS/Source/tasks.c.obj
 .text.prvInitialiseTaskLists
                0x08008b28       0x68 CMakeFiles/GD32F303.elf.dir/FreeRTOS/Source/tasks.c.obj
 .text.prvAddNewTaskToReadyList
                0x08008b90       0xac CMakeFiles/GD32F303.elf.dir/FreeRTOS/Source/tasks.c.obj
 .text.prvDeleteTCB
                0x08008c3c       0x38 CMakeFiles/GD32F303.elf.dir/FreeRTOS/Source/tasks.c.obj
 .text.prvCheckTasksWaitingTermination
                0x08008c74       0x4c CMakeFiles/GD32F303.elf.dir/FreeRTOS/Source/tasks.c.obj
 .text.prvIdleTask
                0x08008cc0       0x28 CMakeFiles/GD32F303.elf.dir/FreeRTOS/Source/tasks.c.obj
 .text.prvAddCurrentTaskToDelayedList
                0x08008ce8       0x7c CMakeFiles/GD32F303.elf.dir/FreeRTOS/Source/tasks.c.obj
 .text.xTaskCreateStatic
                0x08008d64       0x74 CMakeFiles/GD32F303.elf.dir/FreeRTOS/Source/tasks.c.obj
                0x08008d64                xTaskCreateStatic
 .text.xTaskCreate
                0x08008dd8       0x68 CMakeFiles/GD32F303.elf.dir/FreeRTOS/Source/tasks.c.obj
                0x08008dd8                xTaskCreate
 .text.vTaskDelete
                0x08008e40       0xb8 CMakeFiles/GD32F303.elf.dir/FreeRTOS/Source/tasks.c.obj
                0x08008e40                vTaskDelete
 .text.vTaskStartScheduler
                0x08008ef8       0x9c CMakeFiles/GD32F303.elf.dir/FreeRTOS/Source/tasks.c.obj
                0x08008ef8                vTaskStartScheduler
 .text.vTaskSuspendAll
                0x08008f94       0x10 CMakeFiles/GD32F303.elf.dir/FreeRTOS/Source/tasks.c.obj
                0x08008f94                vTaskSuspendAll
 .text.xTaskGetTickCount
                0x08008fa4        0xc CMakeFiles/GD32F303.elf.dir/FreeRTOS/Source/tasks.c.obj
                0x08008fa4                xTaskGetTickCount
 .text.xTaskIncrementTick
                0x08008fb0      0x118 CMakeFiles/GD32F303.elf.dir/FreeRTOS/Source/tasks.c.obj
                0x08008fb0                xTaskIncrementTick
 .text.xTaskResumeAll
                0x080090c8       0xf8 CMakeFiles/GD32F303.elf.dir/FreeRTOS/Source/tasks.c.obj
                0x080090c8                xTaskResumeAll
 .text.vTaskDelay
                0x080091c0       0x4c CMakeFiles/GD32F303.elf.dir/FreeRTOS/Source/tasks.c.obj
                0x080091c0                vTaskDelay
 .text.vTaskSwitchContext
                0x0800920c       0x94 CMakeFiles/GD32F303.elf.dir/FreeRTOS/Source/tasks.c.obj
                0x0800920c                vTaskSwitchContext
 .text.vTaskPlaceOnEventList
                0x080092a0       0x30 CMakeFiles/GD32F303.elf.dir/FreeRTOS/Source/tasks.c.obj
                0x080092a0                vTaskPlaceOnEventList
 .text.vTaskPlaceOnEventListRestricted
                0x080092d0       0x38 CMakeFiles/GD32F303.elf.dir/FreeRTOS/Source/tasks.c.obj
                0x080092d0                vTaskPlaceOnEventListRestricted
 .text.xTaskRemoveFromEventList
                0x08009308       0x8c CMakeFiles/GD32F303.elf.dir/FreeRTOS/Source/tasks.c.obj
                0x08009308                xTaskRemoveFromEventList
 .text.vTaskInternalSetTimeOutState
                0x08009394       0x18 CMakeFiles/GD32F303.elf.dir/FreeRTOS/Source/tasks.c.obj
                0x08009394                vTaskInternalSetTimeOutState
 .text.xTaskCheckForTimeOut
                0x080093ac       0x84 CMakeFiles/GD32F303.elf.dir/FreeRTOS/Source/tasks.c.obj
                0x080093ac                xTaskCheckForTimeOut
 .text.vTaskMissedYield
                0x08009430        0xc CMakeFiles/GD32F303.elf.dir/FreeRTOS/Source/tasks.c.obj
                0x08009430                vTaskMissedYield
 .text.xTaskGetSchedulerState
                0x0800943c       0x20 CMakeFiles/GD32F303.elf.dir/FreeRTOS/Source/tasks.c.obj
                0x0800943c                xTaskGetSchedulerState
 .text.xTaskPriorityInherit
                0x0800945c       0x98 CMakeFiles/GD32F303.elf.dir/FreeRTOS/Source/tasks.c.obj
                0x0800945c                xTaskPriorityInherit
 .text.xTaskPriorityDisinherit
                0x080094f4       0x90 CMakeFiles/GD32F303.elf.dir/FreeRTOS/Source/tasks.c.obj
                0x080094f4                xTaskPriorityDisinherit
 .text.vTaskPriorityDisinheritAfterTimeout
                0x08009584       0xa0 CMakeFiles/GD32F303.elf.dir/FreeRTOS/Source/tasks.c.obj
                0x08009584                vTaskPriorityDisinheritAfterTimeout
 .text.pvTaskIncrementMutexHeldCount
                0x08009624       0x1c CMakeFiles/GD32F303.elf.dir/FreeRTOS/Source/tasks.c.obj
                0x08009624                pvTaskIncrementMutexHeldCount
 .text.prvGetNextExpireTime
                0x08009640       0x20 CMakeFiles/GD32F303.elf.dir/FreeRTOS/Source/timers.c.obj
 .text.prvInsertTimerInActiveList
                0x08009660       0x48 CMakeFiles/GD32F303.elf.dir/FreeRTOS/Source/timers.c.obj
 .text.prvCheckForValidListAndQueue
                0x080096a8       0x70 CMakeFiles/GD32F303.elf.dir/FreeRTOS/Source/timers.c.obj
 .text.xTimerCreateTimerTask
                0x08009718       0x64 CMakeFiles/GD32F303.elf.dir/FreeRTOS/Source/timers.c.obj
                0x08009718                xTimerCreateTimerTask
 .text.xTimerGenericCommand
                0x0800977c       0x6c CMakeFiles/GD32F303.elf.dir/FreeRTOS/Source/timers.c.obj
                0x0800977c                xTimerGenericCommand
 .text.prvSwitchTimerLists
                0x080097e8       0x78 CMakeFiles/GD32F303.elf.dir/FreeRTOS/Source/timers.c.obj
 .text.prvSampleTimeNow
                0x08009860       0x2c CMakeFiles/GD32F303.elf.dir/FreeRTOS/Source/timers.c.obj
 .text.prvProcessExpiredTimer
                0x0800988c       0x60 CMakeFiles/GD32F303.elf.dir/FreeRTOS/Source/timers.c.obj
 .text.prvProcessTimerOrBlockTask
                0x080098ec       0x74 CMakeFiles/GD32F303.elf.dir/FreeRTOS/Source/timers.c.obj
 .text.prvProcessReceivedCommands
                0x08009960       0xf8 CMakeFiles/GD32F303.elf.dir/FreeRTOS/Source/timers.c.obj
 .text.prvTimerTask
                0x08009a58       0x16 CMakeFiles/GD32F303.elf.dir/FreeRTOS/Source/timers.c.obj
 *fill*         0x08009a6e        0x2 
 .text.adc_deinit
                0x08009a70       0x54 CMakeFiles/GD32F303.elf.dir/GD32F30x_standard_peripheral/Source/gd32f30x_adc.c.obj
                0x08009a70                adc_deinit
 .text.adc_enable
                0x08009ac4       0x12 CMakeFiles/GD32F303.elf.dir/GD32F30x_standard_peripheral/Source/gd32f30x_adc.c.obj
                0x08009ac4                adc_enable
 .text.adc_calibration_enable
                0x08009ad6       0x26 CMakeFiles/GD32F303.elf.dir/GD32F30x_standard_peripheral/Source/gd32f30x_adc.c.obj
                0x08009ad6                adc_calibration_enable
 .text.adc_dma_mode_enable
                0x08009afc        0xa CMakeFiles/GD32F303.elf.dir/GD32F30x_standard_peripheral/Source/gd32f30x_adc.c.obj
                0x08009afc                adc_dma_mode_enable
 *fill*         0x08009b06        0x2 
 .text.adc_mode_config
                0x08009b08       0x20 CMakeFiles/GD32F303.elf.dir/GD32F30x_standard_peripheral/Source/gd32f30x_adc.c.obj
                0x08009b08                adc_mode_config
 .text.adc_special_function_config
                0x08009b28       0x5a CMakeFiles/GD32F303.elf.dir/GD32F30x_standard_peripheral/Source/gd32f30x_adc.c.obj
                0x08009b28                adc_special_function_config
 .text.adc_data_alignment_config
                0x08009b82       0x16 CMakeFiles/GD32F303.elf.dir/GD32F30x_standard_peripheral/Source/gd32f30x_adc.c.obj
                0x08009b82                adc_data_alignment_config
 .text.adc_channel_length_config
                0x08009b98       0x3a CMakeFiles/GD32F303.elf.dir/GD32F30x_standard_peripheral/Source/gd32f30x_adc.c.obj
                0x08009b98                adc_channel_length_config
 .text.adc_regular_channel_config
                0x08009bd2       0xa6 CMakeFiles/GD32F303.elf.dir/GD32F30x_standard_peripheral/Source/gd32f30x_adc.c.obj
                0x08009bd2                adc_regular_channel_config
 .text.adc_external_trigger_config
                0x08009c78       0x3e CMakeFiles/GD32F303.elf.dir/GD32F30x_standard_peripheral/Source/gd32f30x_adc.c.obj
                0x08009c78                adc_external_trigger_config
 .text.adc_external_trigger_source_config
                0x08009cb6       0x2a CMakeFiles/GD32F303.elf.dir/GD32F30x_standard_peripheral/Source/gd32f30x_adc.c.obj
                0x08009cb6                adc_external_trigger_source_config
 .text.adc_software_trigger_enable
                0x08009ce0       0x1e CMakeFiles/GD32F303.elf.dir/GD32F30x_standard_peripheral/Source/gd32f30x_adc.c.obj
                0x08009ce0                adc_software_trigger_enable
 *fill*         0x08009cfe        0x2 
 .text.dma_periph_and_channel_check
                0x08009d00       0x1c CMakeFiles/GD32F303.elf.dir/GD32F30x_standard_peripheral/Source/gd32f30x_dma.c.obj
 .text.dma_deinit
                0x08009d1c       0x36 CMakeFiles/GD32F303.elf.dir/GD32F30x_standard_peripheral/Source/gd32f30x_dma.c.obj
                0x08009d1c                dma_deinit
 .text.dma_init
                0x08009d52       0x80 CMakeFiles/GD32F303.elf.dir/GD32F30x_standard_peripheral/Source/gd32f30x_dma.c.obj
                0x08009d52                dma_init
 .text.dma_circulation_enable
                0x08009dd2       0x20 CMakeFiles/GD32F303.elf.dir/GD32F30x_standard_peripheral/Source/gd32f30x_dma.c.obj
                0x08009dd2                dma_circulation_enable
 .text.dma_memory_to_memory_disable
                0x08009df2       0x20 CMakeFiles/GD32F303.elf.dir/GD32F30x_standard_peripheral/Source/gd32f30x_dma.c.obj
                0x08009df2                dma_memory_to_memory_disable
 .text.dma_channel_enable
                0x08009e12       0x20 CMakeFiles/GD32F303.elf.dir/GD32F30x_standard_peripheral/Source/gd32f30x_dma.c.obj
                0x08009e12                dma_channel_enable
 *fill*         0x08009e32        0x2 
 .text.exti_init
                0x08009e34       0xbc CMakeFiles/GD32F303.elf.dir/GD32F30x_standard_peripheral/Source/gd32f30x_exti.c.obj
                0x08009e34                exti_init
 .text.exti_interrupt_flag_get
                0x08009ef0       0x24 CMakeFiles/GD32F303.elf.dir/GD32F30x_standard_peripheral/Source/gd32f30x_exti.c.obj
                0x08009ef0                exti_interrupt_flag_get
 .text.exti_interrupt_flag_clear
                0x08009f14        0xc CMakeFiles/GD32F303.elf.dir/GD32F30x_standard_peripheral/Source/gd32f30x_exti.c.obj
                0x08009f14                exti_interrupt_flag_clear
 .text.fmc_unlock
                0x08009f20       0x48 CMakeFiles/GD32F303.elf.dir/GD32F30x_standard_peripheral/Source/gd32f30x_fmc.c.obj
                0x08009f20                fmc_unlock
 .text.fmc_lock
                0x08009f68       0x28 CMakeFiles/GD32F303.elf.dir/GD32F30x_standard_peripheral/Source/gd32f30x_fmc.c.obj
                0x08009f68                fmc_lock
 .text.fmc_bank0_state_get
                0x08009f90       0x34 CMakeFiles/GD32F303.elf.dir/GD32F30x_standard_peripheral/Source/gd32f30x_fmc.c.obj
                0x08009f90                fmc_bank0_state_get
 .text.fmc_bank1_state_get
                0x08009fc4       0x34 CMakeFiles/GD32F303.elf.dir/GD32F30x_standard_peripheral/Source/gd32f30x_fmc.c.obj
                0x08009fc4                fmc_bank1_state_get
 .text.fmc_bank0_ready_wait
                0x08009ff8       0x1c CMakeFiles/GD32F303.elf.dir/GD32F30x_standard_peripheral/Source/gd32f30x_fmc.c.obj
                0x08009ff8                fmc_bank0_ready_wait
 .text.fmc_bank1_ready_wait
                0x0800a014       0x1c CMakeFiles/GD32F303.elf.dir/GD32F30x_standard_peripheral/Source/gd32f30x_fmc.c.obj
                0x0800a014                fmc_bank1_ready_wait
 .text.fmc_page_erase
                0x0800a030       0xc0 CMakeFiles/GD32F303.elf.dir/GD32F30x_standard_peripheral/Source/gd32f30x_fmc.c.obj
                0x0800a030                fmc_page_erase
 .text.fmc_word_program
                0x0800a0f0       0xa8 CMakeFiles/GD32F303.elf.dir/GD32F30x_standard_peripheral/Source/gd32f30x_fmc.c.obj
                0x0800a0f0                fmc_word_program
 .text.gpio_init
                0x0800a198       0xa2 CMakeFiles/GD32F303.elf.dir/GD32F30x_standard_peripheral/Source/gd32f30x_gpio.c.obj
                0x0800a198                gpio_init
 .text.gpio_bit_set
                0x0800a23a        0x4 CMakeFiles/GD32F303.elf.dir/GD32F30x_standard_peripheral/Source/gd32f30x_gpio.c.obj
                0x0800a23a                gpio_bit_set
 .text.gpio_bit_reset
                0x0800a23e        0x4 CMakeFiles/GD32F303.elf.dir/GD32F30x_standard_peripheral/Source/gd32f30x_gpio.c.obj
                0x0800a23e                gpio_bit_reset
 .text.gpio_input_bit_get
                0x0800a242        0xe CMakeFiles/GD32F303.elf.dir/GD32F30x_standard_peripheral/Source/gd32f30x_gpio.c.obj
                0x0800a242                gpio_input_bit_get
 .text.gpio_pin_remap_config
                0x0800a250       0x7c CMakeFiles/GD32F303.elf.dir/GD32F30x_standard_peripheral/Source/gd32f30x_gpio.c.obj
                0x0800a250                gpio_pin_remap_config
 .text.gpio_exti_source_select
                0x0800a2cc       0x78 CMakeFiles/GD32F303.elf.dir/GD32F30x_standard_peripheral/Source/gd32f30x_gpio.c.obj
                0x0800a2cc                gpio_exti_source_select
 .text.i2c_clock_config
                0x0800a344      0x128 CMakeFiles/GD32F303.elf.dir/GD32F30x_standard_peripheral/Source/gd32f30x_i2c.c.obj
                0x0800a344                i2c_clock_config
 .text.i2c_mode_addr_config
                0x0800a46c       0x1c CMakeFiles/GD32F303.elf.dir/GD32F30x_standard_peripheral/Source/gd32f30x_i2c.c.obj
                0x0800a46c                i2c_mode_addr_config
 .text.i2c_ack_config
                0x0800a488       0x18 CMakeFiles/GD32F303.elf.dir/GD32F30x_standard_peripheral/Source/gd32f30x_i2c.c.obj
                0x0800a488                i2c_ack_config
 .text.i2c_master_addressing
                0x0800a4a0       0x14 CMakeFiles/GD32F303.elf.dir/GD32F30x_standard_peripheral/Source/gd32f30x_i2c.c.obj
                0x0800a4a0                i2c_master_addressing
 .text.i2c_enable
                0x0800a4b4        0xa CMakeFiles/GD32F303.elf.dir/GD32F30x_standard_peripheral/Source/gd32f30x_i2c.c.obj
                0x0800a4b4                i2c_enable
 .text.i2c_start_on_bus
                0x0800a4be        0xa CMakeFiles/GD32F303.elf.dir/GD32F30x_standard_peripheral/Source/gd32f30x_i2c.c.obj
                0x0800a4be                i2c_start_on_bus
 .text.i2c_stop_on_bus
                0x0800a4c8        0xa CMakeFiles/GD32F303.elf.dir/GD32F30x_standard_peripheral/Source/gd32f30x_i2c.c.obj
                0x0800a4c8                i2c_stop_on_bus
 .text.i2c_data_transmit
                0x0800a4d2        0x4 CMakeFiles/GD32F303.elf.dir/GD32F30x_standard_peripheral/Source/gd32f30x_i2c.c.obj
                0x0800a4d2                i2c_data_transmit
 .text.i2c_data_receive
                0x0800a4d6        0x6 CMakeFiles/GD32F303.elf.dir/GD32F30x_standard_peripheral/Source/gd32f30x_i2c.c.obj
                0x0800a4d6                i2c_data_receive
 .text.i2c_flag_get
                0x0800a4dc       0x1a CMakeFiles/GD32F303.elf.dir/GD32F30x_standard_peripheral/Source/gd32f30x_i2c.c.obj
                0x0800a4dc                i2c_flag_get
 .text.i2c_flag_clear
                0x0800a4f6       0x2a CMakeFiles/GD32F303.elf.dir/GD32F30x_standard_peripheral/Source/gd32f30x_i2c.c.obj
                0x0800a4f6                i2c_flag_clear
 .text.nvic_priority_group_set
                0x0800a520       0x14 CMakeFiles/GD32F303.elf.dir/GD32F30x_standard_peripheral/Source/gd32f30x_misc.c.obj
                0x0800a520                nvic_priority_group_set
 .text.nvic_irq_enable
                0x0800a534       0xb0 CMakeFiles/GD32F303.elf.dir/GD32F30x_standard_peripheral/Source/gd32f30x_misc.c.obj
                0x0800a534                nvic_irq_enable
 .text.rcu_periph_clock_enable
                0x0800a5e4       0x1c CMakeFiles/GD32F303.elf.dir/GD32F30x_standard_peripheral/Source/gd32f30x_rcu.c.obj
                0x0800a5e4                rcu_periph_clock_enable
 .text.rcu_periph_reset_enable
                0x0800a600       0x1c CMakeFiles/GD32F303.elf.dir/GD32F30x_standard_peripheral/Source/gd32f30x_rcu.c.obj
                0x0800a600                rcu_periph_reset_enable
 .text.rcu_periph_reset_disable
                0x0800a61c       0x1e CMakeFiles/GD32F303.elf.dir/GD32F30x_standard_peripheral/Source/gd32f30x_rcu.c.obj
                0x0800a61c                rcu_periph_reset_disable
 *fill*         0x0800a63a        0x2 
 .text.rcu_adc_clock_config
                0x0800a63c       0x5c CMakeFiles/GD32F303.elf.dir/GD32F30x_standard_peripheral/Source/gd32f30x_rcu.c.obj
                0x0800a63c                rcu_adc_clock_config
 .text.rcu_clock_freq_get
                0x0800a698      0x108 CMakeFiles/GD32F303.elf.dir/GD32F30x_standard_peripheral/Source/gd32f30x_rcu.c.obj
                0x0800a698                rcu_clock_freq_get
 .text.spi_i2s_deinit
                0x0800a7a0       0x54 CMakeFiles/GD32F303.elf.dir/GD32F30x_standard_peripheral/Source/gd32f30x_spi.c.obj
                0x0800a7a0                spi_i2s_deinit
 .text.spi_struct_para_init
                0x0800a7f4       0x12 CMakeFiles/GD32F303.elf.dir/GD32F30x_standard_peripheral/Source/gd32f30x_spi.c.obj
                0x0800a7f4                spi_struct_para_init
 .text.spi_init
                0x0800a806       0x2e CMakeFiles/GD32F303.elf.dir/GD32F30x_standard_peripheral/Source/gd32f30x_spi.c.obj
                0x0800a806                spi_init
 .text.spi_enable
                0x0800a834        0xa CMakeFiles/GD32F303.elf.dir/GD32F30x_standard_peripheral/Source/gd32f30x_spi.c.obj
                0x0800a834                spi_enable
 .text.spi_i2s_data_transmit
                0x0800a83e        0x4 CMakeFiles/GD32F303.elf.dir/GD32F30x_standard_peripheral/Source/gd32f30x_spi.c.obj
                0x0800a83e                spi_i2s_data_transmit
 .text.spi_i2s_flag_get
                0x0800a842        0xe CMakeFiles/GD32F303.elf.dir/GD32F30x_standard_peripheral/Source/gd32f30x_spi.c.obj
                0x0800a842                spi_i2s_flag_get
 .text.timer_deinit
                0x0800a850       0xdc CMakeFiles/GD32F303.elf.dir/GD32F30x_standard_peripheral/Source/gd32f30x_timer.c.obj
                0x0800a850                timer_deinit
 .text.timer_struct_para_init
                0x0800a92c       0x14 CMakeFiles/GD32F303.elf.dir/GD32F30x_standard_peripheral/Source/gd32f30x_timer.c.obj
                0x0800a92c                timer_struct_para_init
 .text.timer_init
                0x0800a940       0x90 CMakeFiles/GD32F303.elf.dir/GD32F30x_standard_peripheral/Source/gd32f30x_timer.c.obj
                0x0800a940                timer_init
 .text.timer_enable
                0x0800a9d0        0xa CMakeFiles/GD32F303.elf.dir/GD32F30x_standard_peripheral/Source/gd32f30x_timer.c.obj
                0x0800a9d0                timer_enable
 .text.timer_disable
                0x0800a9da        0xa CMakeFiles/GD32F303.elf.dir/GD32F30x_standard_peripheral/Source/gd32f30x_timer.c.obj
                0x0800a9da                timer_disable
 .text.timer_auto_reload_shadow_enable
                0x0800a9e4        0xa CMakeFiles/GD32F303.elf.dir/GD32F30x_standard_peripheral/Source/gd32f30x_timer.c.obj
                0x0800a9e4                timer_auto_reload_shadow_enable
 .text.timer_autoreload_value_config
                0x0800a9ee        0x4 CMakeFiles/GD32F303.elf.dir/GD32F30x_standard_peripheral/Source/gd32f30x_timer.c.obj
                0x0800a9ee                timer_autoreload_value_config
 .text.timer_counter_value_config
                0x0800a9f2        0x4 CMakeFiles/GD32F303.elf.dir/GD32F30x_standard_peripheral/Source/gd32f30x_timer.c.obj
                0x0800a9f2                timer_counter_value_config
 .text.timer_counter_read
                0x0800a9f6        0x4 CMakeFiles/GD32F303.elf.dir/GD32F30x_standard_peripheral/Source/gd32f30x_timer.c.obj
                0x0800a9f6                timer_counter_read
 .text.timer_interrupt_enable
                0x0800a9fa        0x8 CMakeFiles/GD32F303.elf.dir/GD32F30x_standard_peripheral/Source/gd32f30x_timer.c.obj
                0x0800a9fa                timer_interrupt_enable
 .text.timer_interrupt_flag_get
                0x0800aa02       0x18 CMakeFiles/GD32F303.elf.dir/GD32F30x_standard_peripheral/Source/gd32f30x_timer.c.obj
                0x0800aa02                timer_interrupt_flag_get
 .text.timer_interrupt_flag_clear
                0x0800aa1a        0x6 CMakeFiles/GD32F303.elf.dir/GD32F30x_standard_peripheral/Source/gd32f30x_timer.c.obj
                0x0800aa1a                timer_interrupt_flag_clear
 .text.timer_primary_output_config
                0x0800aa20       0x18 CMakeFiles/GD32F303.elf.dir/GD32F30x_standard_peripheral/Source/gd32f30x_timer.c.obj
                0x0800aa20                timer_primary_output_config
 .text.timer_channel_output_config
                0x0800aa38      0x1e8 CMakeFiles/GD32F303.elf.dir/GD32F30x_standard_peripheral/Source/gd32f30x_timer.c.obj
                0x0800aa38                timer_channel_output_config
 .text.timer_channel_output_mode_config
                0x0800ac20       0x50 CMakeFiles/GD32F303.elf.dir/GD32F30x_standard_peripheral/Source/gd32f30x_timer.c.obj
                0x0800ac20                timer_channel_output_mode_config
 .text.timer_channel_output_pulse_value_config
                0x0800ac70       0x1c CMakeFiles/GD32F303.elf.dir/GD32F30x_standard_peripheral/Source/gd32f30x_timer.c.obj
                0x0800ac70                timer_channel_output_pulse_value_config
 .text.timer_channel_output_shadow_config
                0x0800ac8c       0x50 CMakeFiles/GD32F303.elf.dir/GD32F30x_standard_peripheral/Source/gd32f30x_timer.c.obj
                0x0800ac8c                timer_channel_output_shadow_config
 .text.timer_channel_input_struct_para_init
                0x0800acdc        0xe CMakeFiles/GD32F303.elf.dir/GD32F30x_standard_peripheral/Source/gd32f30x_timer.c.obj
                0x0800acdc                timer_channel_input_struct_para_init
 .text.timer_channel_input_capture_prescaler_config
                0x0800acea       0x50 CMakeFiles/GD32F303.elf.dir/GD32F30x_standard_peripheral/Source/gd32f30x_timer.c.obj
                0x0800acea                timer_channel_input_capture_prescaler_config
 .text.timer_input_capture_config
                0x0800ad3a      0x14c CMakeFiles/GD32F303.elf.dir/GD32F30x_standard_peripheral/Source/gd32f30x_timer.c.obj
                0x0800ad3a                timer_input_capture_config
 .text.timer_quadrature_decoder_mode_config
                0x0800ae86       0x46 CMakeFiles/GD32F303.elf.dir/GD32F30x_standard_peripheral/Source/gd32f30x_timer.c.obj
                0x0800ae86                timer_quadrature_decoder_mode_config
 .text.usart_deinit
                0x0800aecc       0x8c CMakeFiles/GD32F303.elf.dir/GD32F30x_standard_peripheral/Source/gd32f30x_usart.c.obj
                0x0800aecc                usart_deinit
 .text.usart_baudrate_set
                0x0800af58       0x70 CMakeFiles/GD32F303.elf.dir/GD32F30x_standard_peripheral/Source/gd32f30x_usart.c.obj
                0x0800af58                usart_baudrate_set
 .text.usart_parity_config
                0x0800afc8       0x10 CMakeFiles/GD32F303.elf.dir/GD32F30x_standard_peripheral/Source/gd32f30x_usart.c.obj
                0x0800afc8                usart_parity_config
 .text.usart_word_length_set
                0x0800afd8       0x10 CMakeFiles/GD32F303.elf.dir/GD32F30x_standard_peripheral/Source/gd32f30x_usart.c.obj
                0x0800afd8                usart_word_length_set
 .text.usart_stop_bit_set
                0x0800afe8       0x10 CMakeFiles/GD32F303.elf.dir/GD32F30x_standard_peripheral/Source/gd32f30x_usart.c.obj
                0x0800afe8                usart_stop_bit_set
 .text.usart_enable
                0x0800aff8        0xa CMakeFiles/GD32F303.elf.dir/GD32F30x_standard_peripheral/Source/gd32f30x_usart.c.obj
                0x0800aff8                usart_enable
 .text.usart_transmit_config
                0x0800b002        0xc CMakeFiles/GD32F303.elf.dir/GD32F30x_standard_peripheral/Source/gd32f30x_usart.c.obj
                0x0800b002                usart_transmit_config
 .text.usart_receive_config
                0x0800b00e        0xc CMakeFiles/GD32F303.elf.dir/GD32F30x_standard_peripheral/Source/gd32f30x_usart.c.obj
                0x0800b00e                usart_receive_config
 .text.usart_data_transmit
                0x0800b01a        0x8 CMakeFiles/GD32F303.elf.dir/GD32F30x_standard_peripheral/Source/gd32f30x_usart.c.obj
                0x0800b01a                usart_data_transmit
 .text.usart_data_receive
                0x0800b022        0x8 CMakeFiles/GD32F303.elf.dir/GD32F30x_standard_peripheral/Source/gd32f30x_usart.c.obj
                0x0800b022                usart_data_receive
 .text.usart_hardware_flow_rts_config
                0x0800b02a        0xc CMakeFiles/GD32F303.elf.dir/GD32F30x_standard_peripheral/Source/gd32f30x_usart.c.obj
                0x0800b02a                usart_hardware_flow_rts_config
 .text.usart_hardware_flow_cts_config
                0x0800b036        0xc CMakeFiles/GD32F303.elf.dir/GD32F30x_standard_peripheral/Source/gd32f30x_usart.c.obj
                0x0800b036                usart_hardware_flow_cts_config
 .text.usart_flag_get
                0x0800b042       0x1a CMakeFiles/GD32F303.elf.dir/GD32F30x_standard_peripheral/Source/gd32f30x_usart.c.obj
                0x0800b042                usart_flag_get
 .text.usart_interrupt_enable
                0x0800b05c       0x1a CMakeFiles/GD32F303.elf.dir/GD32F30x_standard_peripheral/Source/gd32f30x_usart.c.obj
                0x0800b05c                usart_interrupt_enable
 .text.usart_interrupt_flag_get
                0x0800b076       0x36 CMakeFiles/GD32F303.elf.dir/GD32F30x_standard_peripheral/Source/gd32f30x_usart.c.obj
                0x0800b076                usart_interrupt_flag_get
 .text.usart_interrupt_flag_clear
                0x0800b0ac       0x1c CMakeFiles/GD32F303.elf.dir/GD32F30x_standard_peripheral/Source/gd32f30x_usart.c.obj
                0x0800b0ac                usart_interrupt_flag_clear
 .text.EXTI_Init
                0x0800b0c8       0x70 CMakeFiles/GD32F303.elf.dir/Hardware_drv/Source/EXTI_drv.c.obj
                0x0800b0c8                EXTI_Init
 .text.EXTI5_Callback_Register
                0x0800b138        0xc CMakeFiles/GD32F303.elf.dir/Hardware_drv/Source/EXTI_drv.c.obj
                0x0800b138                EXTI5_Callback_Register
 .text.EXTI11_Callback_Register
                0x0800b144        0xc CMakeFiles/GD32F303.elf.dir/Hardware_drv/Source/EXTI_drv.c.obj
                0x0800b144                EXTI11_Callback_Register
 .text.EXTI10_15_IRQHandler
                0x0800b150       0x28 CMakeFiles/GD32F303.elf.dir/Hardware_drv/Source/EXTI_drv.c.obj
                0x0800b150                EXTI10_15_IRQHandler
 .text.EXTI5_9_IRQHandler
                0x0800b178       0x24 CMakeFiles/GD32F303.elf.dir/Hardware_drv/Source/EXTI_drv.c.obj
                0x0800b178                EXTI5_9_IRQHandler
 .text.Encoder_Gpio_Init
                0x0800b19c       0x70 CMakeFiles/GD32F303.elf.dir/Hardware_drv/Source/Encoder_drv.c.obj
 .text.Encoder_Timer_Init
                0x0800b20c      0x1fc CMakeFiles/GD32F303.elf.dir/Hardware_drv/Source/Encoder_drv.c.obj
 .text.Encoder_Init
                0x0800b408        0xc CMakeFiles/GD32F303.elf.dir/Hardware_drv/Source/Encoder_drv.c.obj
                0x0800b408                Encoder_Init
 .text.TIMER1_IRQHandler
                0x0800b414       0x44 CMakeFiles/GD32F303.elf.dir/Hardware_drv/Source/Encoder_drv.c.obj
                0x0800b414                TIMER1_IRQHandler
 .text.TIMER2_IRQHandler
                0x0800b458       0x48 CMakeFiles/GD32F303.elf.dir/Hardware_drv/Source/Encoder_drv.c.obj
                0x0800b458                TIMER2_IRQHandler
 .text.TIMER3_IRQHandler
                0x0800b4a0       0x48 CMakeFiles/GD32F303.elf.dir/Hardware_drv/Source/Encoder_drv.c.obj
                0x0800b4a0                TIMER3_IRQHandler
 .text.TIMER4_IRQHandler
                0x0800b4e8       0x48 CMakeFiles/GD32F303.elf.dir/Hardware_drv/Source/Encoder_drv.c.obj
                0x0800b4e8                TIMER4_IRQHandler
 .text.Get_Timer_Pulse
                0x0800b530      0x188 CMakeFiles/GD32F303.elf.dir/Hardware_drv/Source/Encoder_drv.c.obj
                0x0800b530                Get_Timer_Pulse
 .text.Flash_Erase
                0x0800b6b8       0x48 CMakeFiles/GD32F303.elf.dir/Hardware_drv/Source/Flash_drv.c.obj
                0x0800b6b8                Flash_Erase
 .text.Flash_Write
                0x0800b700       0x3c CMakeFiles/GD32F303.elf.dir/Hardware_drv/Source/Flash_drv.c.obj
                0x0800b700                Flash_Write
 .text.Flash_Read
                0x0800b73c       0x16 CMakeFiles/GD32F303.elf.dir/Hardware_drv/Source/Flash_drv.c.obj
                0x0800b73c                Flash_Read
 *fill*         0x0800b752        0x2 
 .text.I2C_GPIO_Config
                0x0800b754       0x40 CMakeFiles/GD32F303.elf.dir/Hardware_drv/Source/I2C_drv.c.obj
 .text.I2C_Config
                0x0800b794       0x34 CMakeFiles/GD32F303.elf.dir/Hardware_drv/Source/I2C_drv.c.obj
 .text.I2C_Init
                0x0800b7c8        0xc CMakeFiles/GD32F303.elf.dir/Hardware_drv/Source/I2C_drv.c.obj
                0x0800b7c8                I2C_Init
 .text.I2C_Register_Write_1Byte
                0x0800b7d4       0xb0 CMakeFiles/GD32F303.elf.dir/Hardware_drv/Source/I2C_drv.c.obj
                0x0800b7d4                I2C_Register_Write_1Byte
 .text.I2C_Register_Read_1Byte
                0x0800b884       0xe8 CMakeFiles/GD32F303.elf.dir/Hardware_drv/Source/I2C_drv.c.obj
                0x0800b884                I2C_Register_Read_1Byte
 .text.I2C_Register_Read_nByte
                0x0800b96c      0x118 CMakeFiles/GD32F303.elf.dir/Hardware_drv/Source/I2C_drv.c.obj
                0x0800b96c                I2C_Register_Read_nByte
 .text.adc_init
                0x0800ba84      0x16c CMakeFiles/GD32F303.elf.dir/Hardware_drv/Source/adc_drv.c.obj
                0x0800ba84                adc_init
 .text.GPIO0_MODE
                0x0800bbf0       0x30 CMakeFiles/GD32F303.elf.dir/Hardware_drv/Source/gpio_drv.c.obj
                0x0800bbf0                GPIO0_MODE
 .text.GPIO1_MODE
                0x0800bc20       0x30 CMakeFiles/GD32F303.elf.dir/Hardware_drv/Source/gpio_drv.c.obj
                0x0800bc20                GPIO1_MODE
 .text.GPIO2_MODE
                0x0800bc50       0x34 CMakeFiles/GD32F303.elf.dir/Hardware_drv/Source/gpio_drv.c.obj
                0x0800bc50                GPIO2_MODE
 .text.GPIO3_MODE
                0x0800bc84       0x30 CMakeFiles/GD32F303.elf.dir/Hardware_drv/Source/gpio_drv.c.obj
                0x0800bc84                GPIO3_MODE
 .text.GPIO4_MODE
                0x0800bcb4       0x34 CMakeFiles/GD32F303.elf.dir/Hardware_drv/Source/gpio_drv.c.obj
                0x0800bcb4                GPIO4_MODE
 .text.GPIO5_MODE
                0x0800bce8       0x34 CMakeFiles/GD32F303.elf.dir/Hardware_drv/Source/gpio_drv.c.obj
                0x0800bce8                GPIO5_MODE
 .text.GPIO6_MODE
                0x0800bd1c       0x30 CMakeFiles/GD32F303.elf.dir/Hardware_drv/Source/gpio_drv.c.obj
                0x0800bd1c                GPIO6_MODE
 .text.GPIO7_MODE
                0x0800bd4c       0x34 CMakeFiles/GD32F303.elf.dir/Hardware_drv/Source/gpio_drv.c.obj
                0x0800bd4c                GPIO7_MODE
 .text.GPIO8_MODE
                0x0800bd80       0x30 CMakeFiles/GD32F303.elf.dir/Hardware_drv/Source/gpio_drv.c.obj
                0x0800bd80                GPIO8_MODE
 .text.GPIO9_MODE
                0x0800bdb0       0x34 CMakeFiles/GD32F303.elf.dir/Hardware_drv/Source/gpio_drv.c.obj
                0x0800bdb0                GPIO9_MODE
 .text.GPIO10_MODE
                0x0800bde4       0x30 CMakeFiles/GD32F303.elf.dir/Hardware_drv/Source/gpio_drv.c.obj
                0x0800bde4                GPIO10_MODE
 .text.GPIO11_MODE
                0x0800be14       0x30 CMakeFiles/GD32F303.elf.dir/Hardware_drv/Source/gpio_drv.c.obj
                0x0800be14                GPIO11_MODE
 .text.GPIO12_MODE
                0x0800be44       0x34 CMakeFiles/GD32F303.elf.dir/Hardware_drv/Source/gpio_drv.c.obj
                0x0800be44                GPIO12_MODE
 .text.GPIO13_MODE
                0x0800be78       0x30 CMakeFiles/GD32F303.elf.dir/Hardware_drv/Source/gpio_drv.c.obj
                0x0800be78                GPIO13_MODE
 .text.GPIO14_MODE
                0x0800bea8       0x30 CMakeFiles/GD32F303.elf.dir/Hardware_drv/Source/gpio_drv.c.obj
                0x0800bea8                GPIO14_MODE
 .text.GPIO15_MODE
                0x0800bed8       0x30 CMakeFiles/GD32F303.elf.dir/Hardware_drv/Source/gpio_drv.c.obj
                0x0800bed8                GPIO15_MODE
 .text.GPIO0_HIGH
                0x0800bf08       0x1c CMakeFiles/GD32F303.elf.dir/Hardware_drv/Source/gpio_drv.c.obj
                0x0800bf08                GPIO0_HIGH
 .text.GPIO1_HIGH
                0x0800bf24       0x1c CMakeFiles/GD32F303.elf.dir/Hardware_drv/Source/gpio_drv.c.obj
                0x0800bf24                GPIO1_HIGH
 .text.GPIO2_HIGH
                0x0800bf40       0x20 CMakeFiles/GD32F303.elf.dir/Hardware_drv/Source/gpio_drv.c.obj
                0x0800bf40                GPIO2_HIGH
 .text.GPIO3_HIGH
                0x0800bf60       0x20 CMakeFiles/GD32F303.elf.dir/Hardware_drv/Source/gpio_drv.c.obj
                0x0800bf60                GPIO3_HIGH
 .text.GPIO4_HIGH
                0x0800bf80       0x20 CMakeFiles/GD32F303.elf.dir/Hardware_drv/Source/gpio_drv.c.obj
                0x0800bf80                GPIO4_HIGH
 .text.GPIO5_HIGH
                0x0800bfa0       0x20 CMakeFiles/GD32F303.elf.dir/Hardware_drv/Source/gpio_drv.c.obj
                0x0800bfa0                GPIO5_HIGH
 .text.GPIO6_HIGH
                0x0800bfc0       0x20 CMakeFiles/GD32F303.elf.dir/Hardware_drv/Source/gpio_drv.c.obj
                0x0800bfc0                GPIO6_HIGH
 .text.GPIO7_HIGH
                0x0800bfe0       0x20 CMakeFiles/GD32F303.elf.dir/Hardware_drv/Source/gpio_drv.c.obj
                0x0800bfe0                GPIO7_HIGH
 .text.GPIO8_HIGH
                0x0800c000       0x20 CMakeFiles/GD32F303.elf.dir/Hardware_drv/Source/gpio_drv.c.obj
                0x0800c000                GPIO8_HIGH
 .text.GPIO9_HIGH
                0x0800c020       0x20 CMakeFiles/GD32F303.elf.dir/Hardware_drv/Source/gpio_drv.c.obj
                0x0800c020                GPIO9_HIGH
 .text.GPIO10_HIGH
                0x0800c040       0x20 CMakeFiles/GD32F303.elf.dir/Hardware_drv/Source/gpio_drv.c.obj
                0x0800c040                GPIO10_HIGH
 .text.GPIO11_HIGH
                0x0800c060       0x20 CMakeFiles/GD32F303.elf.dir/Hardware_drv/Source/gpio_drv.c.obj
                0x0800c060                GPIO11_HIGH
 .text.GPIO12_HIGH
                0x0800c080       0x20 CMakeFiles/GD32F303.elf.dir/Hardware_drv/Source/gpio_drv.c.obj
                0x0800c080                GPIO12_HIGH
 .text.GPIO13_HIGH
                0x0800c0a0       0x20 CMakeFiles/GD32F303.elf.dir/Hardware_drv/Source/gpio_drv.c.obj
                0x0800c0a0                GPIO13_HIGH
 .text.GPIO14_HIGH
                0x0800c0c0       0x20 CMakeFiles/GD32F303.elf.dir/Hardware_drv/Source/gpio_drv.c.obj
                0x0800c0c0                GPIO14_HIGH
 .text.GPIO15_HIGH
                0x0800c0e0       0x20 CMakeFiles/GD32F303.elf.dir/Hardware_drv/Source/gpio_drv.c.obj
                0x0800c0e0                GPIO15_HIGH
 .text.GPIO0_LOW
                0x0800c100       0x1c CMakeFiles/GD32F303.elf.dir/Hardware_drv/Source/gpio_drv.c.obj
                0x0800c100                GPIO0_LOW
 .text.GPIO1_LOW
                0x0800c11c       0x1c CMakeFiles/GD32F303.elf.dir/Hardware_drv/Source/gpio_drv.c.obj
                0x0800c11c                GPIO1_LOW
 .text.GPIO2_LOW
                0x0800c138       0x20 CMakeFiles/GD32F303.elf.dir/Hardware_drv/Source/gpio_drv.c.obj
                0x0800c138                GPIO2_LOW
 .text.GPIO3_LOW
                0x0800c158       0x20 CMakeFiles/GD32F303.elf.dir/Hardware_drv/Source/gpio_drv.c.obj
                0x0800c158                GPIO3_LOW
 .text.GPIO4_LOW
                0x0800c178       0x20 CMakeFiles/GD32F303.elf.dir/Hardware_drv/Source/gpio_drv.c.obj
                0x0800c178                GPIO4_LOW
 .text.GPIO5_LOW
                0x0800c198       0x20 CMakeFiles/GD32F303.elf.dir/Hardware_drv/Source/gpio_drv.c.obj
                0x0800c198                GPIO5_LOW
 .text.GPIO6_LOW
                0x0800c1b8       0x20 CMakeFiles/GD32F303.elf.dir/Hardware_drv/Source/gpio_drv.c.obj
                0x0800c1b8                GPIO6_LOW
 .text.GPIO7_LOW
                0x0800c1d8       0x20 CMakeFiles/GD32F303.elf.dir/Hardware_drv/Source/gpio_drv.c.obj
                0x0800c1d8                GPIO7_LOW
 .text.GPIO8_LOW
                0x0800c1f8       0x20 CMakeFiles/GD32F303.elf.dir/Hardware_drv/Source/gpio_drv.c.obj
                0x0800c1f8                GPIO8_LOW
 .text.GPIO9_LOW
                0x0800c218       0x20 CMakeFiles/GD32F303.elf.dir/Hardware_drv/Source/gpio_drv.c.obj
                0x0800c218                GPIO9_LOW
 .text.GPIO10_LOW
                0x0800c238       0x20 CMakeFiles/GD32F303.elf.dir/Hardware_drv/Source/gpio_drv.c.obj
                0x0800c238                GPIO10_LOW
 .text.GPIO11_LOW
                0x0800c258       0x20 CMakeFiles/GD32F303.elf.dir/Hardware_drv/Source/gpio_drv.c.obj
                0x0800c258                GPIO11_LOW
 .text.GPIO12_LOW
                0x0800c278       0x20 CMakeFiles/GD32F303.elf.dir/Hardware_drv/Source/gpio_drv.c.obj
                0x0800c278                GPIO12_LOW
 .text.GPIO13_LOW
                0x0800c298       0x20 CMakeFiles/GD32F303.elf.dir/Hardware_drv/Source/gpio_drv.c.obj
                0x0800c298                GPIO13_LOW
 .text.GPIO14_LOW
                0x0800c2b8       0x20 CMakeFiles/GD32F303.elf.dir/Hardware_drv/Source/gpio_drv.c.obj
                0x0800c2b8                GPIO14_LOW
 .text.GPIO15_LOW
                0x0800c2d8       0x20 CMakeFiles/GD32F303.elf.dir/Hardware_drv/Source/gpio_drv.c.obj
                0x0800c2d8                GPIO15_LOW
 .text.GPIO0_GET
                0x0800c2f8       0x20 CMakeFiles/GD32F303.elf.dir/Hardware_drv/Source/gpio_drv.c.obj
                0x0800c2f8                GPIO0_GET
 .text.GPIO1_GET
                0x0800c318       0x20 CMakeFiles/GD32F303.elf.dir/Hardware_drv/Source/gpio_drv.c.obj
                0x0800c318                GPIO1_GET
 .text.GPIO2_GET
                0x0800c338       0x24 CMakeFiles/GD32F303.elf.dir/Hardware_drv/Source/gpio_drv.c.obj
                0x0800c338                GPIO2_GET
 .text.GPIO3_GET
                0x0800c35c       0x20 CMakeFiles/GD32F303.elf.dir/Hardware_drv/Source/gpio_drv.c.obj
                0x0800c35c                GPIO3_GET
 .text.GPIO4_GET
                0x0800c37c       0x24 CMakeFiles/GD32F303.elf.dir/Hardware_drv/Source/gpio_drv.c.obj
                0x0800c37c                GPIO4_GET
 .text.GPIO5_GET
                0x0800c3a0       0x24 CMakeFiles/GD32F303.elf.dir/Hardware_drv/Source/gpio_drv.c.obj
                0x0800c3a0                GPIO5_GET
 .text.GPIO6_GET
                0x0800c3c4       0x20 CMakeFiles/GD32F303.elf.dir/Hardware_drv/Source/gpio_drv.c.obj
                0x0800c3c4                GPIO6_GET
 .text.GPIO7_GET
                0x0800c3e4       0x20 CMakeFiles/GD32F303.elf.dir/Hardware_drv/Source/gpio_drv.c.obj
                0x0800c3e4                GPIO7_GET
 .text.GPIO8_GET
                0x0800c404       0x20 CMakeFiles/GD32F303.elf.dir/Hardware_drv/Source/gpio_drv.c.obj
                0x0800c404                GPIO8_GET
 .text.GPIO9_GET
                0x0800c424       0x24 CMakeFiles/GD32F303.elf.dir/Hardware_drv/Source/gpio_drv.c.obj
                0x0800c424                GPIO9_GET
 .text.GPIO10_GET
                0x0800c448       0x20 CMakeFiles/GD32F303.elf.dir/Hardware_drv/Source/gpio_drv.c.obj
                0x0800c448                GPIO10_GET
 .text.GPIO11_GET
                0x0800c468       0x20 CMakeFiles/GD32F303.elf.dir/Hardware_drv/Source/gpio_drv.c.obj
                0x0800c468                GPIO11_GET
 .text.GPIO12_GET
                0x0800c488       0x24 CMakeFiles/GD32F303.elf.dir/Hardware_drv/Source/gpio_drv.c.obj
                0x0800c488                GPIO12_GET
 .text.GPIO13_GET
                0x0800c4ac       0x20 CMakeFiles/GD32F303.elf.dir/Hardware_drv/Source/gpio_drv.c.obj
                0x0800c4ac                GPIO13_GET
 .text.GPIO14_GET
                0x0800c4cc       0x20 CMakeFiles/GD32F303.elf.dir/Hardware_drv/Source/gpio_drv.c.obj
                0x0800c4cc                GPIO14_GET
 .text.GPIO15_GET
                0x0800c4ec       0x20 CMakeFiles/GD32F303.elf.dir/Hardware_drv/Source/gpio_drv.c.obj
                0x0800c4ec                GPIO15_GET
 .text.all_gpio_init
                0x0800c50c      0x380 CMakeFiles/GD32F303.elf.dir/Hardware_drv/Source/gpio_drv.c.obj
                0x0800c50c                all_gpio_init
 .text.gpio_bit_toggle
                0x0800c88c        0xe CMakeFiles/GD32F303.elf.dir/Hardware_drv/Source/gpio_drv.c.obj
                0x0800c88c                gpio_bit_toggle
 *fill*         0x0800c89a        0x2 
 .text.GPIO0_TOGGLE
                0x0800c89c       0x1c CMakeFiles/GD32F303.elf.dir/Hardware_drv/Source/gpio_drv.c.obj
                0x0800c89c                GPIO0_TOGGLE
 .text.GPIO1_TOGGLE
                0x0800c8b8       0x1c CMakeFiles/GD32F303.elf.dir/Hardware_drv/Source/gpio_drv.c.obj
                0x0800c8b8                GPIO1_TOGGLE
 .text.GPIO2_TOGGLE
                0x0800c8d4       0x20 CMakeFiles/GD32F303.elf.dir/Hardware_drv/Source/gpio_drv.c.obj
                0x0800c8d4                GPIO2_TOGGLE
 .text.GPIO3_TOGGLE
                0x0800c8f4       0x20 CMakeFiles/GD32F303.elf.dir/Hardware_drv/Source/gpio_drv.c.obj
                0x0800c8f4                GPIO3_TOGGLE
 .text.GPIO4_TOGGLE
                0x0800c914       0x20 CMakeFiles/GD32F303.elf.dir/Hardware_drv/Source/gpio_drv.c.obj
                0x0800c914                GPIO4_TOGGLE
 .text.GPIO5_TOGGLE
                0x0800c934       0x20 CMakeFiles/GD32F303.elf.dir/Hardware_drv/Source/gpio_drv.c.obj
                0x0800c934                GPIO5_TOGGLE
 .text.GPIO6_TOGGLE
                0x0800c954       0x20 CMakeFiles/GD32F303.elf.dir/Hardware_drv/Source/gpio_drv.c.obj
                0x0800c954                GPIO6_TOGGLE
 .text.GPIO7_TOGGLE
                0x0800c974       0x20 CMakeFiles/GD32F303.elf.dir/Hardware_drv/Source/gpio_drv.c.obj
                0x0800c974                GPIO7_TOGGLE
 .text.GPIO8_TOGGLE
                0x0800c994       0x20 CMakeFiles/GD32F303.elf.dir/Hardware_drv/Source/gpio_drv.c.obj
                0x0800c994                GPIO8_TOGGLE
 .text.GPIO9_TOGGLE
                0x0800c9b4       0x20 CMakeFiles/GD32F303.elf.dir/Hardware_drv/Source/gpio_drv.c.obj
                0x0800c9b4                GPIO9_TOGGLE
 .text.GPIO10_TOGGLE
                0x0800c9d4       0x20 CMakeFiles/GD32F303.elf.dir/Hardware_drv/Source/gpio_drv.c.obj
                0x0800c9d4                GPIO10_TOGGLE
 .text.GPIO11_TOGGLE
                0x0800c9f4       0x20 CMakeFiles/GD32F303.elf.dir/Hardware_drv/Source/gpio_drv.c.obj
                0x0800c9f4                GPIO11_TOGGLE
 .text.GPIO12_TOGGLE
                0x0800ca14       0x20 CMakeFiles/GD32F303.elf.dir/Hardware_drv/Source/gpio_drv.c.obj
                0x0800ca14                GPIO12_TOGGLE
 .text.GPIO13_TOGGLE
                0x0800ca34       0x20 CMakeFiles/GD32F303.elf.dir/Hardware_drv/Source/gpio_drv.c.obj
                0x0800ca34                GPIO13_TOGGLE
 .text.GPIO14_TOGGLE
                0x0800ca54       0x20 CMakeFiles/GD32F303.elf.dir/Hardware_drv/Source/gpio_drv.c.obj
                0x0800ca54                GPIO14_TOGGLE
 .text.GPIO15_TOGGLE
                0x0800ca74       0x20 CMakeFiles/GD32F303.elf.dir/Hardware_drv/Source/gpio_drv.c.obj
                0x0800ca74                GPIO15_TOGGLE
 .text.get_gpio_struct
                0x0800ca94       0x28 CMakeFiles/GD32F303.elf.dir/Hardware_drv/Source/gpio_drv.c.obj
                0x0800ca94                get_gpio_struct
 .text.pwm_gpio_init
                0x0800cabc       0x7c CMakeFiles/GD32F303.elf.dir/Hardware_drv/Source/pwm_drv.c.obj
 .text.RCU_TIME_ENABLE
                0x0800cb38       0x3c CMakeFiles/GD32F303.elf.dir/Hardware_drv/Source/pwm_drv.c.obj
 .text.pwm_time_init
                0x0800cb74      0x1e8 CMakeFiles/GD32F303.elf.dir/Hardware_drv/Source/pwm_drv.c.obj
 .text.pwm_init
                0x0800cd5c        0xc CMakeFiles/GD32F303.elf.dir/Hardware_drv/Source/pwm_drv.c.obj
                0x0800cd5c                pwm_init
 .text.Set_PWM_Duty
                0x0800cd68       0xfc CMakeFiles/GD32F303.elf.dir/Hardware_drv/Source/pwm_drv.c.obj
                0x0800cd68                Set_PWM_Duty
 .text.timer5_init
                0x0800ce64       0x68 CMakeFiles/GD32F303.elf.dir/Hardware_drv/Source/timer_drv.c.obj
                0x0800ce64                timer5_init
 .text.TIMER5_IRQHandler
                0x0800cecc       0x2c CMakeFiles/GD32F303.elf.dir/Hardware_drv/Source/timer_drv.c.obj
                0x0800cecc                TIMER5_IRQHandler
 .text.TIMER5_Callback_Register
                0x0800cef8        0xc CMakeFiles/GD32F303.elf.dir/Hardware_drv/Source/timer_drv.c.obj
                0x0800cef8                TIMER5_Callback_Register
 .text.timer6_init
                0x0800cf04       0x68 CMakeFiles/GD32F303.elf.dir/Hardware_drv/Source/timer_drv.c.obj
                0x0800cf04                timer6_init
 .text.TIMER6_IRQHandler
                0x0800cf6c       0x2c CMakeFiles/GD32F303.elf.dir/Hardware_drv/Source/timer_drv.c.obj
                0x0800cf6c                TIMER6_IRQHandler
 .text.TIMER6_Callback_Register
                0x0800cf98        0xc CMakeFiles/GD32F303.elf.dir/Hardware_drv/Source/timer_drv.c.obj
                0x0800cf98                TIMER6_Callback_Register
 .text.USART0_IRQHandler
                0x0800cfa4       0x34 CMakeFiles/GD32F303.elf.dir/Hardware_drv/Source/usart_drv.c.obj
                0x0800cfa4                USART0_IRQHandler
 .text.USART1_IRQHandler
                0x0800cfd8       0x34 CMakeFiles/GD32F303.elf.dir/Hardware_drv/Source/usart_drv.c.obj
                0x0800cfd8                USART1_IRQHandler
 .text.usart2_init
                0x0800d00c       0xb0 CMakeFiles/GD32F303.elf.dir/Hardware_drv/Source/usart_drv.c.obj
                0x0800d00c                usart2_init
 .text.usart2_send_byte
                0x0800d0bc       0x20 CMakeFiles/GD32F303.elf.dir/Hardware_drv/Source/usart_drv.c.obj
                0x0800d0bc                usart2_send_byte
 .text.USART2_IRQHandler
                0x0800d0dc       0x34 CMakeFiles/GD32F303.elf.dir/Hardware_drv/Source/usart_drv.c.obj
                0x0800d0dc                USART2_IRQHandler
 .text.USART2_IRQ_Callback_Register
                0x0800d110        0xc CMakeFiles/GD32F303.elf.dir/Hardware_drv/Source/usart_drv.c.obj
                0x0800d110                USART2_IRQ_Callback_Register
 .text.UART3_IRQHandler
                0x0800d11c       0x34 CMakeFiles/GD32F303.elf.dir/Hardware_drv/Source/usart_drv.c.obj
                0x0800d11c                UART3_IRQHandler
 .text.usart4_init
                0x0800d150       0xb8 CMakeFiles/GD32F303.elf.dir/Hardware_drv/Source/usart_drv.c.obj
                0x0800d150                usart4_init
 .text.UART4_IRQHandler
                0x0800d208       0x34 CMakeFiles/GD32F303.elf.dir/Hardware_drv/Source/usart_drv.c.obj
                0x0800d208                UART4_IRQHandler
 .text.USART4_IRQ_Callback_Register
                0x0800d23c        0xc CMakeFiles/GD32F303.elf.dir/Hardware_drv/Source/usart_drv.c.obj
                0x0800d23c                USART4_IRQ_Callback_Register
 .text.spi_Send_byte
                0x0800d248       0x20 CMakeFiles/GD32F303.elf.dir/Hardware_drv/Source/ws2812_drv.c.obj
 .text.ws2812_spi_init
                0x0800d268       0x70 CMakeFiles/GD32F303.elf.dir/Hardware_drv/Source/ws2812_drv.c.obj
                0x0800d268                ws2812_spi_init
 .text.ws2812_Init
                0x0800d2d8        0x8 CMakeFiles/GD32F303.elf.dir/Hardware_drv/Source/ws2812_drv.c.obj
                0x0800d2d8                ws2812_Init
 .text.ws2812_Control
                0x0800d2e0       0xc4 CMakeFiles/GD32F303.elf.dir/Hardware_drv/Source/ws2812_drv.c.obj
                0x0800d2e0                ws2812_Control
 .text.ANT_TC_USART_Callback_Register
                0x0800d3a4       0x1c CMakeFiles/GD32F303.elf.dir/Software/Source/ANO_TC.c.obj
 .text.ANO_Return_Check
                0x0800d3c0       0x64 CMakeFiles/GD32F303.elf.dir/Software/Source/ANO_TC.c.obj
 .text.ANO_Init
                0x0800d424       0x48 CMakeFiles/GD32F303.elf.dir/Software/Source/ANO_TC.c.obj
                0x0800d424                ANO_Init
 .text.ANO_Uploading_data
                0x0800d46c      0x594 CMakeFiles/GD32F303.elf.dir/Software/Source/ANO_TC.c.obj
                0x0800d46c                ANO_Uploading_data
 .text.ANO_Upload_PID
                0x0800da00       0x98 CMakeFiles/GD32F303.elf.dir/Software/Source/ANO_TC.c.obj
 .text.ANO_Mainfunc
                0x0800da98      0x46c CMakeFiles/GD32F303.elf.dir/Software/Source/ANO_TC.c.obj
                0x0800da98                ANO_Mainfunc
 .text.Buzzer_High_Callback
                0x0800df04       0x2c CMakeFiles/GD32F303.elf.dir/Software/Source/BUZZER.c.obj
                0x0800df04                Buzzer_High_Callback
 .text.Buzzer_Low_Callback
                0x0800df30       0x2c CMakeFiles/GD32F303.elf.dir/Software/Source/BUZZER.c.obj
                0x0800df30                Buzzer_Low_Callback
 .text.BUZZER_Init
                0x0800df5c       0x44 CMakeFiles/GD32F303.elf.dir/Software/Source/BUZZER.c.obj
                0x0800df5c                BUZZER_Init
 .text.Set_Buzzer
                0x0800dfa0       0x6c CMakeFiles/GD32F303.elf.dir/Software/Source/BUZZER.c.obj
                0x0800dfa0                Set_Buzzer
 .text.Buzzer_Disable
                0x0800e00c       0x24 CMakeFiles/GD32F303.elf.dir/Software/Source/BUZZER.c.obj
                0x0800e00c                Buzzer_Disable
 .text.Button_A_Callback
                0x0800e030       0x14 CMakeFiles/GD32F303.elf.dir/Software/Source/Button.c.obj
                0x0800e030                Button_A_Callback
 .text.Button_B_Callback
                0x0800e044       0x14 CMakeFiles/GD32F303.elf.dir/Software/Source/Button.c.obj
                0x0800e044                Button_B_Callback
 .text.Button_Init
                0x0800e058       0x3c CMakeFiles/GD32F303.elf.dir/Software/Source/Button.c.obj
                0x0800e058                Button_Init
 .text.Get_Button_SemapHore
                0x0800e094       0x18 CMakeFiles/GD32F303.elf.dir/Software/Source/Button.c.obj
                0x0800e094                Get_Button_SemapHore
 .text.Central_Control_System
                0x0800e0ac        0xe CMakeFiles/GD32F303.elf.dir/Software/Source/Central_Control_System.c.obj
                0x0800e0ac                Central_Control_System
 *fill*         0x0800e0ba        0x2 
 .text.Central_Control_System_Init
                0x0800e0bc       0x38 CMakeFiles/GD32F303.elf.dir/Software/Source/Central_Control_System.c.obj
                0x0800e0bc                Central_Control_System_Init
 .text.Attitude_Control_Task
                0x0800e0f4      0x140 CMakeFiles/GD32F303.elf.dir/Software/Source/Control_System.c.obj
                0x0800e0f4                Attitude_Control_Task
 .text.Motor_Control_Task
                0x0800e234      0x1c4 CMakeFiles/GD32F303.elf.dir/Software/Source/Control_System.c.obj
                0x0800e234                Motor_Control_Task
 .text.Control_System_Init
                0x0800e3f8       0x5c CMakeFiles/GD32F303.elf.dir/Software/Source/Control_System.c.obj
                0x0800e3f8                Control_System_Init
 .text.Set_Yaw_PID
                0x0800e454       0x38 CMakeFiles/GD32F303.elf.dir/Software/Source/Control_System.c.obj
                0x0800e454                Set_Yaw_PID
 .text.Get_Motor_Target_Vel
                0x0800e48c       0x14 CMakeFiles/GD32F303.elf.dir/Software/Source/Control_System.c.obj
                0x0800e48c                Get_Motor_Target_Vel
 .text.Set_Body_X
                0x0800e4a0        0xc CMakeFiles/GD32F303.elf.dir/Software/Source/Control_System.c.obj
                0x0800e4a0                Set_Body_X
 .text.Set_Body_Y
                0x0800e4ac        0xc CMakeFiles/GD32F303.elf.dir/Software/Source/Control_System.c.obj
                0x0800e4ac                Set_Body_Y
 .text.Set_Body_Yaw
                0x0800e4b8        0xc CMakeFiles/GD32F303.elf.dir/Software/Source/Control_System.c.obj
                0x0800e4b8                Set_Body_Yaw
 .text.Control_System_Enable
                0x0800e4c4        0xc CMakeFiles/GD32F303.elf.dir/Software/Source/Control_System.c.obj
                0x0800e4c4                Control_System_Enable
 .text.Control_System_Disable
                0x0800e4d0        0xc CMakeFiles/GD32F303.elf.dir/Software/Source/Control_System.c.obj
                0x0800e4d0                Control_System_Disable
 .text.Get_Control_Switch
                0x0800e4dc        0xc CMakeFiles/GD32F303.elf.dir/Software/Source/Control_System.c.obj
                0x0800e4dc                Get_Control_Switch
 .text.Positive_Check
                0x0800e4e8       0xbc CMakeFiles/GD32F303.elf.dir/Software/Source/Digital_Signature.c.obj
                0x0800e4e8                Positive_Check
 .text.EEPROM_ReadOneByte
                0x0800e5a4       0x1c CMakeFiles/GD32F303.elf.dir/Software/Source/EEPROM.c.obj
                0x0800e5a4                EEPROM_ReadOneByte
 .text.EEPROM_WriteOneHalfword
                0x0800e5c0        0xc CMakeFiles/GD32F303.elf.dir/Software/Source/EEPROM.c.obj
                0x0800e5c0                EEPROM_WriteOneHalfword
 .text.EEPROM_ReadOneHalfword
                0x0800e5cc       0x1c CMakeFiles/GD32F303.elf.dir/Software/Source/EEPROM.c.obj
                0x0800e5cc                EEPROM_ReadOneHalfword
 .text.EEPROM_WriteOneWord
                0x0800e5e8        0xc CMakeFiles/GD32F303.elf.dir/Software/Source/EEPROM.c.obj
                0x0800e5e8                EEPROM_WriteOneWord
 .text.EEPROM_ReadOneWord
                0x0800e5f4       0x1a CMakeFiles/GD32F303.elf.dir/Software/Source/EEPROM.c.obj
                0x0800e5f4                EEPROM_ReadOneWord
 *fill*         0x0800e60e        0x2 
 .text.EEPROM_Data_Save
                0x0800e610       0x2c CMakeFiles/GD32F303.elf.dir/Software/Source/EEPROM.c.obj
                0x0800e610                EEPROM_Data_Save
 .text.EEPROM_Updata
                0x0800e63c       0x18 CMakeFiles/GD32F303.elf.dir/Software/Source/EEPROM.c.obj
                0x0800e63c                EEPROM_Updata
 .text.EEPROM_Init
                0x0800e654        0x8 CMakeFiles/GD32F303.elf.dir/Software/Source/EEPROM.c.obj
                0x0800e654                EEPROM_Init
 .text.Execute_System_Init
                0x0800e65c       0x38 CMakeFiles/GD32F303.elf.dir/Software/Source/Execute_System.c.obj
                0x0800e65c                Execute_System_Init
 .text.Get_IMU_Status
                0x0800e694        0xc CMakeFiles/GD32F303.elf.dir/Software/Source/IMU.c.obj
                0x0800e694                Get_IMU_Status
 .text.ICM20602_Init
                0x0800e6a0       0xb6 CMakeFiles/GD32F303.elf.dir/Software/Source/IMU.c.obj
                0x0800e6a0                ICM20602_Init
 *fill*         0x0800e756        0x2 
 .text.ICM_Get_Gyroscope
                0x0800e758       0x9c CMakeFiles/GD32F303.elf.dir/Software/Source/IMU.c.obj
                0x0800e758                ICM_Get_Gyroscope
 .text.IMU_Offsets_Calibrate
                0x0800e7f4      0x1f8 CMakeFiles/GD32F303.elf.dir/Software/Source/IMU.c.obj
 .text.IST8310_Init
                0x0800e9ec       0x60 CMakeFiles/GD32F303.elf.dir/Software/Source/IMU.c.obj
                0x0800e9ec                IST8310_Init
 .text.IMU_Init
                0x0800ea4c       0x28 CMakeFiles/GD32F303.elf.dir/Software/Source/IMU.c.obj
                0x0800ea4c                IMU_Init
 .text.Manual_Control_Mainfunc
                0x0800ea74       0xb4 CMakeFiles/GD32F303.elf.dir/Software/Source/Manual_Control.c.obj
                0x0800ea74                Manual_Control_Mainfunc
 .text.Manual_Control_init
                0x0800eb28       0x2c CMakeFiles/GD32F303.elf.dir/Software/Source/Manual_Control.c.obj
                0x0800eb28                Manual_Control_init
 .text.Motor_Control_Init
                0x0800eb54       0x80 CMakeFiles/GD32F303.elf.dir/Software/Source/Motor_Control.c.obj
                0x0800eb54                Motor_Control_Init
 .text.Set_Motor_Pwm
                0x0800ebd4       0xe4 CMakeFiles/GD32F303.elf.dir/Software/Source/Motor_Control.c.obj
                0x0800ebd4                Set_Motor_Pwm
 .text.Motor_Velocity_Control
                0x0800ecb8       0x90 CMakeFiles/GD32F303.elf.dir/Software/Source/Motor_Control.c.obj
                0x0800ecb8                Motor_Velocity_Control
 .text.Set_Motor_PID
                0x0800ed48       0xb8 CMakeFiles/GD32F303.elf.dir/Software/Source/Motor_Control.c.obj
                0x0800ed48                Set_Motor_PID
 .text.Get_Motor_PID
                0x0800ee00       0xac CMakeFiles/GD32F303.elf.dir/Software/Source/Motor_Control.c.obj
                0x0800ee00                Get_Motor_PID
 .text.My_absf  0x0800eeac        0xe CMakeFiles/GD32F303.elf.dir/Software/Source/My_Math.c.obj
                0x0800eeac                My_absf
 .text.PID_Positional_Calculate
                0x0800eeba       0xaa CMakeFiles/GD32F303.elf.dir/Software/Source/PID.c.obj
                0x0800eeba                PID_Positional_Calculate
 .text.Parameter_Loading
                0x0800ef64      0x328 CMakeFiles/GD32F303.elf.dir/Software/Source/Parameter_Loading.c.obj
                0x0800ef64                Parameter_Loading
 .text.Parameter_Loading_Init
                0x0800f28c       0x18 CMakeFiles/GD32F303.elf.dir/Software/Source/Parameter_Loading.c.obj
                0x0800f28c                Parameter_Loading_Init
 .text.Get_PID_Param
                0x0800f2a4       0x50 CMakeFiles/GD32F303.elf.dir/Software/Source/Parameter_Loading.c.obj
                0x0800f2a4                Get_PID_Param
 .text.Recive_Device_USART_Callback_Register
                0x0800f2f4       0x1c CMakeFiles/GD32F303.elf.dir/Software/Source/Recive_Device.c.obj
                0x0800f2f4                Recive_Device_USART_Callback_Register
 .text.Recive_Device_Mainfunc
                0x0800f310       0xe0 CMakeFiles/GD32F303.elf.dir/Software/Source/Recive_Device.c.obj
                0x0800f310                Recive_Device_Mainfunc
 .text.Recive_Device_Init
                0x0800f3f0       0x48 CMakeFiles/GD32F303.elf.dir/Software/Source/Recive_Device.c.obj
                0x0800f3f0                Recive_Device_Init
 .text.RingBuffer_Init
                0x0800f438        0x8 CMakeFiles/GD32F303.elf.dir/Software/Source/RingBuffer.c.obj
                0x0800f438                RingBuffer_Init
 .text.RingBuffer_Write
                0x0800f440       0x34 CMakeFiles/GD32F303.elf.dir/Software/Source/RingBuffer.c.obj
                0x0800f440                RingBuffer_Write
 .text.RingBuffer_Read
                0x0800f474       0x3a CMakeFiles/GD32F303.elf.dir/Software/Source/RingBuffer.c.obj
                0x0800f474                RingBuffer_Read
 *fill*         0x0800f4ae        0x2 
 .text.Servo_Init
                0x0800f4b0       0x10 CMakeFiles/GD32F303.elf.dir/Software/Source/Servo.c.obj
                0x0800f4b0                Servo_Init
 .text.Solution_System_Init
                0x0800f4c0       0x28 CMakeFiles/GD32F303.elf.dir/Software/Source/Solution_System.c.obj
                0x0800f4c0                Solution_System_Init
 .text.Solution_System
                0x0800f4e8       0x54 CMakeFiles/GD32F303.elf.dir/Software/Source/Solution_System.c.obj
                0x0800f4e8                Solution_System
 .text.Get__30HZ_LPF_Acc
                0x0800f53c       0x24 CMakeFiles/GD32F303.elf.dir/Software/Source/Solution_System.c.obj
                0x0800f53c                Get__30HZ_LPF_Acc
 .text.Get_Primeval_Gyr
                0x0800f560       0x24 CMakeFiles/GD32F303.elf.dir/Software/Source/Solution_System.c.obj
                0x0800f560                Get_Primeval_Gyr
 .text.Get_Primeval_Mag
                0x0800f584       0x24 CMakeFiles/GD32F303.elf.dir/Software/Source/Solution_System.c.obj
                0x0800f584                Get_Primeval_Mag
 .text.Get_Attitude
                0x0800f5a8       0x2c CMakeFiles/GD32F303.elf.dir/Software/Source/Solution_System.c.obj
                0x0800f5a8                Get_Attitude
 .text.System_time_init
                0x0800f5d4       0x5c CMakeFiles/GD32F303.elf.dir/Software/Source/System_time.c.obj
                0x0800f5d4                System_time_init
 .text.SysTick_Handler
                0x0800f630       0x28 CMakeFiles/GD32F303.elf.dir/Software/Source/System_time.c.obj
                0x0800f630                SysTick_Handler
 .text.Get_System_T
                0x0800f658       0x2c CMakeFiles/GD32F303.elf.dir/Software/Source/System_time.c.obj
                0x0800f658                Get_System_T
 .text.Get_deta_T
                0x0800f684       0x74 CMakeFiles/GD32F303.elf.dir/Software/Source/System_time.c.obj
                0x0800f684                Get_deta_T
 .text.delay_ms
                0x0800f6f8       0x40 CMakeFiles/GD32F303.elf.dir/Software/Source/System_time.c.obj
                0x0800f6f8                delay_ms
 .text.NMI_Handler
                0x0800f738        0x2 CMakeFiles/GD32F303.elf.dir/Startup/gd32f30x_it.c.obj
                0x0800f738                NMI_Handler
 .text.HardFault_Handler
                0x0800f73a        0x2 CMakeFiles/GD32F303.elf.dir/Startup/gd32f30x_it.c.obj
                0x0800f73a                HardFault_Handler
 .text.MemManage_Handler
                0x0800f73c        0x2 CMakeFiles/GD32F303.elf.dir/Startup/gd32f30x_it.c.obj
                0x0800f73c                MemManage_Handler
 .text.BusFault_Handler
                0x0800f73e        0x2 CMakeFiles/GD32F303.elf.dir/Startup/gd32f30x_it.c.obj
                0x0800f73e                BusFault_Handler
 .text.UsageFault_Handler
                0x0800f740        0x2 CMakeFiles/GD32F303.elf.dir/Startup/gd32f30x_it.c.obj
                0x0800f740                UsageFault_Handler
 .text.DebugMon_Handler
                0x0800f742        0x2 CMakeFiles/GD32F303.elf.dir/Startup/gd32f30x_it.c.obj
                0x0800f742                DebugMon_Handler
 .text.system_clock_120m_hxtal
                0x0800f744       0xd8 CMakeFiles/GD32F303.elf.dir/Startup/system_gd32f30x.c.obj
 .text.system_clock_config
                0x0800f81c        0x8 CMakeFiles/GD32F303.elf.dir/Startup/system_gd32f30x.c.obj
 .text.SystemInit
                0x0800f824       0x80 CMakeFiles/GD32F303.elf.dir/Startup/system_gd32f30x.c.obj
                0x0800f824                SystemInit
 .text.Car_System_Init_Task
                0x0800f8a4       0x98 CMakeFiles/GD32F303.elf.dir/USER/main.c.obj
                0x0800f8a4                Car_System_Init_Task
 .text.WS2812_Task
                0x0800f93c       0x84 CMakeFiles/GD32F303.elf.dir/USER/main.c.obj
                0x0800f93c                WS2812_Task
 .text.BUZZER_Task
                0x0800f9c0      0x160 CMakeFiles/GD32F303.elf.dir/USER/main.c.obj
                0x0800f9c0                BUZZER_Task
 .text.main     0x0800fb20       0x70 CMakeFiles/GD32F303.elf.dir/USER/main.c.obj
                0x0800fb20                main
 .text.Reset_Handler
                0x0800fb90       0x50 CMakeFiles/GD32F303.elf.dir/startup_gd32f30x_hd.s.obj
                0x0800fb90                Reset_Handler
 .text.Default_Handler
                0x0800fbe0        0x2 CMakeFiles/GD32F303.elf.dir/startup_gd32f30x_hd.s.obj
                0x0800fbe0                RTC_Alarm_IRQHandler
                0x0800fbe0                EXTI2_IRQHandler
                0x0800fbe0                LVD_IRQHandler
                0x0800fbe0                TIMER0_BRK_IRQHandler
                0x0800fbe0                ADC0_1_IRQHandler
                0x0800fbe0                TIMER0_UP_IRQHandler
                0x0800fbe0                SDIO_IRQHandler
                0x0800fbe0                EXTI3_IRQHandler
                0x0800fbe0                DMA0_Channel6_IRQHandler
                0x0800fbe0                I2C0_EV_IRQHandler
                0x0800fbe0                EXTI0_IRQHandler
                0x0800fbe0                SPI1_IRQHandler
                0x0800fbe0                TAMPER_IRQHandler
                0x0800fbe0                DMA1_Channel0_IRQHandler
                0x0800fbe0                DMA0_Channel3_IRQHandler
                0x0800fbe0                I2C0_ER_IRQHandler
                0x0800fbe0                RTC_IRQHandler
                0x0800fbe0                TIMER7_UP_IRQHandler
                0x0800fbe0                DMA0_Channel2_IRQHandler
                0x0800fbe0                TIMER7_TRG_CMT_IRQHandler
                0x0800fbe0                TIMER0_TRG_CMT_IRQHandler
                0x0800fbe0                I2C1_EV_IRQHandler
                0x0800fbe0                DMA1_Channel1_IRQHandler
                0x0800fbe0                Default_Handler
                0x0800fbe0                TIMER7_Channel_IRQHandler
                0x0800fbe0                EXMC_IRQHandler
                0x0800fbe0                ADC2_IRQHandler
                0x0800fbe0                SPI2_IRQHandler
                0x0800fbe0                USBD_WKUP_IRQHandler
                0x0800fbe0                RCU_CTC_IRQHandler
                0x0800fbe0                TIMER7_BRK_IRQHandler
                0x0800fbe0                EXTI4_IRQHandler
                0x0800fbe0                USBD_HP_CAN0_TX_IRQHandler
                0x0800fbe0                CAN0_RX1_IRQHandler
                0x0800fbe0                DMA0_Channel5_IRQHandler
                0x0800fbe0                WWDG_IRQHandler
                0x0800fbe0                DMA0_Channel1_IRQHandler
                0x0800fbe0                TIMER0_Channel_IRQHandler
                0x0800fbe0                EXTI1_IRQHandler
                0x0800fbe0                SPI0_IRQHandler
                0x0800fbe0                DMA1_Channel3_4_IRQHandler
                0x0800fbe0                CAN0_EWMC_IRQHandler
                0x0800fbe0                DMA1_Channel2_IRQHandler
                0x0800fbe0                USBD_LP_CAN0_RX0_IRQHandler
                0x0800fbe0                I2C1_ER_IRQHandler
                0x0800fbe0                FMC_IRQHandler
                0x0800fbe0                DMA0_Channel4_IRQHandler
 *fill*         0x0800fbe2        0x2 
 .text.__libc_init_array
                0x0800fbe4       0x48 c:/progra~2/gnuarm~1/102021~1.10/bin/../lib/gcc/arm-none-eabi/10.3.1/../../../../arm-none-eabi/lib/thumb/v7e-m+fp/hard\libg.a(lib_a-init.o)
                0x0800fbe4                __libc_init_array
 .text.memset   0x0800fc2c       0xa4 c:/progra~2/gnuarm~1/102021~1.10/bin/../lib/gcc/arm-none-eabi/10.3.1/../../../../arm-none-eabi/lib/thumb/v7e-m+fp/hard\libg.a(lib_a-memset.o)
                0x0800fc2c                memset
 .text.startup.register_fini
                0x0800fcd0       0x14 c:/progra~2/gnuarm~1/102021~1.10/bin/../lib/gcc/arm-none-eabi/10.3.1/../../../../arm-none-eabi/lib/thumb/v7e-m+fp/hard\libg.a(lib_a-__call_atexit.o)
 .text.atexit   0x0800fce4        0xc c:/progra~2/gnuarm~1/102021~1.10/bin/../lib/gcc/arm-none-eabi/10.3.1/../../../../arm-none-eabi/lib/thumb/v7e-m+fp/hard\libg.a(lib_a-atexit.o)
                0x0800fce4                atexit
 .text.__libc_fini_array
                0x0800fcf0       0x2c c:/progra~2/gnuarm~1/102021~1.10/bin/../lib/gcc/arm-none-eabi/10.3.1/../../../../arm-none-eabi/lib/thumb/v7e-m+fp/hard\libg.a(lib_a-fini.o)
                0x0800fcf0                __libc_fini_array
 .text.__retarget_lock_acquire_recursive
                0x0800fd1c        0x4 c:/progra~2/gnuarm~1/102021~1.10/bin/../lib/gcc/arm-none-eabi/10.3.1/../../../../arm-none-eabi/lib/thumb/v7e-m+fp/hard\libg.a(lib_a-lock.o)
                0x0800fd1c                __retarget_lock_acquire_recursive
 .text.__retarget_lock_release_recursive
                0x0800fd20        0x4 c:/progra~2/gnuarm~1/102021~1.10/bin/../lib/gcc/arm-none-eabi/10.3.1/../../../../arm-none-eabi/lib/thumb/v7e-m+fp/hard\libg.a(lib_a-lock.o)
                0x0800fd20                __retarget_lock_release_recursive
 .text.__register_exitproc
                0x0800fd24       0x8c c:/progra~2/gnuarm~1/102021~1.10/bin/../lib/gcc/arm-none-eabi/10.3.1/../../../../arm-none-eabi/lib/thumb/v7e-m+fp/hard\libg.a(lib_a-__atexit.o)
                0x0800fd24                __register_exitproc
 *(.glue_7)
 .glue_7        0x0800fdb0        0x0 linker stubs
 *(.glue_7t)
 .glue_7t       0x0800fdb0        0x0 linker stubs
 *(.eh_frame)
 .eh_frame      0x0800fdb0        0x0 c:/progra~2/gnuarm~1/102021~1.10/bin/../lib/gcc/arm-none-eabi/10.3.1/thumb/v7e-m+fp/hard/crtbegin.o
 *(.init)
 .init          0x0800fdb0        0x4 c:/progra~2/gnuarm~1/102021~1.10/bin/../lib/gcc/arm-none-eabi/10.3.1/thumb/v7e-m+fp/hard/crti.o
                0x0800fdb0                _init
 .init          0x0800fdb4        0x8 c:/progra~2/gnuarm~1/102021~1.10/bin/../lib/gcc/arm-none-eabi/10.3.1/thumb/v7e-m+fp/hard/crtn.o
 *(.fini)
 .fini          0x0800fdbc        0x4 c:/progra~2/gnuarm~1/102021~1.10/bin/../lib/gcc/arm-none-eabi/10.3.1/thumb/v7e-m+fp/hard/crti.o
                0x0800fdbc                _fini
 .fini          0x0800fdc0        0x8 c:/progra~2/gnuarm~1/102021~1.10/bin/../lib/gcc/arm-none-eabi/10.3.1/thumb/v7e-m+fp/hard/crtn.o
                0x0800fdc8                . = ALIGN (0x4)
                0x0800fdc8                _etext = .

.vfp11_veneer   0x0800fdc8        0x0
 .vfp11_veneer  0x0800fdc8        0x0 linker stubs

.v4_bx          0x0800fdc8        0x0
 .v4_bx         0x0800fdc8        0x0 linker stubs

.iplt           0x0800fdc8        0x0
 .iplt          0x0800fdc8        0x0 c:/progra~2/gnuarm~1/102021~1.10/bin/../lib/gcc/arm-none-eabi/10.3.1/thumb/v7e-m+fp/hard/crtbegin.o

.rodata         0x0800fdc8      0x10c
                0x0800fdc8                . = ALIGN (0x4)
 *(.rodata)
 .rodata        0x0800fdc8       0x18 CMakeFiles/GD32F303.elf.dir/GD32F30x_standard_peripheral/Source/gd32f30x_rcu.c.obj
 .rodata        0x0800fde0       0x12 CMakeFiles/GD32F303.elf.dir/Software/Source/ANO_TC.c.obj
 *(.rodata*)
 *fill*         0x0800fdf2        0x2 
 .rodata.vTaskStartScheduler.str1.4
                0x0800fdf4        0x5 CMakeFiles/GD32F303.elf.dir/FreeRTOS/Source/tasks.c.obj
 *fill*         0x0800fdf9        0x3 
 .rodata.prvCheckForValidListAndQueue.str1.4
                0x0800fdfc        0x5 CMakeFiles/GD32F303.elf.dir/FreeRTOS/Source/timers.c.obj
 *fill*         0x0800fe01        0x3 
 .rodata.xTimerCreateTimerTask.str1.4
                0x0800fe04        0x8 CMakeFiles/GD32F303.elf.dir/FreeRTOS/Source/timers.c.obj
 .rodata.ANO_Init.str1.4
                0x0800fe0c        0xd CMakeFiles/GD32F303.elf.dir/Software/Source/ANO_TC.c.obj
 *fill*         0x0800fe19        0x3 
 .rodata.Central_Control_System_Init.str1.4
                0x0800fe1c       0x17 CMakeFiles/GD32F303.elf.dir/Software/Source/Central_Control_System.c.obj
 *fill*         0x0800fe33        0x1 
 .rodata.Control_System_Init.str1.4
                0x0800fe34       0x2a CMakeFiles/GD32F303.elf.dir/Software/Source/Control_System.c.obj
 *fill*         0x0800fe5e        0x2 
 .rodata.Positive_Check.str1.4
                0x0800fe60        0xd CMakeFiles/GD32F303.elf.dir/Software/Source/Digital_Signature.c.obj
 *fill*         0x0800fe6d        0x3 
 .rodata.Manual_Control_init.str1.4
                0x0800fe70       0x18 CMakeFiles/GD32F303.elf.dir/Software/Source/Manual_Control.c.obj
 .rodata.Recive_Device_Init.str1.4
                0x0800fe88       0x17 CMakeFiles/GD32F303.elf.dir/Software/Source/Recive_Device.c.obj
 *fill*         0x0800fe9f        0x1 
 .rodata.Car_System_Init_Task.str1.4
                0x0800fea0       0x18 CMakeFiles/GD32F303.elf.dir/USER/main.c.obj
 .rodata.main.str1.4
                0x0800feb8       0x15 CMakeFiles/GD32F303.elf.dir/USER/main.c.obj
 *fill*         0x0800fecd        0x3 
 .rodata._global_impure_ptr
                0x0800fed0        0x4 c:/progra~2/gnuarm~1/102021~1.10/bin/../lib/gcc/arm-none-eabi/10.3.1/../../../../arm-none-eabi/lib/thumb/v7e-m+fp/hard\libg.a(lib_a-impure.o)
                0x0800fed0                _global_impure_ptr
                0x0800fed4                . = ALIGN (0x4)

.rel.dyn        0x0800fed4        0x0
 .rel.iplt      0x0800fed4        0x0 c:/progra~2/gnuarm~1/102021~1.10/bin/../lib/gcc/arm-none-eabi/10.3.1/thumb/v7e-m+fp/hard/crtbegin.o

.ARM.extab
 *(.ARM.extab* .gnu.linkonce.armextab.*)

.ARM            0x0800fed4        0x0
                0x0800fed4                __exidx_start = .
 *(.ARM.exidx*)
                0x0800fed4                __exidx_end = .

.preinit_array  0x0800fed4        0x0
                0x0800fed4                PROVIDE (__preinit_array_start = .)
 *(.preinit_array*)
                0x0800fed4                PROVIDE (__preinit_array_end = .)

.init_array     0x0800fed4        0x8
                0x0800fed4                PROVIDE (__init_array_start = .)
 *(SORT_BY_NAME(.init_array.*))
 .init_array.00000
                0x0800fed4        0x4 c:/progra~2/gnuarm~1/102021~1.10/bin/../lib/gcc/arm-none-eabi/10.3.1/../../../../arm-none-eabi/lib/thumb/v7e-m+fp/hard\libg.a(lib_a-__call_atexit.o)
 *(.init_array*)
 .init_array    0x0800fed8        0x4 c:/progra~2/gnuarm~1/102021~1.10/bin/../lib/gcc/arm-none-eabi/10.3.1/thumb/v7e-m+fp/hard/crtbegin.o
                0x0800fedc                PROVIDE (__init_array_end = .)

.fini_array     0x0800fedc        0x4
                0x0800fedc                PROVIDE (__fini_array_start = .)
 *(SORT_BY_NAME(.fini_array.*))
 *(.fini_array*)
 .fini_array    0x0800fedc        0x4 c:/progra~2/gnuarm~1/102021~1.10/bin/../lib/gcc/arm-none-eabi/10.3.1/thumb/v7e-m+fp/hard/crtbegin.o
                0x0800fee0                PROVIDE (__fini_array_end = .)
                0x0800fee0                _sidata = LOADADDR (.data)

.data           0x20000000      0x57c load address 0x0800fee0
                0x20000000                . = ALIGN (0x4)
                0x20000000                _sdata = .
 *(.data)
 *(.data*)
 .data.uxCriticalNesting
                0x20000000        0x4 CMakeFiles/GD32F303.elf.dir/FreeRTOS/Source/portable/GCC/ARM_CM4F/port.c.obj
 .data.ANO_Function
                0x20000004        0x1 CMakeFiles/GD32F303.elf.dir/Software/Source/ANO_TC.c.obj
                0x20000004                ANO_Function
 *fill*         0x20000005        0x3 
 .data.Default_Param
                0x20000008      0x140 CMakeFiles/GD32F303.elf.dir/Software/Source/Parameter_Loading.c.obj
                0x20000008                Default_Param
 .data.Default_Param_Flag
                0x20000148        0x1 CMakeFiles/GD32F303.elf.dir/Software/Source/Parameter_Loading.c.obj
                0x20000148                Default_Param_Flag
 *fill*         0x20000149        0x3 
 .data.SystemCoreClock
                0x2000014c        0x4 CMakeFiles/GD32F303.elf.dir/Startup/system_gd32f30x.c.obj
                0x2000014c                SystemCoreClock
 .data.impure_data
                0x20000150      0x428 c:/progra~2/gnuarm~1/102021~1.10/bin/../lib/gcc/arm-none-eabi/10.3.1/../../../../arm-none-eabi/lib/thumb/v7e-m+fp/hard\libg.a(lib_a-impure.o)
 .data.__atexit_recursive_mutex
                0x20000578        0x4 c:/progra~2/gnuarm~1/102021~1.10/bin/../lib/gcc/arm-none-eabi/10.3.1/../../../../arm-none-eabi/lib/thumb/v7e-m+fp/hard\libg.a(lib_a-__call_atexit.o)
                0x20000578                __atexit_recursive_mutex
                0x2000057c                . = ALIGN (0x4)
                0x2000057c                _edata = .
                0x0801045c                _siccmram = LOADADDR (.ccmram)

.igot.plt       0x2000057c        0x0 load address 0x0801045c
 .igot.plt      0x2000057c        0x0 c:/progra~2/gnuarm~1/102021~1.10/bin/../lib/gcc/arm-none-eabi/10.3.1/thumb/v7e-m+fp/hard/crtbegin.o

.ccmram         0x10000000        0x0 load address 0x0801045c
                0x10000000                . = ALIGN (0x4)
                0x10000000                _sccmram = .
 *(.ccmram)
 *(.ccmram*)
                0x10000000                . = ALIGN (0x4)
                0x10000000                _eccmram = .
                0x10000000                . = ALIGN (0x4)

.bss            0x2000057c     0x4104
                0x2000057c                _sbss = .
                0x2000057c                __bss_start__ = _sbss
 *(.bss)