Component: ARM Compiler 5.06 update 6 (build 750) Tool: armlink [4d35ed]

==============================================================================

Section Cross References

    startup_gd32f30x_hd.o(STACK) refers (Special) to heapauxi.o(.text) for __use_two_region_memory
    startup_gd32f30x_hd.o(HEAP) refers (Special) to heapauxi.o(.text) for __use_two_region_memory
    startup_gd32f30x_hd.o(RESET) refers (Special) to heapauxi.o(.text) for __use_two_region_memory
    startup_gd32f30x_hd.o(RESET) refers to startup_gd32f30x_hd.o(STACK) for __initial_sp
    startup_gd32f30x_hd.o(RESET) refers to startup_gd32f30x_hd.o(.text) for Reset_Handler
    startup_gd32f30x_hd.o(RESET) refers to gd32f30x_it.o(i.NMI_Handler) for NMI_Handler
    startup_gd32f30x_hd.o(RESET) refers to gd32f30x_it.o(i.HardFault_Handler) for HardFault_Handler
    startup_gd32f30x_hd.o(RESET) refers to gd32f30x_it.o(i.MemManage_Handler) for MemManage_Handler
    startup_gd32f30x_hd.o(RESET) refers to gd32f30x_it.o(i.BusFault_Handler) for BusFault_Handler
    startup_gd32f30x_hd.o(RESET) refers to gd32f30x_it.o(i.UsageFault_Handler) for UsageFault_Handler
    startup_gd32f30x_hd.o(RESET) refers to gd32f30x_it.o(i.SVC_Handler) for SVC_Handler
    startup_gd32f30x_hd.o(RESET) refers to gd32f30x_it.o(i.DebugMon_Handler) for DebugMon_Handler
    startup_gd32f30x_hd.o(RESET) refers to gd32f30x_it.o(i.PendSV_Handler) for PendSV_Handler
    startup_gd32f30x_hd.o(RESET) refers to system_time.o(i.SysTick_Handler) for SysTick_Handler
    startup_gd32f30x_hd.o(RESET) refers to exti_drv.o(i.EXTI5_9_IRQHandler) for EXTI5_9_IRQHandler
    startup_gd32f30x_hd.o(RESET) refers to usart_drv.o(i.USART0_IRQHandler) for USART0_IRQHandler
    startup_gd32f30x_hd.o(RESET) refers to usart_drv.o(i.USART1_IRQHandler) for USART1_IRQHandler
    startup_gd32f30x_hd.o(RESET) refers to usart_drv.o(i.USART2_IRQHandler) for USART2_IRQHandler
    startup_gd32f30x_hd.o(RESET) refers to exti_drv.o(i.EXTI10_15_IRQHandler) for EXTI10_15_IRQHandler
    startup_gd32f30x_hd.o(.text) refers (Special) to heapauxi.o(.text) for __use_two_region_memory
    startup_gd32f30x_hd.o(.text) refers to system_gd32f30x.o(i.SystemInit) for SystemInit
    startup_gd32f30x_hd.o(.text) refers to __main.o(!!!main) for __main
    startup_gd32f30x_hd.o(.text) refers to startup_gd32f30x_hd.o(HEAP) for Heap_Mem
    startup_gd32f30x_hd.o(.text) refers to startup_gd32f30x_hd.o(STACK) for Stack_Mem
    system_gd32f30x.o(i.SystemCoreClockUpdate) refers to system_gd32f30x.o(.data) for SystemCoreClock
    system_gd32f30x.o(i.SystemInit) refers to system_gd32f30x.o(i.system_clock_config) for system_clock_config
    system_gd32f30x.o(i.system_clock_config) refers to system_gd32f30x.o(i.system_clock_120m_hxtal) for system_clock_120m_hxtal
    main.o(i.Go_to_APP) refers to gd32f30x_rcu.o(i.rcu_deinit) for rcu_deinit
    main.o(i.Go_to_APP) refers to main.o(.data) for JumpAddress
    main.o(i.main) refers to gd32f30x_misc.o(i.nvic_priority_group_set) for nvic_priority_group_set
    main.o(i.main) refers to gd32f30x_rcu.o(i.rcu_periph_clock_enable) for rcu_periph_clock_enable
    main.o(i.main) refers to system_time.o(i.System_time_init) for System_time_init
    main.o(i.main) refers to ws2812_drv.o(i.ws2812_Init) for ws2812_Init
    main.o(i.main) refers to gpio_drv.o(i.all_gpio_init) for all_gpio_init
    main.o(i.main) refers to usart_drv.o(i.usart2_init) for usart2_init
    main.o(i.main) refers to ymodem.o(i.Ymodem_init) for Ymodem_init
    main.o(i.main) refers to gpio_drv.o(i.get_gpio_struct) for get_gpio_struct
    main.o(i.main) refers to rt_memcpy_w.o(.text) for __aeabi_memcpy4
    main.o(i.main) refers to system_time.o(i.Get_System_T) for Get_System_T
    main.o(i.main) refers to system_time.o(i.Get_deta_T) for Get_deta_T
    main.o(i.main) refers to f2d.o(x$fpl$f2d) for __aeabi_f2d
    main.o(i.main) refers to drleqf.o(x$fpl$drleqf) for __aeabi_cdrcmple
    main.o(i.main) refers to usart_drv.o(i.usart2_send_byte) for usart2_send_byte
    main.o(i.main) refers to ws2812_drv.o(i.ws2812_Control) for ws2812_Control
    main.o(i.main) refers to ymodem.o(i.Get_Connecting) for Get_Connecting
    main.o(i.main) refers to ymodem.o(i.Ymodem_Receive) for Ymodem_Receive
    main.o(i.main) refers to main.o(i.Go_to_APP) for Go_to_APP
    main.o(i.main) refers to main.o(.data) for Main_T
    gd32f30x_adc.o(i.adc_deinit) refers to gd32f30x_rcu.o(i.rcu_periph_reset_enable) for rcu_periph_reset_enable
    gd32f30x_adc.o(i.adc_deinit) refers to gd32f30x_rcu.o(i.rcu_periph_reset_disable) for rcu_periph_reset_disable
    gd32f30x_bkp.o(i.bkp_deinit) refers to gd32f30x_rcu.o(i.rcu_bkp_reset_enable) for rcu_bkp_reset_enable
    gd32f30x_bkp.o(i.bkp_deinit) refers to gd32f30x_rcu.o(i.rcu_bkp_reset_disable) for rcu_bkp_reset_disable
    gd32f30x_can.o(i.can_debug_freeze_disable) refers to gd32f30x_dbg.o(i.dbg_periph_enable) for dbg_periph_enable
[...]
    .ARM.Collect$$rtexit$$00000000           0x080001c2   Section        2  rtexit.o(.ARM.Collect$$rtexit$$00000000)
    .ARM.Collect$$rtexit$$00000002           0x080001c4   Section        0  rtexit2.o(.ARM.Collect$$rtexit$$00000002)
    .ARM.Collect$$rtexit$$00000003           0x080001c4   Section        4  rtexit2.o(.ARM.Collect$$rtexit$$00000003)
    .ARM.Collect$$rtexit$$00000004           0x080001c8   Section        6  rtexit2.o(.ARM.Collect$$rtexit$$00000004)
    .text                                    0x080001d0   Section       64  startup_gd32f30x_hd.o(.text)
    $v0                                      0x080001d0   Number         0  startup_gd32f30x_hd.o(.text)
    .text                                    0x08000210   Section      100  rt_memcpy_w.o(.text)
    .text                                    0x08000274   Section        0  heapauxi.o(.text)
    .text                                    0x0800027a   Section       74  sys_stackheap_outer.o(.text)
    .text                                    0x080002c4   Section        0  exit.o(.text)
    .text                                    0x080002d8   Section        8  libspace.o(.text)
    .text                                    0x080002e0   Section        0  sys_exit.o(.text)
    .text                                    0x080002ec   Section        2  use_no_semi.o(.text)
    .text                                    0x080002ee   Section        0  indicate_semi.o(.text)
    i.BusFault_Handler                       0x080002ee   Section        0  gd32f30x_it.o(i.BusFault_Handler)
    i.DebugMon_Handler                       0x080002f2   Section        0  gd32f30x_it.o(i.DebugMon_Handler)
    i.EXTI10_15_IRQHandler                   0x080002f4   Section        0  exti_drv.o(i.EXTI10_15_IRQHandler)
    i.EXTI5_9_IRQHandler                     0x08000320   Section        0  exti_drv.o(i.EXTI5_9_IRQHandler)
    i.Flash_Erase                            0x08000348   Section        0  flash_drv.o(i.Flash_Erase)
    i.Flash_Write                            0x080003a0   Section        0  flash_drv.o(i.Flash_Write)
    i.GPIO0_GET                              0x080003f8   Section        0  gpio_drv.o(i.GPIO0_GET)
    i.GPIO0_HIGH                             0x08000418   Section        0  gpio_drv.o(i.GPIO0_HIGH)
    i.GPIO0_LOW                              0x08000438   Section        0  gpio_drv.o(i.GPIO0_LOW)
    i.GPIO0_MODE                             0x08000458   Section        0  gpio_drv.o(i.GPIO0_MODE)
    i.GPIO0_TOGGLE                           0x0800048c   Section        0  gpio_drv.o(i.GPIO0_TOGGLE)
    i.GPIO10_GET                             0x080004ac   Section        0  gpio_drv.o(i.GPIO10_GET)
    i.GPIO10_HIGH                            0x080004cc   Section        0  gpio_drv.o(i.GPIO10_HIGH)
    i.GPIO10_LOW                             0x080004ec   Section        0  gpio_drv.o(i.GPIO10_LOW)
    i.GPIO10_MODE                            0x0800050c   Section        0  gpio_drv.o(i.GPIO10_MODE)
    i.GPIO10_TOGGLE                          0x08000544   Section        0  gpio_drv.o(i.GPIO10_TOGGLE)
    i.GPIO11_GET                             0x08000564   Section        0  gpio_drv.o(i.GPIO11_GET)
    i.GPIO11_HIGH                            0x08000584   Section        0  gpio_drv.o(i.GPIO11_HIGH)
    i.GPIO11_LOW                             0x080005a4   Section        0  gpio_drv.o(i.GPIO11_LOW)
    i.GPIO11_MODE                            0x080005c4   Section        0  gpio_drv.o(i.GPIO11_MODE)
    i.GPIO11_TOGGLE                          0x080005fc   Section        0  gpio_drv.o(i.GPIO11_TOGGLE)
    i.GPIO12_GET                             0x0800061c   Section        0  gpio_drv.o(i.GPIO12_GET)
    i.GPIO12_HIGH                            0x08000640   Section        0  gpio_drv.o(i.GPIO12_HIGH)
    i.GPIO12_LOW                             0x08000664   Section        0  gpio_drv.o(i.GPIO12_LOW)
    i.GPIO12_MODE                            0x08000688   Section        0  gpio_drv.o(i.GPIO12_MODE)
    i.GPIO12_TOGGLE                          0x080006c4   Section        0  gpio_drv.o(i.GPIO12_TOGGLE)
    i.GPIO13_GET                             0x080006e8   Section        0  gpio_drv.o(i.GPIO13_GET)
    i.GPIO13_HIGH                            0x08000708   Section        0  gpio_drv.o(i.GPIO13_HIGH)
    i.GPIO13_LOW                             0x08000728   Section        0  gpio_drv.o(i.GPIO13_LOW)
    i.GPIO13_MODE                            0x08000748   Section        0  gpio_drv.o(i.GPIO13_MODE)
    i.GPIO13_TOGGLE                          0x08000780   Section        0  gpio_drv.o(i.GPIO13_TOGGLE)
    i.GPIO14_GET                             0x080007a0   Section        0  gpio_drv.o(i.GPIO14_GET)
    i.GPIO14_HIGH                            0x080007c0   Section        0  gpio_drv.o(i.GPIO14_HIGH)
    i.GPIO14_LOW                             0x080007e0   Section        0  gpio_drv.o(i.GPIO14_LOW)
    i.GPIO14_MODE                            0x08000800   Section        0  gpio_drv.o(i.GPIO14_MODE)
    i.GPIO14_TOGGLE                          0x08000838   Section        0  gpio_drv.o(i.GPIO14_TOGGLE)
    i.GPIO15_GET                             0x08000858   Section        0  gpio_drv.o(i.GPIO15_GET)
    i.GPIO15_HIGH                            0x08000878   Section        0  gpio_drv.o(i.GPIO15_HIGH)
    i.GPIO15_LOW                             0x08000898   Section        0  gpio_drv.o(i.GPIO15_LOW)
    i.GPIO15_MODE                            0x080008b8   Section        0  gpio_drv.o(i.GPIO15_MODE)
    i.GPIO15_TOGGLE                          0x080008f0   Section        0  gpio_drv.o(i.GPIO15_TOGGLE)
    i.GPIO1_GET                              0x08000910   Section        0  gpio_drv.o(i.GPIO1_GET)
    i.GPIO1_HIGH                             0x08000930   Section        0  gpio_drv.o(i.GPIO1_HIGH)
    i.GPIO1_LOW                              0x08000950   Section        0  gpio_drv.o(i.GPIO1_LOW)
    i.GPIO1_MODE                             0x08000970   Section        0  gpio_drv.o(i.GPIO1_MODE)
    i.GPIO1_TOGGLE                           0x080009a8   Section        0  gpio_drv.o(i.GPIO1_TOGGLE)
    i.GPIO2_GET                              0x080009c8   Section        0  gpio_drv.o(i.GPIO2_GET)
    i.GPIO2_HIGH                             0x080009ec   Section        0  gpio_drv.o(i.GPIO2_HIGH)
    i.GPIO2_LOW                              0x08000a10   Section        0  gpio_drv.o(i.GPIO2_LOW)
    i.GPIO2_MODE                             0x08000a34   Section        0  gpio_drv.o(i.GPIO2_MODE)
    i.GPIO2_TOGGLE                           0x08000a70   Section        0  gpio_drv.o(i.GPIO2_TOGGLE)
    i.GPIO3_GET                              0x08000a94   Section        0  gpio_drv.o(i.GPIO3_GET)
    i.GPIO3_HIGH                             0x08000ab4   Section        0  gpio_drv.o(i.GPIO3_HIGH)
    i.GPIO3_LOW                              0x08000ad4   Section        0  gpio_drv.o(i.GPIO3_LOW)
    i.GPIO3_MODE                             0x08000af4   Section        0  gpio_drv.o(i.GPIO3_MODE)
    i.GPIO3_TOGGLE                           0x08000b2c   Section        0  gpio_drv.o(i.GPIO3_TOGGLE)
    i.GPIO4_GET                              0x08000b4c   Section        0  gpio_drv.o(i.GPIO4_GET)
    i.GPIO4_HIGH                             0x08000b70   Section        0  gpio_drv.o(i.GPIO4_HIGH)
    i.GPIO4_LOW                              0x08000b94   Section        0  gpio_drv.o(i.GPIO4_LOW)
    i.GPIO4_MODE                             0x08000bb8   Section        0  gpio_drv.o(i.GPIO4_MODE)
    i.GPIO4_TOGGLE                           0x08000bf4   Section        0  gpio_drv.o(i.GPIO4_TOGGLE)
    i.GPIO5_GET                              0x08000c18   Section        0  gpio_drv.o(i.GPIO5_GET)
    i.GPIO5_HIGH                             0x08000c3c   Section        0  gpio_drv.o(i.GPIO5_HIGH)
    i.GPIO5_LOW                              0x08000c60   Section        0  gpio_drv.o(i.GPIO5_LOW)
    i.GPIO5_MODE                             0x08000c84   Section        0  gpio_drv.o(i.GPIO5_MODE)
    i.GPIO5_TOGGLE                           0x08000cc0   Section        0  gpio_drv.o(i.GPIO5_TOGGLE)
    i.GPIO6_GET                              0x08000ce4   Section        0  gpio_drv.o(i.GPIO6_GET)
    i.GPIO6_HIGH                             0x08000d04   Section        0  gpio_drv.o(i.GPIO6_HIGH)
    i.GPIO6_LOW                              0x08000d24   Section        0  gpio_drv.o(i.GPIO6_LOW)
    i.GPIO6_MODE                             0x08000d44   Section        0  gpio_drv.o(i.GPIO6_MODE)
    i.GPIO6_TOGGLE                           0x08000d7c   Section        0  gpio_drv.o(i.GPIO6_TOGGLE)
    i.GPIO7_GET                              0x08000d9c   Section        0  gpio_drv.o(i.GPIO7_GET)
    i.GPIO7_HIGH                             0x08000dc0   Section        0  gpio_drv.o(i.GPIO7_HIGH)
    i.GPIO7_LOW                              0x08000de4   Section        0  gpio_drv.o(i.GPIO7_LOW)
    i.GPIO7_MODE                             0x08000e08   Section        0  gpio_drv.o(i.GPIO7_MODE)
    i.GPIO7_TOGGLE                           0x08000e44   Section        0  gpio_drv.o(i.GPIO7_TOGGLE)
    i.GPIO8_GET                              0x08000e68   Section        0  gpio_drv.o(i.GPIO8_GET)
    i.GPIO8_HIGH                             0x08000e88   Section        0  gpio_drv.o(i.GPIO8_HIGH)
    i.GPIO8_LOW                              0x08000ea8   Section        0  gpio_drv.o(i.GPIO8_LOW)
    i.GPIO8_MODE                             0x08000ec8   Section        0  gpio_drv.o(i.GPIO8_MODE)
    i.GPIO8_TOGGLE                           0x08000f00   Section        0  gpio_drv.o(i.GPIO8_TOGGLE)
    i.GPIO9_GET                              0x08000f20   Section        0  gpio_drv.o(i.GPIO9_GET)
    i.GPIO9_HIGH                             0x08000f44   Section        0  gpio_drv.o(i.GPIO9_HIGH)
    i.GPIO9_LOW                              0x08000f68   Section        0  gpio_drv.o(i.GPIO9_LOW)
    i.GPIO9_MODE                             0x08000f8c   Section        0  gpio_drv.o(i.GPIO9_MODE)
    i.GPIO9_TOGGLE                           0x08000fc8   Section        0  gpio_drv.o(i.GPIO9_TOGGLE)
    i.Get_Connecting                         0x08000fec   Section        0  ymodem.o(i.Get_Connecting)
    i.Get_System_T                           0x08000ff8   Section        0  system_time.o(i.Get_System_T)
    i.Get_deta_T                             0x08001020   Section        0  system_time.o(i.Get_deta_T)
    i.Go_to_APP                              0x08001090   Section        0  main.o(i.Go_to_APP)
    Go_to_APP                                0x08001091   Thumb Code    96  main.o(i.Go_to_APP)
    i.HardFault_Handler                      0x08001108   Section        0  gd32f30x_it.o(i.HardFault_Handler)
    i.MemManage_Handler                      0x0800110c   Section        0  gd32f30x_it.o(i.MemManage_Handler)
    i.My_Pow                                 0x08001110   Section        0  ymodem.o(i.My_Pow)
    i.NMI_Handler                            0x08001122   Section        0  gd32f30x_it.o(i.NMI_Handler)
    i.PendSV_Handler                         0x08001124   Section        0  gd32f30x_it.o(i.PendSV_Handler)
    i.Receive_byte                           0x08001128   Section        0  ymodem.o(i.Receive_byte)
    i.Receive_packet                         0x0800117c   Section        0  ymodem.o(i.Receive_packet)
    Receive_packet                           0x0800117d   Thumb Code   152  ymodem.o(i.Receive_packet)
    i.RingBuffer_Read                        0x08001214   Section        0  ringbuffer.o(i.RingBuffer_Read)
    i.RingBuffer_Write                       0x0800124e   Section        0  ringbuffer.o(i.RingBuffer_Write)
    i.SVC_Handler                            0x08001294   Section        0  gd32f30x_it.o(i.SVC_Handler)
    i.Str_to_int                             0x08001296   Section        0  ymodem.o(i.Str_to_int)
    Str_to_int                               0x08001297   Thumb Code   166  ymodem.o(i.Str_to_int)
    i.SysTick_Handler                        0x0800133c   Section        0  system_time.o(i.SysTick_Handler)
    i.SystemInit                             0x08001364   Section        0  system_gd32f30x.o(i.SystemInit)
    i.System_time_init                       0x080013e0   Section        0  system_time.o(i.System_time_init)
    i.USART0_IRQHandler                      0x08001464   Section        0  usart_drv.o(i.USART0_IRQHandler)
    i.USART1_IRQHandler                      0x0800149c   Section        0  usart_drv.o(i.USART1_IRQHandler)
    i.USART2_IRQHandler                      0x080014d4   Section        0  usart_drv.o(i.USART2_IRQHandler)
    i.USART2_IRQ_Callback_Register           0x0800150c   Section        0  usart_drv.o(i.USART2_IRQ_Callback_Register)
    i.UsageFault_Handler                     0x08001518   Section        0  gd32f30x_it.o(i.UsageFault_Handler)
    i.Ymodem_Receive                         0x0800151c   Section        0  ymodem.o(i.Ymodem_Receive)
    i.Ymodem_Recive_Callback                 0x0800164c   Section        0  ymodem.o(i.Ymodem_Recive_Callback)
    i.Ymodem_init                            0x08001678   Section        0  ymodem.o(i.Ymodem_init)
    i.all_gpio_init                          0x08001688   Section        0  gpio_drv.o(i.all_gpio_init)
    i.delay_us                               0x08001a34   Section        0  system_time.o(i.delay_us)
    i.exti_init                              0x08001a6c   Section        0  gd32f30x_exti.o(i.exti_init)
    i.exti_interrupt_flag_get                0x08001b24   Section        0  gd32f30x_exti.o(i.exti_interrupt_flag_get)
    i.fmc_bank0_ready_wait                   0x08001b48   Section        0  gd32f30x_fmc.o(i.fmc_bank0_ready_wait)
    i.fmc_bank0_state_get                    0x08001b6c   Section        0  gd32f30x_fmc.o(i.fmc_bank0_state_get)
    i.fmc_bank1_ready_wait                   0x08001b9c   Section        0  gd32f30x_fmc.o(i.fmc_bank1_ready_wait)
    i.fmc_bank1_state_get                    0x08001bc0   Section        0  gd32f30x_fmc.o(i.fmc_bank1_state_get)
    i.fmc_lock                               0x08001bf0   Section        0  gd32f30x_fmc.o(i.fmc_lock)
    i.fmc_page_erase                         0x08001c1c   Section        0  gd32f30x_fmc.o(i.fmc_page_erase)
    i.fmc_unlock                             0x08001d00   Section        0  gd32f30x_fmc.o(i.fmc_unlock)
    i.fmc_word_program                       0x08001d44   Section        0  gd32f30x_fmc.o(i.fmc_word_program)
    i.get_gpio_struct                        0x08001dfc   Section        0  gpio_drv.o(i.get_gpio_struct)
    i.gpio_bit_reset                         0x08001e1c   Section        0  gd32f30x_gpio.o(i.gpio_bit_reset)
    i.gpio_bit_set                           0x08001e20   Section        0  gd32f30x_gpio.o(i.gpio_bit_set)
    i.gpio_bit_toggle                        0x08001e24   Section        0  gpio_drv.o(i.gpio_bit_toggle)
    i.gpio_init                              0x08001e32   Section        0  gd32f30x_gpio.o(i.gpio_init)
    i.gpio_input_bit_get                     0x08001eee   Section        0  gd32f30x_gpio.o(i.gpio_input_bit_get)
    i.main                                   0x08001f00   Section        0  main.o(i.main)
    i.nvic_irq_enable                        0x08002044   Section        0  gd32f30x_misc.o(i.nvic_irq_enable)
    i.nvic_priority_group_set                0x08002108   Section        0  gd32f30x_misc.o(i.nvic_priority_group_set)
    i.rcu_clock_freq_get                     0x0800211c   Section        0  gd32f30x_rcu.o(i.rcu_clock_freq_get)
    i.rcu_deinit                             0x08002274   Section        0  gd32f30x_rcu.o(i.rcu_deinit)
    i.rcu_flag_get                           0x080022ec   Section        0  gd32f30x_rcu.o(i.rcu_flag_get)
    i.rcu_osci_stab_wait                     0x08002310   Section        0  gd32f30x_rcu.o(i.rcu_osci_stab_wait)
    i.rcu_periph_clock_enable                0x08002420   Section        0  gd32f30x_rcu.o(i.rcu_periph_clock_enable)
    i.rcu_periph_reset_disable               0x08002440   Section        0  gd32f30x_rcu.o(i.rcu_periph_reset_disable)
    i.rcu_periph_reset_enable                0x08002460   Section        0  gd32f30x_rcu.o(i.rcu_periph_reset_enable)
    i.spi_Send_byte                          0x08002480   Section        0  ws2812_drv.o(i.spi_Send_byte)
    spi_Send_byte                            0x08002481   Thumb Code    28  ws2812_drv.o(i.spi_Send_byte)
    i.spi_enable                             0x080024a0   Section        0  gd32f30x_spi.o(i.spi_enable)
    i.spi_i2s_data_transmit                  0x080024aa   Section        0  gd32f30x_spi.o(i.spi_i2s_data_transmit)
    i.spi_i2s_deinit                         0x080024b0   Section        0  gd32f30x_spi.o(i.spi_i2s_deinit)
    i.spi_i2s_flag_get                       0x08002508   Section        0  gd32f30x_spi.o(i.spi_i2s_flag_get)
    i.spi_init                               0x08002518   Section        0  gd32f30x_spi.o(i.spi_init)
    i.spi_struct_para_init                   0x0800254a   Section        0  gd32f30x_spi.o(i.spi_struct_para_init)
    i.system_clock_120m_hxtal                0x0800255c   Section        0  system_gd32f30x.o(i.system_clock_120m_hxtal)
    system_clock_120m_hxtal                  0x0800255d   Thumb Code   256  system_gd32f30x.o(i.system_clock_120m_hxtal)
    i.system_clock_config                    0x0800266c   Section        0  system_gd32f30x.o(i.system_clock_config)
    system_clock_config                      0x0800266d   Thumb Code     8  system_gd32f30x.o(i.system_clock_config)
    i.usart2_init                            0x08002674   Section        0  usart_drv.o(i.usart2_init)
    i.usart2_send_byte                       0x08002720   Section        0  usart_drv.o(i.usart2_send_byte)
    i.usart_baudrate_set                     0x08002740   Section        0  gd32f30x_usart.o(i.usart_baudrate_set)
    i.usart_data_receive                     0x080027d0   Section        0  gd32f30x_usart.o(i.usart_data_receive)
    i.usart_data_transmit                    0x080027da   Section        0  gd32f30x_usart.o(i.usart_data_transmit)
    i.usart_deinit                           0x080027e4   Section        0  gd32f30x_usart.o(i.usart_deinit)
    i.usart_enable                           0x08002874   Section        0  gd32f30x_usart.o(i.usart_enable)
    i.usart_flag_get                         0x0800287e   Section        0  gd32f30x_usart.o(i.usart_flag_get)
    i.usart_hardware_flow_cts_config         0x0800289c   Section        0  gd32f30x_usart.o(i.usart_hardware_flow_cts_config)
    i.usart_hardware_flow_rts_config         0x080028ac   Section        0  gd32f30x_usart.o(i.usart_hardware_flow_rts_config)
    i.usart_interrupt_enable                 0x080028bc   Section        0  gd32f30x_usart.o(i.usart_interrupt_enable)
    i.usart_interrupt_flag_clear             0x080028d6   Section        0  gd32f30x_usart.o(i.usart_interrupt_flag_clear)
    i.usart_interrupt_flag_get               0x080028f0   Section        0  gd32f30x_usart.o(i.usart_interrupt_flag_get)
    i.usart_parity_config                    0x08002928   Section        0  gd32f30x_usart.o(i.usart_parity_config)
    i.usart_receive_config                   0x08002938   Section        0  gd32f30x_usart.o(i.usart_receive_config)
    i.usart_stop_bit_set                     0x08002948   Section        0  gd32f30x_usart.o(i.usart_stop_bit_set)
    i.usart_transmit_config                  0x08002958   Section        0  gd32f30x_usart.o(i.usart_transmit_config)
    i.usart_word_length_set                  0x08002968   Section        0  gd32f30x_usart.o(i.usart_word_length_set)
    i.ws2812_Control                         0x08002978   Section        0  ws2812_drv.o(i.ws2812_Control)
    i.ws2812_Init                            0x08002a48   Section        0  ws2812_drv.o(i.ws2812_Init)
    i.ws2812_spi_init                        0x08002a50   Section        0  ws2812_drv.o(i.ws2812_spi_init)
    x$fpl$dcmpinf                            0x08002abc   Section       24  dcmpi.o(x$fpl$dcmpinf)
    $v0                                      0x08002abc   Number         0  dcmpi.o(x$fpl$dcmpinf)
    x$fpl$dleqf                              0x08002ad4   Section      120  dleqf.o(x$fpl$dleqf)
    $v0                                      0x08002ad4   Number         0  dleqf.o(x$fpl$dleqf)
    x$fpl$dnaninf                            0x08002b4c   Section      156  dnaninf.o(x$fpl$dnaninf)
    $v0                                      0x08002b4c   Number         0  dnaninf.o(x$fpl$dnaninf)
    x$fpl$dretinf                            0x08002be8   Section       12  dretinf.o(x$fpl$dretinf)
    $v0                                      0x08002be8   Number         0  dretinf.o(x$fpl$dretinf)
    x$fpl$drleqf                             0x08002bf4   Section      108  drleqf.o(x$fpl$drleqf)
    $v0                                      0x08002bf4   Number         0  drleqf.o(x$fpl$drleqf)
    x$fpl$f2d                                0x08002c60   Section       86  f2d.o(x$fpl$f2d)
    $v0                                      0x08002c60   Number         0  f2d.o(x$fpl$f2d)
    x$fpl$fnaninf                            0x08002cb6   Section      140  fnaninf.o(x$fpl$fnaninf)
    $v0                                      0x08002cb6   Number         0  fnaninf.o(x$fpl$fnaninf)
    x$fpl$fpinit                             0x08002d42   Section       10  fpinit.o(x$fpl$fpinit)
    $v0                                      0x08002d42   Number         0  fpinit.o(x$fpl$fpinit)
    x$fpl$usenofp                            0x08002d4c   Section        0  usenofp.o(x$fpl$usenofp)
    .data                                    0x20000000   Section        4  system_gd32f30x.o(.data)
    .data                                    0x20000004   Section       16  main.o(.data)
    .data                                    0x20000014   Section       10  system_time.o(.data)
    .data                                    0x20000020   Section       16  ymodem.o(.data)
    .data                                    0x20000030   Section        8  exti_drv.o(.data)
    EXTI5_Callback                           0x20000030   Data           4  exti_drv.o(.data)
    EXTI11_Callback                          0x20000034   Data           4  exti_drv.o(.data)
    .data                                    0x20000038   Section       12  usart_drv.o(.data)
    USART0_Callback                          0x20000038   Data           4  usart_drv.o(.data)
    USART1_Callback                          0x2000003c   Data           4  usart_drv.o(.data)
    USART2_Callback                          0x20000040   Data           4  usart_drv.o(.data)
    .bss                                     0x20000044   Section     2324  ymodem.o(.bss)
    .bss                                     0x20000958   Section       48  ws2812_drv.o(.bss)
    .bss                                     0x20000988   Section      384  gpio_drv.o(.bss)
    .bss                                     0x20000b08   Section       96  libspace.o(.bss)
    HEAP                                     0x20000b68   Section     1024  startup_gd32f30x_hd.o(HEAP)
    Heap_Mem                                 0x20000b68   Data        1024  startup_gd32f30x_hd.o(HEAP)
    STACK                                    0x20000f68   Section     1024  startup_gd32f30x_hd.o(STACK)
    Stack_Mem                                0x20000f68   Data        1024  startup_gd32f30x_hd.o(STACK)
    __initial_sp                             0x20001368   Data           0  startup_gd32f30x_hd.o(STACK)

    Global Symbols

    Symbol Name                              Value     Ov Type        Size  Object(Section)

    BuildAttributes$$THM_ISAv4$E$P$D$K$B$S$7EM$VFPi3$EXTD16$VFPS$VFMA$PE$A:L22UL41UL21$X:L11$S22US41US21$IEEE1$IW$USESV6$~STKCKD$USESV7$~SHL$OSPACE$ROPI$EBA8$UX$STANDARDLIB$REQ8$PRES8$EABIv2 0x00000000   Number         0  anon$$obj.o ABSOLUTE
    __ARM_use_no_argv                        0x00000000   Number         0  main.o ABSOLUTE
    __ARM_exceptions_init                     - Undefined Weak Reference
    __alloca_initialize                       - Undefined Weak Reference
    __arm_preinit_                            - Undefined Weak Reference
    __cpp_initialize__aeabi_                  - Undefined Weak Reference
    __cxa_finalize                            - Undefined Weak Reference
    __rt_locale                               - Undefined Weak Reference
    __sigvec_lookup                           - Undefined Weak Reference
    _atexit_init                              - Undefined Weak Reference
    _call_atexit_fns                          - Undefined Weak Reference
    _clock_init                               - Undefined Weak Reference
    _fp_trap_init                             - Undefined Weak Reference
    _fp_trap_shutdown                         - Undefined Weak Reference
    _get_lc_collate                           - Undefined Weak Reference
    _get_lc_ctype                             - Undefined Weak Reference
    _get_lc_monetary                          - Undefined Weak Reference
    _get_lc_numeric                           - Undefined Weak Reference
    _get_lc_time                              - Undefined Weak Reference
    _getenv_init                              - Undefined Weak Reference
    _handle_redirection                       - Undefined Weak Reference
    _init_alloc                               - Undefined Weak Reference
    _init_user_alloc                          - Undefined Weak Reference
    _initio                                   - Undefined Weak Reference
    _rand_init                                - Undefined Weak Reference
    _signal_finish                            - Undefined Weak Reference
    _signal_init                              - Undefined Weak Reference
    _terminate_alloc                          - Undefined Weak Reference
    _terminate_user_alloc                     - Undefined Weak Reference
    _terminateio                              - Undefined Weak Reference
    __Vectors_Size                           0x00000130   Number         0  startup_gd32f30x_hd.o ABSOLUTE
    __Vectors                                0x08000000   Data           4  startup_gd32f30x_hd.o(RESET)
    __Vectors_End                            0x08000130   Data           0  startup_gd32f30x_hd.o(RESET)
    __main                                   0x08000131   Thumb Code     8  __main.o(!!!main)
    __scatterload                            0x08000139   Thumb Code     0  __scatter.o(!!!scatter)
    __scatterload_rt2                        0x08000139   Thumb Code    44  __scatter.o(!!!scatter)
    __scatterload_rt2_thumb_only             0x08000139   Thumb Code     0  __scatter.o(!!!scatter)
    __scatterload_null                       0x08000147   Thumb Code     0  __scatter.o(!!!scatter)
    __scatterload_copy                       0x0800016d   Thumb Code    26  __scatter_copy.o(!!handler_copy)
    __scatterload_zeroinit                   0x08000189   Thumb Code    28  __scatter_zi.o(!!handler_zi)
    __rt_lib_init                            0x080001a5   Thumb Code     0  libinit.o(.ARM.Collect$$libinit$$00000000)
    __rt_lib_init_fp_1                       0x080001a7   Thumb Code     0  libinit2.o(.ARM.Collect$$libinit$$00000001)
    __rt_lib_init_alloca_1                   0x080001ab   Thumb Code     0  libinit2.o(.ARM.Collect$$libinit$$0000002E)
    __rt_lib_init_argv_1                     0x080001ab   Thumb Code     0  libinit2.o(.ARM.Collect$$libinit$$0000002C)
    __rt_lib_init_atexit_1                   0x080001ab   Thumb Code     0  libinit2.o(.ARM.Collect$$libinit$$0000001B)
    __rt_lib_init_clock_1                    0x080001ab   Thumb Code     0  libinit2.o(.ARM.Collect$$libinit$$00000021)
    __rt_lib_init_cpp_1                      0x080001ab   Thumb Code     0  libinit2.o(.ARM.Collect$$libinit$$00000032)
    __rt_lib_init_exceptions_1               0x080001ab   Thumb Code     0  libinit2.o(.ARM.Collect$$libinit$$00000030)
    __rt_lib_init_fp_trap_1                  0x080001ab   Thumb Code     0  libinit2.o(.ARM.Collect$$libinit$$0000001F)
    __rt_lib_init_getenv_1                   0x080001ab   Thumb Code     0  libinit2.o(.ARM.Collect$$libinit$$00000023)
    __rt_lib_init_heap_1                     0x080001ab   Thumb Code     0  libinit2.o(.ARM.Collect$$libinit$$0000000A)
    __rt_lib_init_lc_collate_1               0x080001ab   Thumb Code     0  libinit2.o(.ARM.Collect$$libinit$$00000011)
    __rt_lib_init_lc_ctype_1                 0x080001ab   Thumb Code     0  libinit2.o(.ARM.Collect$$libinit$$00000013)
    __rt_lib_init_lc_monetary_1              0x080001ab   Thumb Code     0  libinit2.o(.ARM.Collect$$libinit$$00000015)
    __rt_lib_init_lc_numeric_1               0x080001ab   Thumb Code     0  libinit2.o(.ARM.Collect$$libinit$$00000017)
    __rt_lib_init_lc_time_1                  0x080001ab   Thumb Code     0  libinit2.o(.ARM.Collect$$libinit$$00000019)
    __rt_lib_init_preinit_1                  0x080001ab   Thumb Code     0  libinit2.o(.ARM.Collect$$libinit$$00000004)
    __rt_lib_init_rand_1                     0x080001ab   Thumb Code     0  libinit2.o(.ARM.Collect$$libinit$$0000000E)
    __rt_lib_init_return                     0x080001ab   Thumb Code     0  libinit2.o(.ARM.Collect$$libinit$$00000033)
    __rt_lib_init_signal_1                   0x080001ab   Thumb Code     0  libinit2.o(.ARM.Collect$$libinit$$0000001D)
    __rt_lib_init_stdio_1                    0x080001ab   Thumb Code     0  libinit2.o(.ARM.Collect$$libinit$$00000025)
    __rt_lib_init_user_alloc_1               0x080001ab   Thumb Code     0  libinit2.o(.ARM.Collect$$libinit$$0000000C)
    __rt_lib_shutdown                        0x080001ad   Thumb Code     0  libshutdown.o(.ARM.Collect$$libshutdown$$00000000)
    __rt_lib_shutdown_cpp_1                  0x080001af   Thumb Code     0  libshutdown2.o(.ARM.Collect$$libshutdown$$00000002)
    __rt_lib_shutdown_fp_trap_1              0x080001af   Thumb Code     0  libshutdown2.o(.ARM.Collect$$libshutdown$$00000007)
    __rt_lib_shutdown_heap_1                 0x080001af   Thumb Code     0  libshutdown2.o(.ARM.Collect$$libshutdown$$0000000F)
    __rt_lib_shutdown_return                 0x080001af   Thumb Code     0  libshutdown2.o(.ARM.Collect$$libshutdown$$00000010)
    __rt_lib_shutdown_signal_1               0x080001af   Thumb Code     0  libshutdown2.o(.ARM.Collect$$libshutdown$$0000000A)
    __rt_lib_shutdown_stdio_1                0x080001af   Thumb Code     0  libshutdown2.o(.ARM.Collect$$libshutdown$$00000004)
    __rt_lib_shutdown_user_alloc_1           0x080001af   Thumb Code     0  libshutdown2.o(.ARM.Collect$$libshutdown$$0000000C)
    __rt_entry                               0x080001b1   Thumb Code     0  __rtentry.o(.ARM.Collect$$rtentry$$00000000)
    __rt_entry_presh_1                       0x080001b1   Thumb Code     0  __rtentry2.o(.ARM.Collect$$rtentry$$00000002)
    __rt_entry_sh                            0x080001b1   Thumb Code     0  __rtentry4.o(.ARM.Collect$$rtentry$$00000004)
    __rt_entry_li                            0x080001b7   Thumb Code     0  __rtentry2.o(.ARM.Collect$$rtentry$$0000000A)
    __rt_entry_postsh_1                      0x080001b7   Thumb Code     0  __rtentry2.o(.ARM.Collect$$rtentry$$00000009)
    __rt_entry_main                          0x080001bb   Thumb Code     0  __rtentry2.o(.ARM.Collect$$rtentry$$0000000D)
    __rt_entry_postli_1                      0x080001bb   Thumb Code     0  __rtentry2.o(.ARM.Collect$$rtentry$$0000000C)
    __rt_exit                                0x080001c3   Thumb Code     0  rtexit.o(.ARM.Collect$$rtexit$$00000000)
    __rt_exit_ls                             0x080001c5   Thumb Code     0  rtexit2.o(.ARM.Collect$$rtexit$$00000003)
    __rt_exit_prels_1                        0x080001c5   Thumb Code     0  rtexit2.o(.ARM.Collect$$rtexit$$00000002)
    __rt_exit_exit                           0x080001c9   Thumb Code     0  rtexit2.o(.ARM.Collect$$rtexit$$00000004)
    Reset_Handler                            0x080001d1   Thumb Code     8  startup_gd32f30x_hd.o(.text)
    ADC0_1_IRQHandler                        0x080001eb   Thumb Code     0  startup_gd32f30x_hd.o(.text)
    ADC2_IRQHandler                          0x080001eb   Thumb Code     0  startup_gd32f30x_hd.o(.text)
    CAN0_EWMC_IRQHandler                     0x080001eb   Thumb Code     0  startup_gd32f30x_hd.o(.text)
    CAN0_RX1_IRQHandler                      0x080001eb   Thumb Code     0  startup_gd32f30x_hd.o(.text)
    DMA0_Channel0_IRQHandler                 0x080001eb   Thumb Code     0  startup_gd32f30x_hd.o(.text)
    DMA0_Channel1_IRQHandler                 0x080001eb   Thumb Code     0  startup_gd32f30x_hd.o(.text)
    DMA0_Channel2_IRQHandler                 0x080001eb   Thumb Code     0  startup_gd32f30x_hd.o(.text)
    DMA0_Channel3_IRQHandler                 0x080001eb   Thumb Code     0  startup_gd32f30x_hd.o(.text)
    DMA0_Channel4_IRQHandler                 0x080001eb   Thumb Code     0  startup_gd32f30x_hd.o(.text)
    DMA0_Channel5_IRQHandler                 0x080001eb   Thumb Code     0  startup_gd32f30x_hd.o(.text)
    DMA0_Channel6_IRQHandler                 0x080001eb   Thumb Code     0  startup_gd32f30x_hd.o(.text)
    DMA1_Channel0_IRQHandler                 0x080001eb   Thumb Code     0  startup_gd32f30x_hd.o(.text)
    DMA1_Channel1_IRQHandler                 0x080001eb   Thumb Code     0  startup_gd32f30x_hd.o(.text)
    DMA1_Channel2_IRQHandler                 0x080001eb   Thumb Code     0  startup_gd32f30x_hd.o(.text)
    DMA1_Channel3_4_IRQHandler               0x080001eb   Thumb Code     0  startup_gd32f30x_hd.o(.text)
    EXMC_IRQHandler                          0x080001eb   Thumb Code     0  startup_gd32f30x_hd.o(.text)
    EXTI0_IRQHandler                         0x080001eb   Thumb Code     0  startup_gd32f30x_hd.o(.text)
    EXTI1_IRQHandler                         0x080001eb   Thumb Code     0  startup_gd32f30x_hd.o(.text)
    EXTI2_IRQHandler                         0x080001eb   Thumb Code     0  startup_gd32f30x_hd.o(.text)
    EXTI3_IRQHandler                         0x080001eb   Thumb Code     0  startup_gd32f30x_hd.o(.text)
    EXTI4_IRQHandler                         0x080001eb   Thumb Code     0  startup_gd32f30x_hd.o(.text)
    FMC_IRQHandler                           0x080001eb   Thumb Code     0  startup_gd32f30x_hd.o(.text)
    I2C0_ER_IRQHandler                       0x080001eb   Thumb Code     0  startup_gd32f30x_hd.o(.text)
    I2C0_EV_IRQHandler                       0x080001eb   Thumb Code     0  startup_gd32f30x_hd.o(.text)
    I2C1_ER_IRQHandler                       0x080001eb   Thumb Code     0  startup_gd32f30x_hd.o(.text)
    I2C1_EV_IRQHandler                       0x080001eb   Thumb Code     0  startup_gd32f30x_hd.o(.text)
    LVD_IRQHandler                           0x080001eb   Thumb Code     0  startup_gd32f30x_hd.o(.text)
    RCU_CTC_IRQHandler                       0x080001eb   Thumb Code     0  startup_gd32f30x_hd.o(.text)
    RTC_Alarm_IRQHandler                     0x080001eb   Thumb Code     0  startup_gd32f30x_hd.o(.text)
    RTC_IRQHandler                           0x080001eb   Thumb Code     0  startup_gd32f30x_hd.o(.text)
    SDIO_IRQHandler                          0x080001eb   Thumb Code     0  startup_gd32f30x_hd.o(.text)
    SPI0_IRQHandler                          0x080001eb   Thumb Code     0  startup_gd32f30x_hd.o(.text)
    SPI1_IRQHandler                          0x080001eb   Thumb Code     0  startup_gd32f30x_hd.o(.text)
    SPI2_IRQHandler                          0x080001eb   Thumb Code     0  startup_gd32f30x_hd.o(.text)
    TAMPER_IRQHandler                        0x080001eb   Thumb Code     0  startup_gd32f30x_hd.o(.text)
    TIMER0_BRK_IRQHandler                    0x080001eb   Thumb Code     0  startup_gd32f30x_hd.o(.text)
    TIMER0_Channel_IRQHandler                0x080001eb   Thumb Code     0  startup_gd32f30x_hd.o(.text)
    TIMER0_TRG_CMT_IRQHandler                0x080001eb   Thumb Code     0  startup_gd32f30x_hd.o(.text)
    TIMER0_UP_IRQHandler                     0x080001eb   Thumb Code     0  startup_gd32f30x_hd.o(.text)
    TIMER1_IRQHandler                        0x080001eb   Thumb Code     0  startup_gd32f30x_hd.o(.text)
    TIMER2_IRQHandler                        0x080001eb   Thumb Code     0  startup_gd32f30x_hd.o(.text)
    TIMER3_IRQHandler                        0x080001eb   Thumb Code     0  startup_gd32f30x_hd.o(.text)
    TIMER4_IRQHandler                        0x080001eb   Thumb Code     0  startup_gd32f30x_hd.o(.text)
    TIMER5_IRQHandler                        0x080001eb   Thumb Code     0  startup_gd32f30x_hd.o(.text)
    TIMER6_IRQHandler                        0x080001eb   Thumb Code     0  startup_gd32f30x_hd.o(.text)
    TIMER7_BRK_IRQHandler                    0x080001eb   Thumb Code     0  startup_gd32f30x_hd.o(.text)
    TIMER7_Channel_IRQHandler                0x080001eb   Thumb Code     0  startup_gd32f30x_hd.o(.text)
    TIMER7_TRG_CMT_IRQHandler                0x080001eb   Thumb Code     0  startup_gd32f30x_hd.o(.text)
    TIMER7_UP_IRQHandler                     0x080001eb   Thumb Code     0  startup_gd32f30x_hd.o(.text)
    UART3_IRQHandler                         0x080001eb   Thumb Code     0  startup_gd32f30x_hd.o(.text)
    UART4_IRQHandler                         0x080001eb   Thumb Code     0  startup_gd32f30x_hd.o(.text)
    USBD_HP_CAN0_TX_IRQHandler               0x080001eb   Thumb Code     0  startup_gd32f30x_hd.o(.text)
    USBD_LP_CAN0_RX0_IRQHandler              0x080001eb   Thumb Code     0  startup_gd32f30x_hd.o(.text)
    USBD_WKUP_IRQHandler                     0x080001eb   Thumb Code     0  startup_gd32f30x_hd.o(.text)
    WWDGT_IRQHandler                         0x080001eb   Thumb Code     0  startup_gd32f30x_hd.o(.text)
    __user_initial_stackheap                 0x080001ed   Thumb Code    10  startup_gd32f30x_hd.o(.text)
    __aeabi_memcpy4                          0x08000211   Thumb Code     0  rt_memcpy_w.o(.text)
    __aeabi_memcpy8                          0x08000211   Thumb Code     0  rt_memcpy_w.o(.text)
    __rt_memcpy_w                            0x08000211   Thumb Code   100  rt_memcpy_w.o(.text)
    _memcpy_lastbytes_aligned                0x08000259   Thumb Code     0  rt_memcpy_w.o(.text)
    __use_two_region_memory                  0x08000275   Thumb Code     2  heapauxi.o(.text)
    __rt_heap_escrow$2region                 0x08000277   Thumb Code     2  heapauxi.o(.text)
    __rt_heap_expand$2region                 0x08000279   Thumb Code     2  heapauxi.o(.text)
    __user_setup_stackheap                   0x0800027b   Thumb Code    74  sys_stackheap_outer.o(.text)
    exit                                     0x080002c5   Thumb Code    18  exit.o(.text)
    __user_libspace                          0x080002d9   Thumb Code     8  libspace.o(.text)
    __user_perproc_libspace                  0x080002d9   Thumb Code     0  libspace.o(.text)
    __user_perthread_libspace                0x080002d9   Thumb Code     0  libspace.o(.text)
    _sys_exit                                0x080002e1   Thumb Code     8  sys_exit.o(.text)
    __I$use$semihosting                      0x080002ed   Thumb Code     0  use_no_semi.o(.text)
    __use_no_semihosting_swi                 0x080002ed   Thumb Code     2  use_no_semi.o(.text)
    BusFault_Handler                         0x080002ef   Thumb Code     4  gd32f30x_it.o(i.BusFault_Handler)
    __semihosting_library_function           0x080002ef   Thumb Code     0  indicate_semi.o(.text)
    DebugMon_Handler                         0x080002f3   Thumb Code     2  gd32f30x_it.o(i.DebugMon_Handler)
    EXTI10_15_IRQHandler                     0x080002f5   Thumb Code    38  exti_drv.o(i.EXTI10_15_IRQHandler)
    EXTI5_9_IRQHandler                       0x08000321   Thumb Code    34  exti_drv.o(i.EXTI5_9_IRQHandler)
    Flash_Erase                              0x08000349   Thumb Code    86  flash_drv.o(i.Flash_Erase)
    Flash_Write                              0x080003a1   Thumb Code    84  flash_drv.o(i.Flash_Write)
    GPIO0_GET                                0x080003f9   Thumb Code    22  gpio_drv.o(i.GPIO0_GET)
    GPIO0_HIGH                               0x08000419   Thumb Code    22  gpio_drv.o(i.GPIO0_HIGH)
    GPIO0_LOW                                0x08000439   Thumb Code    22  gpio_drv.o(i.GPIO0_LOW)
    GPIO0_MODE                               0x08000459   Thumb Code    44  gpio_drv.o(i.GPIO0_MODE)
    GPIO0_TOGGLE                             0x0800048d   Thumb Code    22  gpio_drv.o(i.GPIO0_TOGGLE)
    GPIO10_GET                               0x080004ad   Thumb Code    24  gpio_drv.o(i.GPIO10_GET)
    GPIO10_HIGH                              0x080004cd   Thumb Code    24  gpio_drv.o(i.GPIO10_HIGH)
    GPIO10_LOW                               0x080004ed   Thumb Code    24  gpio_drv.o(i.GPIO10_LOW)
    GPIO10_MODE                              0x0800050d   Thumb Code    46  gpio_drv.o(i.GPIO10_MODE)
    GPIO10_TOGGLE                            0x08000545   Thumb Code    24  gpio_drv.o(i.GPIO10_TOGGLE)
    GPIO11_GET                               0x08000565   Thumb Code    24  gpio_drv.o(i.GPIO11_GET)
    GPIO11_HIGH                              0x08000585   Thumb Code    24  gpio_drv.o(i.GPIO11_HIGH)
    GPIO11_LOW                               0x080005a5   Thumb Code    24  gpio_drv.o(i.GPIO11_LOW)
    GPIO11_MODE                              0x080005c5   Thumb Code    46  gpio_drv.o(i.GPIO11_MODE)
    GPIO11_TOGGLE                            0x080005fd   Thumb Code    24  gpio_drv.o(i.GPIO11_TOGGLE)
    GPIO12_GET                               0x0800061d   Thumb Code    26  gpio_drv.o(i.GPIO12_GET)
    GPIO12_HIGH                              0x08000641   Thumb Code    26  gpio_drv.o(i.GPIO12_HIGH)
    GPIO12_LOW                               0x08000665   Thumb Code    26  gpio_drv.o(i.GPIO12_LOW)
    GPIO12_MODE                              0x08000689   Thumb Code    50  gpio_drv.o(i.GPIO12_MODE)
    GPIO12_TOGGLE                            0x080006c5   Thumb Code    26  gpio_drv.o(i.GPIO12_TOGGLE)
    GPIO13_GET                               0x080006e9   Thumb Code    24  gpio_drv.o(i.GPIO13_GET)
    GPIO13_HIGH                              0x08000709   Thumb Code    24  gpio_drv.o(i.GPIO13_HIGH)
    GPIO13_LOW                               0x08000729   Thumb Code    24  gpio_drv.o(i.GPIO13_LOW)
    GPIO13_MODE                              0x08000749   Thumb Code    46  gpio_drv.o(i.GPIO13_MODE)
    GPIO13_TOGGLE                            0x08000781   Thumb Code    24  gpio_drv.o(i.GPIO13_TOGGLE)
    GPIO14_GET                               0x080007a1   Thumb Code    24  gpio_drv.o(i.GPIO14_GET)
    GPIO14_HIGH                              0x080007c1   Thumb Code    24  gpio_drv.o(i.GPIO14_HIGH)
    GPIO14_LOW                               0x080007e1   Thumb Code    24  gpio_drv.o(i.GPIO14_LOW)
    GPIO14_MODE                              0x08000801   Thumb Code    46  gpio_drv.o(i.GPIO14_MODE)
    GPIO14_TOGGLE                            0x08000839   Thumb Code    24  gpio_drv.o(i.GPIO14_TOGGLE)
    GPIO15_GET                               0x08000859   Thumb Code    24  gpio_drv.o(i.GPIO15_GET)
    GPIO15_HIGH                              0x08000879   Thumb Code    24  gpio_drv.o(i.GPIO15_HIGH)
    GPIO15_LOW                               0x08000899   Thumb Code    24  gpio_drv.o(i.GPIO15_LOW)
    GPIO15_MODE                              0x080008b9   Thumb Code    46  gpio_drv.o(i.GPIO15_MODE)
    GPIO15_TOGGLE                            0x080008f1   Thumb Code    24  gpio_drv.o(i.GPIO15_TOGGLE)
    GPIO1_GET                                0x08000911   Thumb Code    24  gpio_drv.o(i.GPIO1_GET)
    GPIO1_HIGH                               0x08000931   Thumb Code    24  gpio_drv.o(i.GPIO1_HIGH)
    GPIO1_LOW                                0x08000951   Thumb Code    24  gpio_drv.o(i.GPIO1_LOW)
    GPIO1_MODE                               0x08000971   Thumb Code    48  gpio_drv.o(i.GPIO1_MODE)
    GPIO1_TOGGLE                             0x080009a9   Thumb Code    24  gpio_drv.o(i.GPIO1_TOGGLE)
    GPIO2_GET                                0x080009c9   Thumb Code    26  gpio_drv.o(i.GPIO2_GET)
    GPIO2_HIGH                               0x080009ed   Thumb Code    26  gpio_drv.o(i.GPIO2_HIGH)
    GPIO2_LOW                                0x08000a11   Thumb Code    26  gpio_drv.o(i.GPIO2_LOW)
    GPIO2_MODE                               0x08000a35   Thumb Code    50  gpio_drv.o(i.GPIO2_MODE)
    GPIO2_TOGGLE                             0x08000a71   Thumb Code    26  gpio_drv.o(i.GPIO2_TOGGLE)
    GPIO3_GET                                0x08000a95   Thumb Code    24  gpio_drv.o(i.GPIO3_GET)
    GPIO3_HIGH                               0x08000ab5   Thumb Code    24  gpio_drv.o(i.GPIO3_HIGH)
    GPIO3_LOW                                0x08000ad5   Thumb Code    24  gpio_drv.o(i.GPIO3_LOW)
    GPIO3_MODE                               0x08000af5   Thumb Code    46  gpio_drv.o(i.GPIO3_MODE)
    GPIO3_TOGGLE                             0x08000b2d   Thumb Code    24  gpio_drv.o(i.GPIO3_TOGGLE)
    GPIO4_GET                                0x08000b4d   Thumb Code    26  gpio_drv.o(i.GPIO4_GET)
    GPIO4_HIGH                               0x08000b71   Thumb Code    26  gpio_drv.o(i.GPIO4_HIGH)
    GPIO4_LOW                                0x08000b95   Thumb Code    26  gpio_drv.o(i.GPIO4_LOW)
    GPIO4_MODE                               0x08000bb9   Thumb Code    50  gpio_drv.o(i.GPIO4_MODE)
    GPIO4_TOGGLE                             0x08000bf5   Thumb Code    26  gpio_drv.o(i.GPIO4_TOGGLE)
    GPIO5_GET                                0x08000c19   Thumb Code    26  gpio_drv.o(i.GPIO5_GET)
    GPIO5_HIGH                               0x08000c3d   Thumb Code    26  gpio_drv.o(i.GPIO5_HIGH)
    GPIO5_LOW                                0x08000c61   Thumb Code    26  gpio_drv.o(i.GPIO5_LOW)
    GPIO5_MODE                               0x08000c85   Thumb Code    50  gpio_drv.o(i.GPIO5_MODE)
    GPIO5_TOGGLE                             0x08000cc1   Thumb Code    26  gpio_drv.o(i.GPIO5_TOGGLE)
    GPIO6_GET                                0x08000ce5   Thumb Code    24  gpio_drv.o(i.GPIO6_GET)
    GPIO6_HIGH                               0x08000d05   Thumb Code    24  gpio_drv.o(i.GPIO6_HIGH)
    GPIO6_LOW                                0x08000d25   Thumb Code    24  gpio_drv.o(i.GPIO6_LOW)
    GPIO6_MODE                               0x08000d45   Thumb Code    46  gpio_drv.o(i.GPIO6_MODE)
    GPIO6_TOGGLE                             0x08000d7d   Thumb Code    24  gpio_drv.o(i.GPIO6_TOGGLE)
    GPIO7_GET                                0x08000d9d   Thumb Code    26  gpio_drv.o(i.GPIO7_GET)
    GPIO7_HIGH                               0x08000dc1   Thumb Code    26  gpio_drv.o(i.GPIO7_HIGH)
    GPIO7_LOW                                0x08000de5   Thumb Code    26  gpio_drv.o(i.GPIO7_LOW)
    GPIO7_MODE                               0x08000e09   Thumb Code    50  gpio_drv.o(i.GPIO7_MODE)
    GPIO7_TOGGLE                             0x08000e45   Thumb Code    26  gpio_drv.o(i.GPIO7_TOGGLE)
    GPIO8_GET                                0x08000e69   Thumb Code    24  gpio_drv.o(i.GPIO8_GET)
    GPIO8_HIGH                               0x08000e89   Thumb Code    24  gpio_drv.o(i.GPIO8_HIGH)
    GPIO8_LOW                                0x08000ea9   Thumb Code    24  gpio_drv.o(i.GPIO8_LOW)
    GPIO8_MODE                               0x08000ec9   Thumb Code    46  gpio_drv.o(i.GPIO8_MODE)
    GPIO8_TOGGLE                             0x08000f01   Thumb Code    24  gpio_drv.o(i.GPIO8_TOGGLE)
    GPIO9_GET                                0x08000f21   Thumb Code    26  gpio_drv.o(i.GPIO9_GET)
    GPIO9_HIGH                               0x08000f45   Thumb Code    26  gpio_drv.o(i.GPIO9_HIGH)
    GPIO9_LOW                                0x08000f69   Thumb Code    26  gpio_drv.o(i.GPIO9_LOW)
    GPIO9_MODE                               0x08000f8d   Thumb Code    50  gpio_drv.o(i.GPIO9_MODE)
    GPIO9_TOGGLE                             0x08000fc9   Thumb Code    26  gpio_drv.o(i.GPIO9_TOGGLE)
    Get_Connecting                           0x08000fed   Thumb Code     6  ymodem.o(i.Get_Connecting)
    Get_System_T                             0x08000ff9   Thumb Code    30  system_time.o(i.Get_System_T)
    Get_deta_T                               0x08001021   Thumb Code    98  system_time.o(i.Get_deta_T)
    HardFault_Handler                        0x08001109   Thumb Code     4  gd32f30x_it.o(i.HardFault_Handler)
    MemManage_Handler                        0x0800110d   Thumb Code     4  gd32f30x_it.o(i.MemManage_Handler)
    My_Pow                                   0x08001111   Thumb Code    18  ymodem.o(i.My_Pow)
    NMI_Handler                              0x08001123   Thumb Code     2  gd32f30x_it.o(i.NMI_Handler)
    PendSV_Handler                           0x08001125   Thumb Code     2  gd32f30x_it.o(i.PendSV_Handler)
    Receive_byte                             0x08001129   Thumb Code    76  ymodem.o(i.Receive_byte)
    RingBuffer_Read                          0x08001215   Thumb Code    58  ringbuffer.o(i.RingBuffer_Read)
    RingBuffer_Write                         0x0800124f   Thumb Code    70  ringbuffer.o(i.RingBuffer_Write)
    SVC_Handler                              0x08001295   Thumb Code     2  gd32f30x_it.o(i.SVC_Handler)
    SysTick_Handler                          0x0800133d   Thumb Code    34  system_time.o(i.SysTick_Handler)
    SystemInit                               0x08001365   Thumb Code   110  system_gd32f30x.o(i.SystemInit)
    System_time_init                         0x080013e1   Thumb Code   106  system_time.o(i.System_time_init)
    USART0_IRQHandler                        0x08001465   Thumb Code    44  usart_drv.o(i.USART0_IRQHandler)
    USART1_IRQHandler                        0x0800149d   Thumb Code    44  usart_drv.o(i.USART1_IRQHandler)
    USART2_IRQHandler                        0x080014d5   Thumb Code    44  usart_drv.o(i.USART2_IRQHandler)
    USART2_IRQ_Callback_Register             0x0800150d   Thumb Code     6  usart_drv.o(i.USART2_IRQ_Callback_Register)
    UsageFault_Handler                       0x08001519   Thumb Code     4  gd32f30x_it.o(i.UsageFault_Handler)
    Ymodem_Receive                           0x0800151d   Thumb Code   288  ymodem.o(i.Ymodem_Receive)
    Ymodem_Recive_Callback                   0x0800164d   Thumb Code    36  ymodem.o(i.Ymodem_Recive_Callback)
    Ymodem_init                              0x08001679   Thumb Code    10  ymodem.o(i.Ymodem_init)
    all_gpio_init                            0x08001689   Thumb Code   610  gpio_drv.o(i.all_gpio_init)
    delay_us                                 0x08001a35   Thumb Code    52  system_time.o(i.delay_us)
    exti_init                                0x08001a6d   Thumb Code   178  gd32f30x_exti.o(i.exti_init)
    exti_interrupt_flag_get                  0x08001b25   Thumb Code    32  gd32f30x_exti.o(i.exti_interrupt_flag_get)
    fmc_bank0_ready_wait                     0x08001b49   Thumb Code    34  gd32f30x_fmc.o(i.fmc_bank0_ready_wait)
    fmc_bank0_state_get                      0x08001b6d   Thumb Code    44  gd32f30x_fmc.o(i.fmc_bank0_state_get)
    fmc_bank1_ready_wait                     0x08001b9d   Thumb Code    34  gd32f30x_fmc.o(i.fmc_bank1_ready_wait)
    fmc_bank1_state_get                      0x08001bc1   Thumb Code    44  gd32f30x_fmc.o(i.fmc_bank1_state_get)
    fmc_lock                                 0x08001bf1   Thumb Code    34  gd32f30x_fmc.o(i.fmc_lock)
    fmc_page_erase                           0x08001c1d   Thumb Code   210  gd32f30x_fmc.o(i.fmc_page_erase)
    fmc_unlock                               0x08001d01   Thumb Code    52  gd32f30x_fmc.o(i.fmc_unlock)
    fmc_word_program                         0x08001d45   Thumb Code   166  gd32f30x_fmc.o(i.fmc_word_program)
    get_gpio_struct                          0x08001dfd   Thumb Code    26  gpio_drv.o(i.get_gpio_struct)
    gpio_bit_reset                           0x08001e1d   Thumb Code     4  gd32f30x_gpio.o(i.gpio_bit_reset)
    gpio_bit_set                             0x08001e21   Thumb Code     4  gd32f30x_gpio.o(i.gpio_bit_set)
    gpio_bit_toggle                          0x08001e25   Thumb Code    14  gpio_drv.o(i.gpio_bit_toggle)
    gpio_init                                0x08001e33   Thumb Code   188  gd32f30x_gpio.o(i.gpio_init)
    gpio_input_bit_get                       0x08001eef   Thumb Code    16  gd32f30x_gpio.o(i.gpio_input_bit_get)
    main                                     0x08001f01   Thumb Code   312  main.o(i.main)
    nvic_irq_enable                          0x08002045   Thumb Code   186  gd32f30x_misc.o(i.nvic_irq_enable)
    nvic_priority_group_set                  0x08002109   Thumb Code    10  gd32f30x_misc.o(i.nvic_priority_group_set)
    rcu_clock_freq_get                       0x0800211d   Thumb Code   310  gd32f30x_rcu.o(i.rcu_clock_freq_get)
    rcu_deinit                               0x08002275   Thumb Code   106  gd32f30x_rcu.o(i.rcu_deinit)
    rcu_flag_get                             0x080022ed   Thumb Code    30  gd32f30x_rcu.o(i.rcu_flag_get)
    rcu_osci_stab_wait                       0x08002311   Thumb Code   266  gd32f30x_rcu.o(i.rcu_osci_stab_wait)
    rcu_periph_clock_enable                  0x08002421   Thumb Code    28  gd32f30x_rcu.o(i.rcu_periph_clock_enable)
    rcu_periph_reset_disable                 0x08002441   Thumb Code    28  gd32f30x_rcu.o(i.rcu_periph_reset_disable)
    rcu_periph_reset_enable                  0x08002461   Thumb Code    28  gd32f30x_rcu.o(i.rcu_periph_reset_enable)
    spi_enable                               0x080024a1   Thumb Code    10  gd32f30x_spi.o(i.spi_enable)
    spi_i2s_data_transmit                    0x080024ab   Thumb Code     4  gd32f30x_spi.o(i.spi_i2s_data_transmit)
    spi_i2s_deinit                           0x080024b1   Thumb Code    82  gd32f30x_spi.o(i.spi_i2s_deinit)
    spi_i2s_flag_get                         0x08002509   Thumb Code    16  gd32f30x_spi.o(i.spi_i2s_flag_get)
    spi_init                                 0x08002519   Thumb Code    50  gd32f30x_spi.o(i.spi_init)
    spi_struct_para_init                     0x0800254b   Thumb Code    18  gd32f30x_spi.o(i.spi_struct_para_init)
    usart2_init                              0x08002675   Thumb Code   160  usart_drv.o(i.usart2_init)
    usart2_send_byte                         0x08002721   Thumb Code    28  usart_drv.o(i.usart2_send_byte)
    usart_baudrate_set                       0x08002741   Thumb Code   136  gd32f30x_usart.o(i.usart_baudrate_set)
    usart_data_receive                       0x080027d1   Thumb Code    10  gd32f30x_usart.o(i.usart_data_receive)
    usart_data_transmit                      0x080027db   Thumb Code     8  gd32f30x_usart.o(i.usart_data_transmit)
    usart_deinit                             0x080027e5   Thumb Code   136  gd32f30x_usart.o(i.usart_deinit)
    usart_enable                             0x08002875   Thumb Code    10  gd32f30x_usart.o(i.usart_enable)
    usart_flag_get                           0x0800287f   Thumb Code    30  gd32f30x_usart.o(i.usart_flag_get)
    usart_hardware_flow_cts_config           0x0800289d   Thumb Code    16  gd32f30x_usart.o(i.usart_hardware_flow_cts_config)
    usart_hardware_flow_rts_config           0x080028ad   Thumb Code    16  gd32f30x_usart.o(i.usart_hardware_flow_rts_config)
    usart_interrupt_enable                   0x080028bd   Thumb Code    26  gd32f30x_usart.o(i.usart_interrupt_enable)
    usart_interrupt_flag_clear               0x080028d7   Thumb Code    26  gd32f30x_usart.o(i.usart_interrupt_flag_clear)
    usart_interrupt_flag_get                 0x080028f1   Thumb Code    56  gd32f30x_usart.o(i.usart_interrupt_flag_get)
    usart_parity_config                      0x08002929   Thumb Code    16  gd32f30x_usart.o(i.usart_parity_config)
    usart_receive_config                     0x08002939   Thumb Code    16  gd32f30x_usart.o(i.usart_receive_config)
    usart_stop_bit_set                       0x08002949   Thumb Code    16  gd32f30x_usart.o(i.usart_stop_bit_set)
    usart_transmit_config                    0x08002959   Thumb Code    16  gd32f30x_usart.o(i.usart_transmit_config)
    usart_word_length_set                    0x08002969   Thumb Code    16  gd32f30x_usart.o(i.usart_word_length_set)
    ws2812_Control                           0x08002979   Thumb Code   204  ws2812_drv.o(i.ws2812_Control)
    ws2812_Init                              0x08002a49   Thumb Code     8  ws2812_drv.o(i.ws2812_Init)
    ws2812_spi_init                          0x08002a51   Thumb Code    98  ws2812_drv.o(i.ws2812_spi_init)
    __fpl_dcmp_Inf                           0x08002abd   Thumb Code    24  dcmpi.o(x$fpl$dcmpinf)
    __aeabi_cdcmple                          0x08002ad5   Thumb Code     0  dleqf.o(x$fpl$dleqf)
    _dcmple                                  0x08002ad5   Thumb Code   120  dleqf.o(x$fpl$dleqf)
    __fpl_dcmple_InfNaN                      0x08002b37   Thumb Code     0  dleqf.o(x$fpl$dleqf)
    __fpl_dnaninf                            0x08002b4d   Thumb Code   156  dnaninf.o(x$fpl$dnaninf)
    __fpl_dretinf                            0x08002be9   Thumb Code    12  dretinf.o(x$fpl$dretinf)
    __aeabi_cdrcmple                         0x08002bf5   Thumb Code     0  drleqf.o(x$fpl$drleqf)
    _drcmple                                 0x08002bf5   Thumb Code   108  drleqf.o(x$fpl$drleqf)
    __aeabi_f2d                              0x08002c61   Thumb Code     0  f2d.o(x$fpl$f2d)
    _f2d                                     0x08002c61   Thumb Code    86  f2d.o(x$fpl$f2d)
    __fpl_fnaninf                            0x08002cb7   Thumb Code   140  fnaninf.o(x$fpl$fnaninf)
    _fp_init                                 0x08002d43   Thumb Code    10  fpinit.o(x$fpl$fpinit)
    __fplib_config_fpu_vfp                   0x08002d4b   Thumb Code     0  fpinit.o(x$fpl$fpinit)
    __fplib_config_pureend_doubles           0x08002d4b   Thumb Code     0  fpinit.o(x$fpl$fpinit)
    Region$$Table$$Base                      0x08002d4c   Number         0  anon$$obj.o(Region$$Table)
    __I$use$fp                               0x08002d4c   Number         0  usenofp.o(x$fpl$usenofp)
    Region$$Table$$Limit                     0x08002d6c   Number         0  anon$$obj.o(Region$$Table)
    SystemCoreClock                          0x20000000   Data           4  system_gd32f30x.o(.data)
    Main_T                                   0x20000004   Data           8  main.o(.data)
    Jump_To_Application                      0x2000000c   Data           4  main.o(.data)
    JumpAddress                              0x20000010   Data           4  main.o(.data)
    System_T                                 0x20000014   Data           8  system_time.o(.data)
    us_Count                                 0x2000001c   Data           2  system_time.o(.data)
    FlashDestination                         0x20000020   Data           4  ymodem.o(.data)
    Connecting                               0x20000024   Data           1  ymodem.o(.data)
    Receive_T                                0x20000028   Data           8  ymodem.o(.data)
    file_name                                0x20000044   Data         256  ymodem.o(.bss)
    file_size                                0x20000144   Data          16  ymodem.o(.bss)
    Uart_buff                                0x20000154   Data        2052  ymodem.o(.bss)
    ws2812_code                              0x20000958   Data          48  ws2812_drv.o(.bss)
    gpio                                     0x20000988   Data         384  gpio_drv.o(.bss)
    __libspace_start                         0x20000b08   Data          96  libspace.o(.bss)
    __temporary_stack_top$libspace           0x20000b68   Data           0  libspace.o(.bss)



==============================================================================

Memory Map of the image

  Image Entry point : 0x08000131

  Load Region LR_IROM1 (Base: 0x08000000, Size: 0x00002db0, Max: 0x00040000, ABSOLUTE)

    Execution Region ER_IROM1 (Exec base: 0x08000000, Load base: 0x08000000, Size: 0x00002d6c, Max: 0x00040000, ABSOLUTE)

    Exec Addr    Load Addr    Size         Type   Attr      Idx    E Section Name        Object

    0x08000000   0x08000000   0x00000130   Data   RO          169    RESET               startup_gd32f30x_hd.o
    0x08000130   0x08000130   0x00000008   Code   RO         5058  * !!!main             c_w.l(__main.o)
    0x08000138   0x08000138   0x00000034   Code   RO         5230    !!!scatter          c_w.l(__scatter.o)
    0x0800016c   0x0800016c   0x0000001a   Code   RO         5232    !!handler_copy      c_w.l(__scatter_copy.o)
    0x08000186   0x08000186   0x00000002   PAD
    0x08000188   0x08000188   0x0000001c   Code   RO         5234    !!handler_zi        c_w.l(__scatter_zi.o)
    0x080001a4   0x080001a4   0x00000002   Code   RO         5100    .ARM.Collect$$libinit$$00000000  c_w.l(libinit.o)
    0x080001a6   0x080001a6   0x00000004   Code   RO         5106    .ARM.Collect$$libinit$$00000001  c_w.l(libinit2.o)
    0x080001aa   0x080001aa   0x00000000   Code   RO         5109    .ARM.Collect$$libinit$$00000004  c_w.l(libinit2.o)
    0x080001aa   0x080001aa   0x00000000   Code   RO         5112    .ARM.Collect$$libinit$$0000000A  c_w.l(libinit2.o)
    0x080001aa   0x080001aa   0x00000000   Code   RO         5114    .ARM.Collect$$libinit$$0000000C  c_w.l(libinit2.o)
    0x080001aa   0x080001aa   0x00000000   Code   RO         5116    .ARM.Collect$$libinit$$0000000E  c_w.l(libinit2.o)
    0x080001aa   0x080001aa   0x00000000   Code   RO         5119    .ARM.Collect$$libinit$$00000011  c_w.l(libinit2.o)
    0x080001aa   0x080001aa   0x00000000   Code   RO         5121    .ARM.Collect$$libinit$$00000013  c_w.l(libinit2.o)
    0x080001aa   0x080001aa   0x00000000   Code   RO         5123    .ARM.Collect$$libinit$$00000015  c_w.l(libinit2.o)
    0x080001aa   0x080001aa   0x00000000   Code   RO         5125    .ARM.Collect$$libinit$$00000017  c_w.l(libinit2.o)
    0x080001aa   0x080001aa   0x00000000   Code   RO         5127    .ARM.Collect$$libinit$$00000019  c_w.l(libinit2.o)
    0x080001aa   0x080001aa   0x00000000   Code   RO         5129    .ARM.Collect$$libinit$$0000001B  c_w.l(libinit2.o)
    0x080001aa   0x080001aa   0x00000000   Code   RO         5131    .ARM.Collect$$libinit$$0000001D  c_w.l(libinit2.o)
    0x080001aa   0x080001aa   0x00000000   Code   RO         5133    .ARM.Collect$$libinit$$0000001F  c_w.l(libinit2.o)
    0x080001aa   0x080001aa   0x00000000   Code   RO         5135    .ARM.Collect$$libinit$$00000021  c_w.l(libinit2.o)
    0x080001aa   0x080001aa   0x00000000   Code   RO         5137    .ARM.Collect$$libinit$$00000023  c_w.l(libinit2.o)
    0x080001aa   0x080001aa   0x00000000   Code   RO         5139    .ARM.Collect$$libinit$$00000025  c_w.l(libinit2.o)
    0x080001aa   0x080001aa   0x00000000   Code   RO         5143    .ARM.Collect$$libinit$$0000002C  c_w.l(libinit2.o)
    0x080001aa   0x080001aa   0x00000000   Code   RO         5145    .ARM.Collect$$libinit$$0000002E  c_w.l(libinit2.o)
    0x080001aa   0x080001aa   0x00000000   Code   RO         5147    .ARM.Collect$$libinit$$00000030  c_w.l(libinit2.o)
    0x080001aa   0x080001aa   0x00000000   Code   RO         5149    .ARM.Collect$$libinit$$00000032  c_w.l(libinit2.o)
    0x080001aa   0x080001aa   0x00000002   Code   RO         5150    .ARM.Collect$$libinit$$00000033  c_w.l(libinit2.o)
    0x080001ac   0x080001ac   0x00000002   Code   RO         5170    .ARM.Collect$$libshutdown$$00000000  c_w.l(libshutdown.o)
    0x080001ae   0x080001ae   0x00000000   Code   RO         5183    .ARM.Collect$$libshutdown$$00000002  c_w.l(libshutdown2.o)
    0x080001ae   0x080001ae   0x00000000   Code   RO         5185    .ARM.Collect$$libshutdown$$00000004  c_w.l(libshutdown2.o)
    0x080001ae   0x080001ae   0x00000000   Code   RO         5188    .ARM.Collect$$libshutdown$$00000007  c_w.l(libshutdown2.o)
    0x080001ae   0x080001ae   0x00000000   Code   RO         5191    .ARM.Collect$$libshutdown$$0000000A  c_w.l(libshutdown2.o)
    0x080001ae   0x080001ae   0x00000000   Code   RO         5193    .ARM.Collect$$libshutdown$$0000000C  c_w.l(libshutdown2.o)
    0x080001ae   0x080001ae   0x00000000   Code   RO         5196    .ARM.Collect$$libshutdown$$0000000F  c_w.l(libshutdown2.o)
    0x080001ae   0x080001ae   0x00000002   Code   RO         5197    .ARM.Collect$$libshutdown$$00000010  c_w.l(libshutdown2.o)
    0x080001b0   0x080001b0   0x00000000   Code   RO         5064    .ARM.Collect$$rtentry$$00000000  c_w.l(__rtentry.o)
    0x080001b0   0x080001b0   0x00000000   Code   RO         5073    .ARM.Collect$$rtentry$$00000002  c_w.l(__rtentry2.o)
    0x080001b0   0x080001b0   0x00000006   Code   RO         5085    .ARM.Collect$$rtentry$$00000004  c_w.l(__rtentry4.o)
    0x080001b6   0x080001b6   0x00000000   Code   RO         5075    .ARM.Collect$$rtentry$$00000009  c_w.l(__rtentry2.o)
    0x080001b6   0x080001b6   0x00000004   Code   RO         5076    .ARM.Collect$$rtentry$$0000000A  c_w.l(__rtentry2.o)
    0x080001ba   0x080001ba   0x00000000   Code   RO         5078    .ARM.Collect$$rtentry$$0000000C  c_w.l(__rtentry2.o)
    0x080001ba   0x080001ba   0x00000008   Code   RO         5079    .ARM.Collect$$rtentry$$0000000D  c_w.l(__rtentry2.o)
    0x080001c2   0x080001c2   0x00000002   Code   RO         5104    .ARM.Collect$$rtexit$$00000000  c_w.l(rtexit.o)
    0x080001c4   0x080001c4   0x00000000   Code   RO         5152    .ARM.Collect$$rtexit$$00000002  c_w.l(rtexit2.o)
    0x080001c4   0x080001c4   0x00000004   Code   RO         5153    .ARM.Collect$$rtexit$$00000003  c_w.l(rtexit2.o)
    0x080001c8   0x080001c8   0x00000006   Code   RO         5154    .ARM.Collect$$rtexit$$00000004  c_w.l(rtexit2.o)
    0x080001ce   0x080001ce   0x00000002   PAD
    0x080001d0   0x080001d0   0x00000040   Code   RO          170    .text               startup_gd32f30x_hd.o
    0x08000210   0x08000210   0x00000064   Code   RO         5054    .text               c_w.l(rt_memcpy_w.o)
    0x08000274   0x08000274   0x00000006   Code   RO         5056    .text               c_w.l(heapauxi.o)
    0x0800027a   0x0800027a   0x0000004a   Code   RO         5091    .text               c_w.l(sys_stackheap_outer.o)
    0x080002c4   0x080002c4   0x00000012   Code   RO         5093    .text               c_w.l(exit.o)
    0x080002d6   0x080002d6   0x00000002   PAD
    0x080002d8   0x080002d8   0x00000008   Code   RO         5101    .text               c_w.l(libspace.o)
    0x080002e0   0x080002e0   0x0000000c   Code   RO         5162    .text               c_w.l(sys_exit.o)
    0x080002ec   0x080002ec   0x00000002   Code   RO         5173    .text               c_w.l(use_no_semi.o)
    0x080002ee   0x080002ee   0x00000000   Code   RO         5175    .text               c_w.l(indicate_semi.o)
    0x080002ee   0x080002ee   0x00000004   Code   RO            3    i.BusFault_Handler  gd32f30x_it.o
    0x080002f2   0x080002f2   0x00000002   Code   RO            4    i.DebugMon_Handler  gd32f30x_it.o
    0x080002f4   0x080002f4   0x0000002c   Code   RO         4369    i.EXTI10_15_IRQHandler  exti_drv.o
    0x08000320   0x08000320   0x00000028   Code   RO         4371    i.EXTI5_9_IRQHandler  exti_drv.o
    0x08000348   0x08000348   0x00000056   Code   RO         4418    i.Flash_Erase       flash_drv.o
    0x0800039e   0x0800039e   0x00000002   PAD
    0x080003a0   0x080003a0   0x00000058   Code   RO         4420    i.Flash_Write       flash_drv.o
    0x080003f8   0x080003f8   0x00000020   Code   RO         4538    i.GPIO0_GET         gpio_drv.o
    0x08000418   0x08000418   0x00000020   Code   RO         4539    i.GPIO0_HIGH        gpio_drv.o
    0x08000438   0x08000438   0x00000020   Code   RO         4540    i.GPIO0_LOW         gpio_drv.o
    0x08000458   0x08000458   0x00000034   Code   RO         4541    i.GPIO0_MODE        gpio_drv.o
    0x0800048c   0x0800048c   0x00000020   Code   RO         4542    i.GPIO0_TOGGLE      gpio_drv.o
    0x080004ac   0x080004ac   0x00000020   Code   RO         4543    i.GPIO10_GET        gpio_drv.o
    0x080004cc   0x080004cc   0x00000020   Code   RO         4544    i.GPIO10_HIGH       gpio_drv.o
    0x080004ec   0x080004ec   0x00000020   Code   RO         4545    i.GPIO10_LOW        gpio_drv.o
    0x0800050c   0x0800050c   0x00000038   Code   RO         4546    i.GPIO10_MODE       gpio_drv.o
    0x08000544   0x08000544   0x00000020   Code   RO         4547    i.GPIO10_TOGGLE     gpio_drv.o
    0x08000564   0x08000564   0x00000020   Code   RO         4548    i.GPIO11_GET        gpio_drv.o
    0x08000584   0x08000584   0x00000020   Code   RO         4549    i.GPIO11_HIGH       gpio_drv.o
    0x080005a4   0x080005a4   0x00000020   Code   RO         4550    i.GPIO11_LOW        gpio_drv.o
    0x080005c4   0x080005c4   0x00000038   Code   RO         4551    i.GPIO11_MODE       gpio_drv.o
    0x080005fc   0x080005fc   0x00000020   Code   RO         4552    i.GPIO11_TOGGLE     gpio_drv.o
    0x0800061c   0x0800061c   0x00000024   Code   RO         4553    i.GPIO12_GET        gpio_drv.o
    0x08000640   0x08000640   0x00000024   Code   RO         4554    i.GPIO12_HIGH       gpio_drv.o
    0x08000664   0x08000664   0x00000024   Code   RO         4555    i.GPIO12_LOW        gpio_drv.o
    0x08000688   0x08000688   0x0000003c   Code   RO         4556    i.GPIO12_MODE       gpio_drv.o
    0x080006c4   0x080006c4   0x00000024   Code   RO         4557    i.GPIO12_TOGGLE     gpio_drv.o
    0x080006e8   0x080006e8   0x00000020   Code   RO         4558    i.GPIO13_GET        gpio_drv.o
    0x08000708   0x08000708   0x00000020   Code   RO         4559    i.GPIO13_HIGH       gpio_drv.o
    0x08000728   0x08000728   0x00000020   Code   RO         4560    i.GPIO13_LOW        gpio_drv.o
    0x08000748   0x08000748   0x00000038   Code   RO         4561    i.GPIO13_MODE       gpio_drv.o
    0x08000780   0x08000780   0x00000020   Code   RO         4562    i.GPIO13_TOGGLE     gpio_drv.o
    0x080007a0   0x080007a0   0x00000020   Code   RO         4563    i.GPIO14_GET        gpio_drv.o
    0x080007c0   0x080007c0   0x00000020   Code   RO         4564    i.GPIO14_HIGH       gpio_drv.o
    0x080007e0   0x080007e0   0x00000020   Code   RO         4565    i.GPIO14_LOW        gpio_drv.o
    0x08000800   0x08000800   0x00000038   Code   RO         4566    i.GPIO14_MODE       gpio_drv.o
    0x08000838   0x08000838   0x00000020   Code   RO         4567    i.GPIO14_TOGGLE     gpio_drv.o
    0x08000858   0x08000858   0x00000020   Code   RO         4568    i.GPIO15_GET        gpio_drv.o
    0x08000878   0x08000878   0x00000020   Code   RO         4569    i.GPIO15_HIGH       gpio_drv.o
    0x08000898   0x08000898   0x00000020   Code   RO         4570    i.GPIO15_LOW        gpio_drv.o
    0x080008b8   0x080008b8   0x00000038   Code   RO         4571    i.GPIO15_MODE       gpio_drv.o
    0x080008f0   0x080008f0   0x00000020   Code   RO         4572    i.GPIO15_TOGGLE     gpio_drv.o
    0x08000910   0x08000910   0x00000020   Code   RO         4573    i.GPIO1_GET         gpio_drv.o
    0x08000930   0x08000930   0x00000020   Code   RO         4574    i.GPIO1_HIGH        gpio_drv.o
    0x08000950   0x08000950   0x00000020   Code   RO         4575    i.GPIO1_LOW         gpio_drv.o
    0x08000970   0x08000970   0x00000038   Code   RO         4576    i.GPIO1_MODE        gpio_drv.o
    0x080009a8   0x080009a8   0x00000020   Code   RO         4577    i.GPIO1_TOGGLE      gpio_drv.o
    0x080009c8   0x080009c8   0x00000024   Code   RO         4578    i.GPIO2_GET         gpio_drv.o
    0x080009ec   0x080009ec   0x00000024   Code   RO         4579    i.GPIO2_HIGH        gpio_drv.o
    0x08000a10   0x08000a10   0x00000024   Code   RO         4580    i.GPIO2_LOW         gpio_drv.o
    0x08000a34   0x08000a34   0x0000003c   Code   RO         4581    i.GPIO2_MODE        gpio_drv.o
    0x08000a70   0x08000a70   0x00000024   Code   RO         4582    i.GPIO2_TOGGLE      gpio_drv.o
    0x08000a94   0x08000a94   0x00000020   Code   RO         4583    i.GPIO3_GET         gpio_drv.o
    0x08000ab4   0x08000ab4   0x00000020   Code   RO         4584    i.GPIO3_HIGH        gpio_drv.o
    0x08000ad4   0x08000ad4   0x00000020   Code   RO         4585    i.GPIO3_LOW         gpio_drv.o
    0x08000af4   0x08000af4   0x00000038   Code   RO         4586    i.GPIO3_MODE        gpio_drv.o
    0x08000b2c   0x08000b2c   0x00000020   Code   RO         4587    i.GPIO3_TOGGLE      gpio_drv.o
    0x08000b4c   0x08000b4c   0x00000024   Code   RO         4588    i.GPIO4_GET         gpio_drv.o
    0x08000b70   0x08000b70   0x00000024   Code   RO         4589    i.GPIO4_HIGH        gpio_drv.o
    0x08000b94   0x08000b94   0x00000024   Code   RO         4590    i.GPIO4_LOW         gpio_drv.o
    0x08000bb8   0x08000bb8   0x0000003c   Code   RO         4591    i.GPIO4_MODE        gpio_drv.o
    0x08000bf4   0x08000bf4   0x00000024   Code   RO         4592    i.GPIO4_TOGGLE      gpio_drv.o
    0x08000c18   0x08000c18   0x00000024   Code   RO         4593    i.GPIO5_GET         gpio_drv.o
    0x08000c3c   0x08000c3c   0x00000024   Code   RO         4594    i.GPIO5_HIGH        gpio_drv.o
    0x08000c60   0x08000c60   0x00000024   Code   RO         4595    i.GPIO5_LOW         gpio_drv.o
    0x08000c84   0x08000c84   0x0000003c   Code   RO         4596    i.GPIO5_MODE        gpio_drv.o
    0x08000cc0   0x08000cc0   0x00000024   Code   RO         4597    i.GPIO5_TOGGLE      gpio_drv.o
    0x08000ce4   0x08000ce4   0x00000020   Code   RO         4598    i.GPIO6_GET         gpio_drv.o
    0x08000d04   0x08000d04   0x00000020   Code   RO         4599    i.GPIO6_HIGH        gpio_drv.o
    0x08000d24   0x08000d24   0x00000020   Code   RO         4600    i.GPIO6_LOW         gpio_drv.o
    0x08000d44   0x08000d44   0x00000038   Code   RO         4601    i.GPIO6_MODE        gpio_drv.o
    0x08000d7c   0x08000d7c   0x00000020   Code   RO         4602    i.GPIO6_TOGGLE      gpio_drv.o
    0x08000d9c   0x08000d9c   0x00000024   Code   RO         4603    i.GPIO7_GET         gpio_drv.o
    0x08000dc0   0x08000dc0   0x00000024   Code   RO         4604    i.GPIO7_HIGH        gpio_drv.o
    0x08000de4   0x08000de4   0x00000024   Code   RO         4605    i.GPIO7_LOW         gpio_drv.o
    0x08000e08   0x08000e08   0x0000003c   Code   RO         4606    i.GPIO7_MODE        gpio_drv.o
    0x08000e44   0x08000e44   0x00000024   Code   RO         4607    i.GPIO7_TOGGLE      gpio_drv.o
    0x08000e68   0x08000e68   0x00000020   Code   RO         4608    i.GPIO8_GET         gpio_drv.o
    0x08000e88   0x08000e88   0x00000020   Code   RO         4609    i.GPIO8_HIGH        gpio_drv.o
    0x08000ea8   0x08000ea8   0x00000020   Code   RO         4610    i.GPIO8_LOW         gpio_drv.o
    0x08000ec8   0x08000ec8   0x00000038   Code   RO         4611    i.GPIO8_MODE        gpio_drv.o
    0x08000f00   0x08000f00   0x00000020   Code   RO         4612    i.GPIO8_TOGGLE      gpio_drv.o
    0x08000f20   0x08000f20   0x00000024   Code   RO         4613    i.GPIO9_GET         gpio_drv.o
    0x08000f44   0x08000f44   0x00000024   Code   RO         4614    i.GPIO9_HIGH        gpio_drv.o
    0x08000f68   0x08000f68   0x00000024   Code   RO         4615    i.GPIO9_LOW         gpio_drv.o
    0x08000f8c   0x08000f8c   0x0000003c   Code   RO         4616    i.GPIO9_MODE        gpio_drv.o
    0x08000fc8   0x08000fc8   0x00000024   Code   RO         4617    i.GPIO9_TOGGLE      gpio_drv.o
    0x08000fec   0x08000fec   0x0000000c   Code   RO         4225    i.Get_Connecting    ymodem.o
    0x08000ff8   0x08000ff8   0x00000028   Code   RO         4164    i.Get_System_T      system_time.o
    0x08001020   0x08001020   0x00000070   Code   RO         4165    i.Get_deta_T        system_time.o
    0x08001090   0x08001090   0x00000078   Code   RO          218    i.Go_to_APP         main.o
    0x08001108   0x08001108   0x00000004   Code   RO            5    i.HardFault_Handler  gd32f30x_it.o
    0x0800110c   0x0800110c   0x00000004   Code   RO            6    i.MemManage_Handler  gd32f30x_it.o
    0x08001110   0x08001110   0x00000012   Code   RO         4226    i.My_Pow            ymodem.o
    0x08001122   0x08001122   0x00000002   Code   RO            7    i.NMI_Handler       gd32f30x_it.o
    0x08001124   0x08001124   0x00000002   Code   RO            8    i.PendSV_Handler    gd32f30x_it.o
    0x08001126   0x08001126   0x00000002   PAD
    0x08001128   0x08001128   0x00000054   Code   RO         4227    i.Receive_byte      ymodem.o
    0x0800117c   0x0800117c   0x00000098   Code   RO         4228    i.Receive_packet    ymodem.o
    0x08001214   0x08001214   0x0000003a   Code   RO         4294    i.RingBuffer_Read   ringbuffer.o
    0x0800124e   0x0800124e   0x00000046   Code   RO         4295    i.RingBuffer_Write  ringbuffer.o
    0x08001294   0x08001294   0x00000002   Code   RO            9    i.SVC_Handler       gd32f30x_it.o
    0x08001296   0x08001296   0x000000a6   Code   RO         4229    i.Str_to_int        ymodem.o
    0x0800133c   0x0800133c   0x00000028   Code   RO         4166    i.SysTick_Handler   system_time.o
    0x08001364   0x08001364   0x0000007c   Code   RO          177    i.SystemInit        system_gd32f30x.o
    0x080013e0   0x080013e0   0x00000084   Code   RO         4167    i.System_time_init  system_time.o
    0x08001464   0x08001464   0x00000038   Code   RO         4450    i.USART0_IRQHandler  usart_drv.o
    0x0800149c   0x0800149c   0x00000038   Code   RO         4452    i.USART1_IRQHandler  usart_drv.o
    0x080014d4   0x080014d4   0x00000038   Code   RO         4454    i.USART2_IRQHandler  usart_drv.o
    0x0800150c   0x0800150c   0x0000000c   Code   RO         4455    i.USART2_IRQ_Callback_Register  usart_drv.o
    0x08001518   0x08001518   0x00000004   Code   RO           10    i.UsageFault_Handler  gd32f30x_it.o
    0x0800151c   0x0800151c   0x00000130   Code   RO         4230    i.Ymodem_Receive    ymodem.o
    0x0800164c   0x0800164c   0x0000002c   Code   RO         4231    i.Ymodem_Recive_Callback  ymodem.o
    0x08001678   0x08001678   0x00000010   Code   RO         4232    i.Ymodem_init       ymodem.o
    0x08001688   0x08001688   0x000003ac   Code   RO         4618    i.all_gpio_init     gpio_drv.o
    0x08001a34   0x08001a34   0x00000038   Code   RO         4169    i.delay_us          system_time.o
    0x08001a6c   0x08001a6c   0x000000b8   Code   RO         1596    i.exti_init         gd32f30x_exti.o
    0x08001b24   0x08001b24   0x00000024   Code   RO         1600    i.exti_interrupt_flag_get  gd32f30x_exti.o
    0x08001b48   0x08001b48   0x00000022   Code   RO         1679    i.fmc_bank0_ready_wait  gd32f30x_fmc.o
    0x08001b6a   0x08001b6a   0x00000002   PAD
    0x08001b6c   0x08001b6c   0x00000030   Code   RO         1680    i.fmc_bank0_state_get  gd32f30x_fmc.o
    0x08001b9c   0x08001b9c   0x00000022   Code   RO         1684    i.fmc_bank1_ready_wait  gd32f30x_fmc.o
    0x08001bbe   0x08001bbe   0x00000002   PAD
    0x08001bc0   0x08001bc0   0x00000030   Code   RO         1685    i.fmc_bank1_state_get  gd32f30x_fmc.o
    0x08001bf0   0x08001bf0   0x0000002c   Code   RO         1694    i.fmc_lock          gd32f30x_fmc.o
    0x08001c1c   0x08001c1c   0x000000e4   Code   RO         1696    i.fmc_page_erase    gd32f30x_fmc.o
    0x08001d00   0x08001d00   0x00000044   Code   RO         1697    i.fmc_unlock        gd32f30x_fmc.o
    0x08001d44   0x08001d44   0x000000b8   Code   RO         1698    i.fmc_word_program  gd32f30x_fmc.o
    0x08001dfc   0x08001dfc   0x00000020   Code   RO         4619    i.get_gpio_struct   gpio_drv.o
    0x08001e1c   0x08001e1c   0x00000004   Code   RO         1952    i.gpio_bit_reset    gd32f30x_gpio.o
    0x08001e20   0x08001e20   0x00000004   Code   RO         1953    i.gpio_bit_set      gd32f30x_gpio.o
    0x08001e24   0x08001e24   0x0000000e   Code   RO         4620    i.gpio_bit_toggle   gpio_drv.o
    0x08001e32   0x08001e32   0x000000bc   Code   RO         1962    i.gpio_init         gd32f30x_gpio.o
    0x08001eee   0x08001eee   0x00000010   Code   RO         1963    i.gpio_input_bit_get  gd32f30x_gpio.o
    0x08001efe   0x08001efe   0x00000002   PAD
    0x08001f00   0x08001f00   0x00000144   Code   RO          219    i.main              main.o
    0x08002044   0x08002044   0x000000c4   Code   RO         2280    i.nvic_irq_enable   gd32f30x_misc.o
    0x08002108   0x08002108   0x00000014   Code   RO         2281    i.nvic_priority_group_set  gd32f30x_misc.o
    0x0800211c   0x0800211c   0x00000158   Code   RO         2479    i.rcu_clock_freq_get  gd32f30x_rcu.o
    0x08002274   0x08002274   0x00000078   Code   RO         2481    i.rcu_deinit        gd32f30x_rcu.o
    0x080022ec   0x080022ec   0x00000024   Code   RO         2482    i.rcu_flag_get      gd32f30x_rcu.o
    0x08002310   0x08002310   0x00000110   Code   RO         2495    i.rcu_osci_stab_wait  gd32f30x_rcu.o
    0x08002420   0x08002420   0x00000020   Code   RO         2497    i.rcu_periph_clock_enable  gd32f30x_rcu.o
    0x08002440   0x08002440   0x00000020   Code   RO         2500    i.rcu_periph_reset_disable  gd32f30x_rcu.o
    0x08002460   0x08002460   0x00000020   Code   RO         2501    i.rcu_periph_reset_enable  gd32f30x_rcu.o
    0x08002480   0x08002480   0x00000020   Code   RO         4328    i.spi_Send_byte     ws2812_drv.o
    0x080024a0   0x080024a0   0x0000000a   Code   RO         3121    i.spi_enable        gd32f30x_spi.o
    0x080024aa   0x080024aa   0x00000004   Code   RO         3124    i.spi_i2s_data_transmit  gd32f30x_spi.o
    0x080024ae   0x080024ae   0x00000002   PAD
    0x080024b0   0x080024b0   0x00000058   Code   RO         3125    i.spi_i2s_deinit    gd32f30x_spi.o
    0x08002508   0x08002508   0x00000010   Code   RO         3126    i.spi_i2s_flag_get  gd32f30x_spi.o
    0x08002518   0x08002518   0x00000032   Code   RO         3130    i.spi_init          gd32f30x_spi.o
    0x0800254a   0x0800254a   0x00000012   Code   RO         3137    i.spi_struct_para_init  gd32f30x_spi.o
    0x0800255c   0x0800255c   0x00000110   Code   RO          178    i.system_clock_120m_hxtal  system_gd32f30x.o
    0x0800266c   0x0800266c   0x00000008   Code   RO          179    i.system_clock_config  system_gd32f30x.o
    0x08002674   0x08002674   0x000000ac   Code   RO         4460    i.usart2_init       usart_drv.o
    0x08002720   0x08002720   0x00000020   Code   RO         4461    i.usart2_send_byte  usart_drv.o
    0x08002740   0x08002740   0x00000090   Code   RO         3795    i.usart_baudrate_set  gd32f30x_usart.o
    0x080027d0   0x080027d0   0x0000000a   Code   RO         3798    i.usart_data_receive  gd32f30x_usart.o
    0x080027da   0x080027da   0x00000008   Code   RO         3799    i.usart_data_transmit  gd32f30x_usart.o
    0x080027e2   0x080027e2   0x00000002   PAD
    0x080027e4   0x080027e4   0x00000090   Code   RO         3800    i.usart_deinit      gd32f30x_usart.o
    0x08002874   0x08002874   0x0000000a   Code   RO         3804    i.usart_enable      gd32f30x_usart.o
    0x0800287e   0x0800287e   0x0000001e   Code   RO         3806    i.usart_flag_get    gd32f30x_usart.o
    0x0800289c   0x0800289c   0x00000010   Code   RO         3810    i.usart_hardware_flow_cts_config  gd32f30x_usart.o
    0x080028ac   0x080028ac   0x00000010   Code   RO         3811    i.usart_hardware_flow_rts_config  gd32f30x_usart.o
    0x080028bc   0x080028bc   0x0000001a   Code   RO         3813    i.usart_interrupt_enable  gd32f30x_usart.o
    0x080028d6   0x080028d6   0x0000001a   Code   RO         3814    i.usart_interrupt_flag_clear  gd32f30x_usart.o
    0x080028f0   0x080028f0   0x00000038   Code   RO         3815    i.usart_interrupt_flag_get  gd32f30x_usart.o
    0x08002928   0x08002928   0x00000010   Code   RO         3826    i.usart_parity_config  gd32f30x_usart.o
    0x08002938   0x08002938   0x00000010   Code   RO         3828    i.usart_receive_config  gd32f30x_usart.o
    0x08002948   0x08002948   0x00000010   Code   RO         3838    i.usart_stop_bit_set  gd32f30x_usart.o
    0x08002958   0x08002958   0x00000010   Code   RO         3842    i.usart_transmit_config  gd32f30x_usart.o
    0x08002968   0x08002968   0x00000010   Code   RO         3843    i.usart_word_length_set  gd32f30x_usart.o
    0x08002978   0x08002978   0x000000d0   Code   RO         4329    i.ws2812_Control    ws2812_drv.o
    0x08002a48   0x08002a48   0x00000008   Code   RO         4330    i.ws2812_Init       ws2812_drv.o
    0x08002a50   0x08002a50   0x0000006c   Code   RO         4331    i.ws2812_spi_init   ws2812_drv.o
    0x08002abc   0x08002abc   0x00000018   Code   RO         5087    x$fpl$dcmpinf       fz_wm.l(dcmpi.o)
    0x08002ad4   0x08002ad4   0x00000078   Code   RO         5065    x$fpl$dleqf         fz_wm.l(dleqf.o)
    0x08002b4c   0x08002b4c   0x0000009c   Code   RO         5089    x$fpl$dnaninf       fz_wm.l(dnaninf.o)
    0x08002be8   0x08002be8   0x0000000c   Code   RO         5067    x$fpl$dretinf       fz_wm.l(dretinf.o)
    0x08002bf4   0x08002bf4   0x0000006c   Code   RO         5060    x$fpl$drleqf        fz_wm.l(drleqf.o)
    0x08002c60   0x08002c60   0x00000056   Code   RO         5062    x$fpl$f2d           fz_wm.l(f2d.o)
    0x08002cb6   0x08002cb6   0x0000008c   Code   RO         5069    x$fpl$fnaninf       fz_wm.l(fnaninf.o)
    0x08002d42   0x08002d42   0x0000000a   Code   RO         5160    x$fpl$fpinit        fz_wm.l(fpinit.o)
    0x08002d4c   0x08002d4c   0x00000000   Code   RO         5071    x$fpl$usenofp       fz_wm.l(usenofp.o)
    0x08002d4c   0x08002d4c   0x00000020   Data   RO         5228    Region$$Table       anon$$obj.o


    Execution Region RW_IRAM1 (Exec base: 0x20000000, Load base: 0x08002d6c, Size: 0x00001368, Max: 0x0000c000, ABSOLUTE)

    Exec Addr    Load Addr    Size         Type   Attr      Idx    E Section Name        Object

    0x20000000   0x08002d6c   0x00000004   Data   RW          180    .data               system_gd32f30x.o
    0x20000004   0x08002d70   0x00000010   Data   RW          220    .data               main.o
    0x20000014   0x08002d80   0x0000000a   Data   RW         4170    .data               system_time.o
    0x2000001e   0x08002d8a   0x00000002   PAD
    0x20000020   0x08002d8c   0x00000010   Data   RW         4234    .data               ymodem.o
    0x20000030   0x08002d9c   0x00000008   Data   RW         4374    .data               exti_drv.o
    0x20000038   0x08002da4   0x0000000c   Data   RW         4462    .data               usart_drv.o
    0x20000044        -       0x00000914   Zero   RW         4233    .bss                ymodem.o
    0x20000958        -       0x00000030   Zero   RW         4332    .bss                ws2812_drv.o
    0x20000988        -       0x00000180   Zero   RW         4621    .bss                gpio_drv.o
    0x20000b08        -       0x00000060   Zero   RW         5102    .bss                c_w.l(libspace.o)
    0x20000b68        -       0x00000400   Zero   RW          168    HEAP                startup_gd32f30x_hd.o
    0x20000f68        -       0x00000400   Zero   RW          167    STACK               startup_gd32f30x_hd.o


==============================================================================

Image component sizes


      Code (inc. data)   RO Data    RW Data    ZI Data      Debug   Object Name

        84         12          0          8          0       1848   exti_drv.o
       174          4          0          0          0       2188   flash_drv.o
       220         10          0          0          0       1518   gd32f30x_exti.o
       688         70          0          0          0       5470   gd32f30x_fmc.o
       212          0          0          0          0       2901   gd32f30x_gpio.o
        24          0          0          0          0      51896   gd32f30x_it.o
       216         20          0          0          0       1532   gd32f30x_misc.o
       868         72          0          0          0       5377   gd32f30x_rcu.o
       186          6          0          0          0       4739   gd32f30x_spi.o
       566         16          0          0          0      11076   gd32f30x_usart.o
      4046       1060          0          0        384      47735   gpio_drv.o
       444         36          0         16          0       7440   main.o
       128          0          0          0          0       2429   ringbuffer.o
        64         26        304          0       2048        916   startup_gd32f30x_hd.o
       404         30          0          4          0       2747   system_gd32f30x.o
       380         60          0         10          0      30679   system_time.o
       384         58          0         12          0       4300   usart_drv.o
       356         18          0          0         48       3350   ws2812_drv.o
       796         44          0         16       2324       6803   ymodem.o

    ----------------------------------------------------------------------
     10254       1542        336         68       4804     194944   Object Totals
         0          0         32          0          0          0   (incl. Generated)
        14          0          0          2          0          0   (incl. Padding)

    ----------------------------------------------------------------------

      Code (inc. data)   RO Data    RW Data    ZI Data      Debug   Library Member Name

         8          0          0          0          0         68   __main.o
         0          0          0          0          0          0   __rtentry.o
        12          0          0          0          0          0   __rtentry2.o
         6          0          0          0          0          0   __rtentry4.o
        52          8          0          0          0          0   __scatter.o
        26          0          0          0          0          0   __scatter_copy.o
        28          0          0          0          0          0   __scatter_zi.o
        18          0          0          0          0         80   exit.o
         6          0          0          0          0        152   heapauxi.o
         0          0          0          0          0          0   indicate_semi.o
         2          0          0          0          0          0   libinit.o
         6          0          0          0          0          0   libinit2.o
         2          0          0          0          0          0   libshutdown.o
         2          0          0          0          0          0   libshutdown2.o
         8          4          0          0         96         68   libspace.o
       100          0          0          0          0         80   rt_memcpy_w.o
         2          0          0          0          0          0   rtexit.o
        10          0          0          0          0          0   rtexit2.o
        12          4          0          0          0         68   sys_exit.o
        74          0          0          0          0         80   sys_stackheap_outer.o
         2          0          0          0          0         68   use_no_semi.o
        24          0          0          0          0        116   dcmpi.o
       120          4          0          0          0        140   dleqf.o
       156          4          0          0          0        140   dnaninf.o
        12          0          0          0          0        116   dretinf.o
       108          0          0          0          0        128   drleqf.o
        86          4          0          0          0        132   f2d.o
       140          4          0          0          0        132   fnaninf.o
        10          0          0          0          0        116   fpinit.o
         0          0          0          0          0          0   usenofp.o

    ----------------------------------------------------------------------
      1038         32          0          0         96       1684   Library Totals
         6          0          0          0          0          0   (incl. Padding)

    ----------------------------------------------------------------------

      Code (inc. data)   RO Data    RW Data    ZI Data      Debug   Library Name

       376         16          0          0         96        664   c_w.l
       656         16          0          0          0       1020   fz_wm.l

    ----------------------------------------------------------------------
      1038         32          0          0         96       1684   Library Totals

    ----------------------------------------------------------------------

==============================================================================


      Code (inc. data)   RO Data    RW Data    ZI Data      Debug   

     11292       1574        336         68       4900     179520   Grand Totals
     11292       1574        336         68       4900     179520   ELF Image Totals
     11292       1574        336         68          0          0   ROM Totals

==============================================================================

    Total RO  Size (Code + RO Data)                11628 (  11.36kB)
    Total RW  Size (RW Data + ZI Data)              4968 (   4.85kB)
    Total ROM Size (Code + RO Data + RW Data)      11696 (  11.42kB)

==============================================================================

